pid_regulator.c:68:13:PID_HandleInit	0	static
pid_regulator.c:83:13:PID_SetKP	0	static
pid_regulator.c:94:13:PID_SetKI	0	static
pid_regulator.c:104:16:PID_GetKP	0	static
pid_regulator.c:114:16:PID_GetKI	0	static
pid_regulator.c:124:16:PID_GetDefaultKP	0	static
pid_regulator.c:134:16:PID_GetDefaultKI	0	static
pid_regulator.c:152:13:PID_SetIntegralTerm	0	static
pid_regulator.c:164:17:PID_GetKPDivisor	0	static
pid_regulator.c:174:17:PID_GetKPDivisorPOW2	0	static
pid_regulator.c:185:13:PID_SetKPDivisorPOW2	0	static
pid_regulator.c:196:17:PID_GetKIDivisor	0	static
pid_regulator.c:206:17:PID_GetKIDivisorPOW2	0	static
pid_regulator.c:232:13:PID_SetLowerIntegralTermLimit	0	static
pid_regulator.c:243:13:PID_SetUpperIntegralTermLimit	0	static
pid_regulator.c:217:13:PID_SetKIDivisorPOW2	16	static
pid_regulator.c:254:13:PID_SetLowerOutputLimit	0	static
pid_regulator.c:265:13:PID_SetUpperOutputLimit	0	static
pid_regulator.c:277:13:PID_SetPrevError	0	static
pid_regulator.c:289:13:PID_SetKD	0	static
pid_regulator.c:299:16:PID_GetKD	0	static
pid_regulator.c:309:17:PID_GetKDDivisor	0	static
pid_regulator.c:319:17:PID_GetKDDivisorPOW2	0	static
pid_regulator.c:330:13:PID_SetKDDivisorPOW2	0	static
pid_regulator.c:351:16:PI_Controller	12	static
pid_regulator.c:452:16:PID_Controller	16	static
