r3_1_f4xx_pwm_curr_fdbk.c:294:13:R3_1_GetPhaseCurrents	16	static
r3_1_f4xx_pwm_curr_fdbk.c:762:13:R3_1_HFCurrentsCalibrationAB	8	static
r3_1_f4xx_pwm_curr_fdbk.c:791:13:R3_1_HFCurrentsCalibrationC	4	static
r3_1_f4xx_pwm_curr_fdbk.c:817:13:R3_1_TurnOnLowSides	12	static
r3_1_f4xx_pwm_curr_fdbk.c:854:13:R3_1_SwitchOnPWM	16	static
r3_1_f4xx_pwm_curr_fdbk.c:907:13:R3_1_SwitchOffPWM	16	static
r3_1_f4xx_pwm_curr_fdbk.c:1436:6:R3_1_RLGetPhaseCurrents	8	static
r3_1_f4xx_pwm_curr_fdbk.c:1477:6:R3_1_RLTurnOnLowSides	8	static
r3_1_f4xx_pwm_curr_fdbk.c:1512:6:R3_1_RLSwitchOnPWM	16	static
r3_1_f4xx_pwm_curr_fdbk.c:118:13:R3_1_Init	8	static
r3_1_f4xx_pwm_curr_fdbk.c:186:13:R3_1_CurrentReadingCalibration	40	static
r3_1_f4xx_pwm_curr_fdbk.c:449:13:R3_1_GetPhaseCurrents_OVM	16	static
r3_1_f4xx_pwm_curr_fdbk.c:956:17:R3_1_WriteTIMRegisters	8	static
r3_1_f4xx_pwm_curr_fdbk.c:1001:17:R3_1_SetADCSampPointCalibration	8	static
r3_1_f4xx_pwm_curr_fdbk.c:1025:17:R3_1_SetADCSampPointSectX	16	static
r3_1_f4xx_pwm_curr_fdbk.c:1092:10:R3_1_SetADCSampPointSectX_OVM	16	static
r3_1_f4xx_pwm_curr_fdbk.c:1160:14:R3_1_TIMx_UP_IRQHandler	12	static
r3_1_f4xx_pwm_curr_fdbk.c:1194:14:R3_1_BRK_IRQHandler	16	static
r3_1_f4xx_pwm_curr_fdbk.c:1216:17:R3_1_IsOverCurrentOccurred	0	static
r3_1_f4xx_pwm_curr_fdbk.c:1236:6:R3_1_RLDetectionModeEnable	4	static
r3_1_f4xx_pwm_curr_fdbk.c:1287:6:R3_1_RLDetectionModeDisable	12	static
r3_1_f4xx_pwm_curr_fdbk.c:1387:10:R3_1_RLDetectionModeSetDuty	4	static
r3_1_f4xx_pwm_curr_fdbk.c:1585:6:RLTurnOnLowSidesAndStart	8	static
r3_1_f4xx_pwm_curr_fdbk.c:1633:6:RLSetADCSampPoint	0	static
