mc_tasks.c:519:13:FOC_Clear	24	static
mc_tasks.c:106:13:MCboot	56	static
mc_tasks.c:555:13:FOC_InitAdditionalMethods	0	static
mc_tasks.c:572:13:FOC_CalcCurrRef	8	static
mc_tasks.c:595:13:TSK_SetChargeBootCapDelayM1	0	static
mc_tasks.c:606:13:TSK_ChargeBootCapDelayHasElapsedM1	0	static
mc_tasks.c:622:13:TSK_SetStopPermanencyTimeM1	0	static
mc_tasks.c:633:13:TSK_StopPermanencyTimeHasElapsedM1	0	static
mc_tasks.c:295:13:TSK_MediumFrequencyTaskM1	24	static
mc_tasks.c:234:13:MC_Scheduler	16	static
mc_tasks.c:659:16:TSK_HighFrequencyTask	64	static
mc_tasks.c:804:13:TSK_SafetyTask_PWMOFF	24	static
mc_tasks.c:782:13:TSK_SafetyTask	8	static
mc_tasks.c:216:13:MC_RunMotorControlTasks	8	static
mc_tasks.c:863:23:GetMCI	0	static
mc_tasks.c:879:13:TSK_HardwareFaultTask	8	static
mc_tasks.c:891:13:UI_HandleStartStopButton_cb	8	static
mc_tasks.c:909:13:mc_lock_pins	64	static
