Archive member included to satisfy reference by file (symbol)

../../MCSDK_v5.Y.3/MotorControl/lib\libmc-gcc_M4_NoCCMRAM.lib(revup_ctrl.o)
                              ./Application/User/mc_tasks.o (RUC_Init)
../../MCSDK_v5.Y.3/MotorControl/lib\libmc-gcc_M4_NoCCMRAM.lib(sto_pll_speed_pos_fdbk.o)
                              ./Application/User/mc_tasks.o (STO_PLL_CalcElAngle)
e:/stm32cubeide_1.7.0/stm32cubeide/plugins/com.st.stm32cube.ide.mcu.externaltools.gnu-tools-for-stm32.9-2020-q2-update.win32_2.0.0.202105311346/tools/bin/../lib/gcc/arm-none-eabi/9.3.1/../../../../arm-none-eabi/lib/thumb/v7e-m+fp/hard\libc_nano.a(lib_a-errno.o)
                              ./Application/User/syscalls.o (__errno)
e:/stm32cubeide_1.7.0/stm32cubeide/plugins/com.st.stm32cube.ide.mcu.externaltools.gnu-tools-for-stm32.9-2020-q2-update.win32_2.0.0.202105311346/tools/bin/../lib/gcc/arm-none-eabi/9.3.1/../../../../arm-none-eabi/lib/thumb/v7e-m+fp/hard\libc_nano.a(lib_a-exit.o)
                              e:/stm32cubeide_1.7.0/stm32cubeide/plugins/com.st.stm32cube.ide.mcu.externaltools.gnu-tools-for-stm32.9-2020-q2-update.win32_2.0.0.202105311346/tools/bin/../lib/gcc/arm-none-eabi/9.3.1/../../../../arm-none-eabi/lib/thumb/v7e-m+fp/hard/crt0.o (exit)
e:/stm32cubeide_1.7.0/stm32cubeide/plugins/com.st.stm32cube.ide.mcu.externaltools.gnu-tools-for-stm32.9-2020-q2-update.win32_2.0.0.202105311346/tools/bin/../lib/gcc/arm-none-eabi/9.3.1/../../../../arm-none-eabi/lib/thumb/v7e-m+fp/hard\libc_nano.a(lib_a-impure.o)
                              e:/stm32cubeide_1.7.0/stm32cubeide/plugins/com.st.stm32cube.ide.mcu.externaltools.gnu-tools-for-stm32.9-2020-q2-update.win32_2.0.0.202105311346/tools/bin/../lib/gcc/arm-none-eabi/9.3.1/../../../../arm-none-eabi/lib/thumb/v7e-m+fp/hard\libc_nano.a(lib_a-exit.o) (_global_impure_ptr)
e:/stm32cubeide_1.7.0/stm32cubeide/plugins/com.st.stm32cube.ide.mcu.externaltools.gnu-tools-for-stm32.9-2020-q2-update.win32_2.0.0.202105311346/tools/bin/../lib/gcc/arm-none-eabi/9.3.1/../../../../arm-none-eabi/lib/thumb/v7e-m+fp/hard\libc_nano.a(lib_a-init.o)
                              e:/stm32cubeide_1.7.0/stm32cubeide/plugins/com.st.stm32cube.ide.mcu.externaltools.gnu-tools-for-stm32.9-2020-q2-update.win32_2.0.0.202105311346/tools/bin/../lib/gcc/arm-none-eabi/9.3.1/../../../../arm-none-eabi/lib/thumb/v7e-m+fp/hard/crt0.o (__libc_init_array)
e:/stm32cubeide_1.7.0/stm32cubeide/plugins/com.st.stm32cube.ide.mcu.externaltools.gnu-tools-for-stm32.9-2020-q2-update.win32_2.0.0.202105311346/tools/bin/../lib/gcc/arm-none-eabi/9.3.1/../../../../arm-none-eabi/lib/thumb/v7e-m+fp/hard\libc_nano.a(lib_a-memcpy-stub.o)
                              ./Middlewares/MotorControl/mcpa.o (memcpy)
e:/stm32cubeide_1.7.0/stm32cubeide/plugins/com.st.stm32cube.ide.mcu.externaltools.gnu-tools-for-stm32.9-2020-q2-update.win32_2.0.0.202105311346/tools/bin/../lib/gcc/arm-none-eabi/9.3.1/../../../../arm-none-eabi/lib/thumb/v7e-m+fp/hard\libc_nano.a(lib_a-memset.o)
                              e:/stm32cubeide_1.7.0/stm32cubeide/plugins/com.st.stm32cube.ide.mcu.externaltools.gnu-tools-for-stm32.9-2020-q2-update.win32_2.0.0.202105311346/tools/bin/../lib/gcc/arm-none-eabi/9.3.1/../../../../arm-none-eabi/lib/thumb/v7e-m+fp/hard/crt0.o (memset)
e:/stm32cubeide_1.7.0/stm32cubeide/plugins/com.st.stm32cube.ide.mcu.externaltools.gnu-tools-for-stm32.9-2020-q2-update.win32_2.0.0.202105311346/tools/bin/../lib/gcc/arm-none-eabi/9.3.1/../../../../arm-none-eabi/lib/thumb/v7e-m+fp/hard\libc_nano.a(lib_a-sprintf.o)
                              ./Application/User/main.o (sprintf)
e:/stm32cubeide_1.7.0/stm32cubeide/plugins/com.st.stm32cube.ide.mcu.externaltools.gnu-tools-for-stm32.9-2020-q2-update.win32_2.0.0.202105311346/tools/bin/../lib/gcc/arm-none-eabi/9.3.1/../../../../arm-none-eabi/lib/thumb/v7e-m+fp/hard\libc_nano.a(lib_a-nano-svfprintf.o)
                              e:/stm32cubeide_1.7.0/stm32cubeide/plugins/com.st.stm32cube.ide.mcu.externaltools.gnu-tools-for-stm32.9-2020-q2-update.win32_2.0.0.202105311346/tools/bin/../lib/gcc/arm-none-eabi/9.3.1/../../../../arm-none-eabi/lib/thumb/v7e-m+fp/hard\libc_nano.a(lib_a-sprintf.o) (_svfprintf_r)
e:/stm32cubeide_1.7.0/stm32cubeide/plugins/com.st.stm32cube.ide.mcu.externaltools.gnu-tools-for-stm32.9-2020-q2-update.win32_2.0.0.202105311346/tools/bin/../lib/gcc/arm-none-eabi/9.3.1/../../../../arm-none-eabi/lib/thumb/v7e-m+fp/hard\libc_nano.a(lib_a-nano-vfprintf_i.o)
                              e:/stm32cubeide_1.7.0/stm32cubeide/plugins/com.st.stm32cube.ide.mcu.externaltools.gnu-tools-for-stm32.9-2020-q2-update.win32_2.0.0.202105311346/tools/bin/../lib/gcc/arm-none-eabi/9.3.1/../../../../arm-none-eabi/lib/thumb/v7e-m+fp/hard\libc_nano.a(lib_a-nano-svfprintf.o) (_printf_i)
[...]
Memory Configuration

Name             Origin             Length             Attributes
RAM              0x0000000020000000 0x0000000000018000 xrw
FLASH            0x0000000008000000 0x0000000000080000 xr
*default*        0x0000000000000000 0xffffffffffffffff

Linker script and memory map

LOAD e:/stm32cubeide_1.7.0/stm32cubeide/plugins/com.st.stm32cube.ide.mcu.externaltools.gnu-tools-for-stm32.9-2020-q2-update.win32_2.0.0.202105311346/tools/bin/../lib/gcc/arm-none-eabi/9.3.1/thumb/v7e-m+fp/hard/crti.o
LOAD e:/stm32cubeide_1.7.0/stm32cubeide/plugins/com.st.stm32cube.ide.mcu.externaltools.gnu-tools-for-stm32.9-2020-q2-update.win32_2.0.0.202105311346/tools/bin/../lib/gcc/arm-none-eabi/9.3.1/thumb/v7e-m+fp/hard/crtbegin.o
LOAD e:/stm32cubeide_1.7.0/stm32cubeide/plugins/com.st.stm32cube.ide.mcu.externaltools.gnu-tools-for-stm32.9-2020-q2-update.win32_2.0.0.202105311346/tools/bin/../lib/gcc/arm-none-eabi/9.3.1/../../../../arm-none-eabi/lib/thumb/v7e-m+fp/hard/crt0.o
LOAD ./Application/Startup/startup_stm32f401retx.o
LOAD ./Application/User/aspep.o
LOAD ./Application/User/main.o
LOAD ./Application/User/mc_api.o
LOAD ./Application/User/mc_config.o
LOAD ./Application/User/mc_configuration_registers.o
LOAD ./Application/User/mc_interface.o
LOAD ./Application/User/mc_math.o
LOAD ./Application/User/mc_parameters.o
LOAD ./Application/User/mc_tasks.o
LOAD ./Application/User/mcp_config.o
LOAD ./Application/User/motorcontrol.o
LOAD ./Application/User/pwm_curr_fdbk.o
LOAD ./Application/User/register_interface.o
LOAD ./Application/User/regular_conversion_manager.o
LOAD ./Application/User/stm32f4xx_hal_msp.o
LOAD ./Application/User/stm32f4xx_it.o
LOAD ./Application/User/stm32f4xx_mc_it.o
LOAD ./Application/User/syscalls.o
LOAD ./Application/User/sysmem.o
LOAD ./Application/User/usart_aspep_driver.o
LOAD ./Drivers/CMSIS/system_stm32f4xx.o
LOAD ./Drivers/STM32F4xx_HAL_Driver/stm32f4xx_hal.o
LOAD ./Drivers/STM32F4xx_HAL_Driver/stm32f4xx_hal_adc.o
LOAD ./Drivers/STM32F4xx_HAL_Driver/stm32f4xx_hal_adc_ex.o
LOAD ./Drivers/STM32F4xx_HAL_Driver/stm32f4xx_hal_cortex.o
LOAD ./Drivers/STM32F4xx_HAL_Driver/stm32f4xx_hal_dma.o
LOAD ./Drivers/STM32F4xx_HAL_Driver/stm32f4xx_hal_dma_ex.o
LOAD ./Drivers/STM32F4xx_HAL_Driver/stm32f4xx_hal_exti.o
LOAD ./Drivers/STM32F4xx_HAL_Driver/stm32f4xx_hal_flash.o
LOAD ./Drivers/STM32F4xx_HAL_Driver/stm32f4xx_hal_flash_ex.o
LOAD ./Drivers/STM32F4xx_HAL_Driver/stm32f4xx_hal_flash_ramfunc.o
LOAD ./Drivers/STM32F4xx_HAL_Driver/stm32f4xx_hal_gpio.o
LOAD ./Drivers/STM32F4xx_HAL_Driver/stm32f4xx_hal_pwr.o
LOAD ./Drivers/STM32F4xx_HAL_Driver/stm32f4xx_hal_pwr_ex.o
LOAD ./Drivers/STM32F4xx_HAL_Driver/stm32f4xx_hal_rcc.o
LOAD ./Drivers/STM32F4xx_HAL_Driver/stm32f4xx_hal_rcc_ex.o
LOAD ./Drivers/STM32F4xx_HAL_Driver/stm32f4xx_hal_tim.o
LOAD ./Drivers/STM32F4xx_HAL_Driver/stm32f4xx_hal_tim_ex.o
LOAD ./Drivers/STM32F4xx_HAL_Driver/stm32f4xx_hal_uart.o
LOAD ./Drivers/STM32F4xx_HAL_Driver/stm32f4xx_ll_adc.o
LOAD ./Middlewares/MotorControl/bus_voltage_sensor.o
LOAD ./Middlewares/MotorControl/circle_limitation.o
LOAD ./Middlewares/MotorControl/digital_output.o
LOAD ./Middlewares/MotorControl/mcp.o
LOAD ./Middlewares/MotorControl/mcpa.o
LOAD ./Middlewares/MotorControl/motor_power_measurement.o
LOAD ./Middlewares/MotorControl/ntc_temperature_sensor.o
LOAD ./Middlewares/MotorControl/open_loop.o
LOAD ./Middlewares/MotorControl/pid_regulator.o
LOAD ./Middlewares/MotorControl/pqd_motor_power_measurement.o
LOAD ./Middlewares/MotorControl/pwm_common.o
LOAD ./Middlewares/MotorControl/r3_1_f4xx_pwm_curr_fdbk.o
LOAD ./Middlewares/MotorControl/r_divider_bus_voltage_sensor.o
LOAD ./Middlewares/MotorControl/ramp_ext_mngr.o
LOAD ./Middlewares/MotorControl/speed_pos_fdbk.o
LOAD ./Middlewares/MotorControl/speed_torq_ctrl.o
LOAD ./Middlewares/MotorControl/state_machine.o
LOAD ./Middlewares/MotorControl/virtual_speed_sensor.o
LOAD ../../MCSDK_v5.Y.3/MotorControl/lib\libmc-gcc_M4_NoCCMRAM.lib
START GROUP
LOAD e:/stm32cubeide_1.7.0/stm32cubeide/plugins/com.st.stm32cube.ide.mcu.externaltools.gnu-tools-for-stm32.9-2020-q2-update.win32_2.0.0.202105311346/tools/bin/../lib/gcc/arm-none-eabi/9.3.1/../../../../arm-none-eabi/lib/thumb/v7e-m+fp/hard\libc_nano.a
LOAD e:/stm32cubeide_1.7.0/stm32cubeide/plugins/com.st.stm32cube.ide.mcu.externaltools.gnu-tools-for-stm32.9-2020-q2-update.win32_2.0.0.202105311346/tools/bin/../lib/gcc/arm-none-eabi/9.3.1/../../../../arm-none-eabi/lib/thumb/v7e-m+fp/hard\libm.a
END GROUP
START GROUP
LOAD e:/stm32cubeide_1.7.0/stm32cubeide/plugins/com.st.stm32cube.ide.mcu.externaltools.gnu-tools-for-stm32.9-2020-q2-update.win32_2.0.0.202105311346/tools/bin/../lib/gcc/arm-none-eabi/9.3.1/thumb/v7e-m+fp/hard\libgcc.a
LOAD e:/stm32cubeide_1.7.0/stm32cubeide/plugins/com.st.stm32cube.ide.mcu.externaltools.gnu-tools-for-stm32.9-2020-q2-update.win32_2.0.0.202105311346/tools/bin/../lib/gcc/arm-none-eabi/9.3.1/../../../../arm-none-eabi/lib/thumb/v7e-m+fp/hard\libc_nano.a
END GROUP
START GROUP
LOAD e:/stm32cubeide_1.7.0/stm32cubeide/plugins/com.st.stm32cube.ide.mcu.externaltools.gnu-tools-for-stm32.9-2020-q2-update.win32_2.0.0.202105311346/tools/bin/../lib/gcc/arm-none-eabi/9.3.1/thumb/v7e-m+fp/hard\libgcc.a
LOAD e:/stm32cubeide_1.7.0/stm32cubeide/plugins/com.st.stm32cube.ide.mcu.externaltools.gnu-tools-for-stm32.9-2020-q2-update.win32_2.0.0.202105311346/tools/bin/../lib/gcc/arm-none-eabi/9.3.1/../../../../arm-none-eabi/lib/thumb/v7e-m+fp/hard\libc_nano.a
LOAD e:/stm32cubeide_1.7.0/stm32cubeide/plugins/com.st.stm32cube.ide.mcu.externaltools.gnu-tools-for-stm32.9-2020-q2-update.win32_2.0.0.202105311346/tools/bin/../lib/gcc/arm-none-eabi/9.3.1/../../../../arm-none-eabi/lib/thumb/v7e-m+fp/hard\libnosys.a
END GROUP
START GROUP
LOAD e:/stm32cubeide_1.7.0/stm32cubeide/plugins/com.st.stm32cube.ide.mcu.externaltools.gnu-tools-for-stm32.9-2020-q2-update.win32_2.0.0.202105311346/tools/bin/../lib/gcc/arm-none-eabi/9.3.1/thumb/v7e-m+fp/hard\libgcc.a
LOAD e:/stm32cubeide_1.7.0/stm32cubeide/plugins/com.st.stm32cube.ide.mcu.externaltools.gnu-tools-for-stm32.9-2020-q2-update.win32_2.0.0.202105311346/tools/bin/../lib/gcc/arm-none-eabi/9.3.1/../../../../arm-none-eabi/lib/thumb/v7e-m+fp/hard\libc_nano.a
LOAD e:/stm32cubeide_1.7.0/stm32cubeide/plugins/com.st.stm32cube.ide.mcu.externaltools.gnu-tools-for-stm32.9-2020-q2-update.win32_2.0.0.202105311346/tools/bin/../lib/gcc/arm-none-eabi/9.3.1/../../../../arm-none-eabi/lib/thumb/v7e-m+fp/hard\libnosys.a
END GROUP
LOAD e:/stm32cubeide_1.7.0/stm32cubeide/plugins/com.st.stm32cube.ide.mcu.externaltools.gnu-tools-for-stm32.9-2020-q2-update.win32_2.0.0.202105311346/tools/bin/../lib/gcc/arm-none-eabi/9.3.1/thumb/v7e-m+fp/hard/crtend.o
LOAD e:/stm32cubeide_1.7.0/stm32cubeide/plugins/com.st.stm32cube.ide.mcu.externaltools.gnu-tools-for-stm32.9-2020-q2-update.win32_2.0.0.202105311346/tools/bin/../lib/gcc/arm-none-eabi/9.3.1/thumb/v7e-m+fp/hard/crtn.o
                0x0000000020018000                _estack = (ORIGIN (RAM) + LENGTH (RAM))
                0x0000000000000200                _Min_Heap_Size = 0x200
                0x0000000000000400                _Min_Stack_Size = 0x400

.isr_vector     0x0000000008000000      0x194
                0x0000000008000000                . = ALIGN (0x4)
 *(.isr_vector)
 .isr_vector    0x0000000008000000      0x194 ./Application/Startup/startup_stm32f401retx.o
                0x0000000008000000                g_pfnVectors
                0x0000000008000194                . = ALIGN (0x4)

.text           0x00000000080001a0     0x8074
                0x00000000080001a0                . = ALIGN (0x4)
 *(.text)
 .text          0x00000000080001a0       0x40 e:/stm32cubeide_1.7.0/stm32cubeide/plugins/com.st.stm32cube.ide.mcu.externaltools.gnu-tools-for-stm32.9-2020-q2-update.win32_2.0.0.202105311346/tools/bin/../lib/gcc/arm-none-eabi/9.3.1/thumb/v7e-m+fp/hard/crtbegin.o
 .text          0x00000000080001e0       0xa0 e:/stm32cubeide_1.7.0/stm32cubeide/plugins/com.st.stm32cube.ide.mcu.externaltools.gnu-tools-for-stm32.9-2020-q2-update.win32_2.0.0.202105311346/tools/bin/../lib/gcc/arm-none-eabi/9.3.1/../../../../arm-none-eabi/lib/thumb/v7e-m+fp/hard\libc_nano.a(lib_a-memchr.o)
                0x00000000080001e0                memchr
 .text          0x0000000008000280       0x30 e:/stm32cubeide_1.7.0/stm32cubeide/plugins/com.st.stm32cube.ide.mcu.externaltools.gnu-tools-for-stm32.9-2020-q2-update.win32_2.0.0.202105311346/tools/bin/../lib/gcc/arm-none-eabi/9.3.1/thumb/v7e-m+fp/hard\libgcc.a(_aeabi_uldivmod.o)
                0x0000000008000280                __aeabi_uldivmod
 .text          0x00000000080002b0      0x2c4 e:/stm32cubeide_1.7.0/stm32cubeide/plugins/com.st.stm32cube.ide.mcu.externaltools.gnu-tools-for-stm32.9-2020-q2-update.win32_2.0.0.202105311346/tools/bin/../lib/gcc/arm-none-eabi/9.3.1/thumb/v7e-m+fp/hard\libgcc.a(_udivmoddi4.o)
                0x00000000080002b0                __udivmoddi4
 .text          0x0000000008000574        0x4 e:/stm32cubeide_1.7.0/stm32cubeide/plugins/com.st.stm32cube.ide.mcu.externaltools.gnu-tools-for-stm32.9-2020-q2-update.win32_2.0.0.202105311346/tools/bin/../lib/gcc/arm-none-eabi/9.3.1/thumb/v7e-m+fp/hard\libgcc.a(_dvmd_tls.o)
                0x0000000008000574                __aeabi_idiv0
                0x0000000008000574                __aeabi_ldiv0
 *(.text*)
 .text.Reset_Handler
                0x0000000008000578       0x50 ./Application/Startup/startup_stm32f401retx.o
                0x0000000008000578                Reset_Handler
 .text.Default_Handler
                0x00000000080005c8        0x2 ./Application/Startup/startup_stm32f401retx.o
                0x00000000080005c8                RTC_Alarm_IRQHandler
                0x00000000080005c8                EXTI2_IRQHandler
                0x00000000080005c8                DebugMon_Handler
                0x00000000080005c8                SPI4_IRQHandler
                0x00000000080005c8                TIM1_CC_IRQHandler
                0x00000000080005c8                DMA2_Stream5_IRQHandler
                0x00000000080005c8                PVD_IRQHandler
                0x00000000080005c8                SDIO_IRQHandler
                0x00000000080005c8                TAMP_STAMP_IRQHandler
                0x00000000080005c8                PendSV_Handler
                0x00000000080005c8                NMI_Handler
                0x00000000080005c8                EXTI3_IRQHandler
                0x00000000080005c8                I2C3_ER_IRQHandler
                0x00000000080005c8                EXTI0_IRQHandler
                0x00000000080005c8                I2C2_EV_IRQHandler
                0x00000000080005c8                DMA1_Stream2_IRQHandler
                0x00000000080005c8                FPU_IRQHandler
                0x00000000080005c8                UsageFault_Handler
                0x00000000080005c8                DMA2_Stream2_IRQHandler
                0x00000000080005c8                SPI1_IRQHandler
                0x00000000080005c8                DMA2_Stream3_IRQHandler
                0x00000000080005c8                USART6_IRQHandler
                0x00000000080005c8                DMA2_Stream0_IRQHandler
                0x00000000080005c8                TIM4_IRQHandler
                0x00000000080005c8                I2C1_EV_IRQHandler
                0x00000000080005c8                DMA1_Stream6_IRQHandler
                0x00000000080005c8                DMA1_Stream1_IRQHandler
                0x00000000080005c8                TIM3_IRQHandler
                0x00000000080005c8                RCC_IRQHandler
                0x00000000080005c8                Default_Handler
                0x00000000080005c8                DMA1_Stream7_IRQHandler
                0x00000000080005c8                TIM5_IRQHandler
                0x00000000080005c8                DMA2_Stream7_IRQHandler
                0x00000000080005c8                I2C3_EV_IRQHandler
                0x00000000080005c8                EXTI9_5_IRQHandler
                0x00000000080005c8                RTC_WKUP_IRQHandler
                0x00000000080005c8                SPI2_IRQHandler
                0x00000000080005c8                MemManage_Handler
                0x00000000080005c8                DMA1_Stream0_IRQHandler
                0x00000000080005c8                SVC_Handler
                0x00000000080005c8                EXTI4_IRQHandler
                0x00000000080005c8                WWDG_IRQHandler
                0x00000000080005c8                TIM2_IRQHandler
                0x00000000080005c8                OTG_FS_WKUP_IRQHandler
                0x00000000080005c8                TIM1_TRG_COM_TIM11_IRQHandler
                0x00000000080005c8                EXTI1_IRQHandler
                0x00000000080005c8                I2C2_ER_IRQHandler
                0x00000000080005c8                DMA2_Stream1_IRQHandler
                0x00000000080005c8                FLASH_IRQHandler
                0x00000000080005c8                DMA2_Stream4_IRQHandler
                0x00000000080005c8                BusFault_Handler
                0x00000000080005c8                USART1_IRQHandler
                0x00000000080005c8                OTG_FS_IRQHandler
                0x00000000080005c8                SPI3_IRQHandler
                0x00000000080005c8                DMA1_Stream4_IRQHandler
                0x00000000080005c8                I2C1_ER_IRQHandler
                0x00000000080005c8                DMA2_Stream6_IRQHandler
                0x00000000080005c8                DMA1_Stream3_IRQHandler
 *fill*         0x00000000080005ca        0x2 
 .text.ASPEP_start
                0x00000000080005cc       0x24 ./Application/User/aspep.o
                0x00000000080005cc                ASPEP_start
 .text.ASPEP_sendBeacon
                0x00000000080005f0       0x84 ./Application/User/aspep.o
                0x00000000080005f0                ASPEP_sendBeacon
 .text.ASPEP_sendPing
                0x0000000008000674       0x8c ./Application/User/aspep.o
                0x0000000008000674                ASPEP_sendPing
 .text.ASPEP_getBuffer
                0x0000000008000700       0x6c ./Application/User/aspep.o
                0x0000000008000700                ASPEP_getBuffer
 .text.ASPEP_sendPacket
                0x000000000800076c      0x11c ./Application/User/aspep.o
                0x000000000800076c                ASPEP_sendPacket
 .text.ASPEP_RXframeProcess
                0x0000000008000888      0x2ac ./Application/User/aspep.o
                0x0000000008000888                ASPEP_RXframeProcess
 .text.ASPEP_HWDataReceivedIT
                0x0000000008000b34       0xa0 ./Application/User/aspep.o
                0x0000000008000b34                ASPEP_HWDataReceivedIT
 .text.SystemClock_Config
                0x0000000008000bd4       0xac ./Application/User/main.o
                0x0000000008000bd4                SystemClock_Config
 .text.startup.main
                0x0000000008000c80      0x528 ./Application/User/main.o
                0x0000000008000c80                main
 .text.HAL_UART_RxCpltCallback
                0x00000000080011a8      0x25c ./Application/User/main.o
                0x00000000080011a8                HAL_UART_RxCpltCallback
 .text.MC_StartMotor1
                0x0000000008001404        0xc ./Application/User/mc_api.o
                0x0000000008001404                MC_StartMotor1
 .text.MC_StopMotor1
                0x0000000008001410        0xc ./Application/User/mc_api.o
                0x0000000008001410                MC_StopMotor1
 .text.MC_ProgramSpeedRampMotor1
                0x000000000800141c       0x10 ./Application/User/mc_api.o
                0x000000000800141c                MC_ProgramSpeedRampMotor1
 .text.MC_GetMecSpeedReferenceMotor1
                0x000000000800142c        0xc ./Application/User/mc_api.o
                0x000000000800142c                MC_GetMecSpeedReferenceMotor1
 .text.MC_GetMecSpeedAverageMotor1
                0x0000000008001438        0xc ./Application/User/mc_api.o
                0x0000000008001438                MC_GetMecSpeedAverageMotor1
 .text.MC_GetPhaseCurrentAmplitudeMotor1
                0x0000000008001444        0xc ./Application/User/mc_api.o
                0x0000000008001444                MC_GetPhaseCurrentAmplitudeMotor1
 .text.MC_GetPhaseVoltageAmplitudeMotor1
                0x0000000008001450        0xc ./Application/User/mc_api.o
                0x0000000008001450                MC_GetPhaseVoltageAmplitudeMotor1
 .text.MC_GetSTMStateMotor1
                0x000000000800145c        0xc ./Application/User/mc_api.o
                0x000000000800145c                MC_GetSTMStateMotor1
 .text.MCI_Init
                0x0000000008001468       0x1c ./Application/User/mc_interface.o
                0x0000000008001468                MCI_Init
 .text.MCI_ExecSpeedRamp
                0x0000000008001484       0x18 ./Application/User/mc_interface.o
                0x0000000008001484                MCI_ExecSpeedRamp
 .text.MCI_ExecTorqueRamp
                0x000000000800149c       0x14 ./Application/User/mc_interface.o
                0x000000000800149c                MCI_ExecTorqueRamp
 .text.MCI_SetCurrentReferences
                0x00000000080014b0       0x14 ./Application/User/mc_interface.o
                0x00000000080014b0                MCI_SetCurrentReferences
 .text.MCI_StartMotor
                0x00000000080014c4       0x14 ./Application/User/mc_interface.o
                0x00000000080014c4                MCI_StartMotor
 .text.MCI_StopMotor
                0x00000000080014d8        0x8 ./Application/User/mc_interface.o
                0x00000000080014d8                MCI_StopMotor
 .text.MCI_FaultAcknowledged
                0x00000000080014e0        0x8 ./Application/User/mc_interface.o
                0x00000000080014e0                MCI_FaultAcknowledged
 .text.MCI_EncoderAlign
                0x00000000080014e8        0x8 ./Application/User/mc_interface.o
                0x00000000080014e8                MCI_EncoderAlign
 .text.MCI_ExecBufferedCommands
                0x00000000080014f0       0x78 ./Application/User/mc_interface.o
                0x00000000080014f0                MCI_ExecBufferedCommands
 .text.MCI_GetSTMState
                0x0000000008001568        0x8 ./Application/User/mc_interface.o
                0x0000000008001568                MCI_GetSTMState
 .text.MCI_GetControlMode
                0x0000000008001570        0x4 ./Application/User/mc_interface.o
                0x0000000008001570                MCI_GetControlMode
 .text.MCI_GetImposedMotorDirection
                0x0000000008001574       0x44 ./Application/User/mc_interface.o
                0x0000000008001574                MCI_GetImposedMotorDirection
 .text.MCI_GetLastRampFinalSpeed
                0x00000000080015b8        0x8 ./Application/User/mc_interface.o
                0x00000000080015b8                MCI_GetLastRampFinalSpeed
 .text.MCI_GetLastRampFinalTorque
                0x00000000080015c0        0x8 ./Application/User/mc_interface.o
                0x00000000080015c0                MCI_GetLastRampFinalTorque
 .text.MCI_GetLastRampFinalDuration
                0x00000000080015c8        0x4 ./Application/User/mc_interface.o
                0x00000000080015c8                MCI_GetLastRampFinalDuration
 .text.MCI_StopRamp
                0x00000000080015cc        0x8 ./Application/User/mc_interface.o
                0x00000000080015cc                MCI_StopRamp
 .text.MCI_GetAvrgMecSpeedUnit
                0x00000000080015d4       0x10 ./Application/User/mc_interface.o
                0x00000000080015d4                MCI_GetAvrgMecSpeedUnit
 .text.MCI_GetMecSpeedRefUnit
                0x00000000080015e4        0x8 ./Application/User/mc_interface.o
                0x00000000080015e4                MCI_GetMecSpeedRefUnit
 .text.MCI_GetIab
                0x00000000080015ec       0x1c ./Application/User/mc_interface.o
                0x00000000080015ec                MCI_GetIab
 .text.MCI_GetIalphabeta
                0x0000000008001608       0x1c ./Application/User/mc_interface.o
                0x0000000008001608                MCI_GetIalphabeta
 .text.MCI_GetIqd
                0x0000000008001624       0x1c ./Application/User/mc_interface.o
                0x0000000008001624                MCI_GetIqd
 .text.MCI_GetIqdref
                0x0000000008001640       0x1c ./Application/User/mc_interface.o
                0x0000000008001640                MCI_GetIqdref
 .text.MCI_GetVqd
                0x000000000800165c       0x1c ./Application/User/mc_interface.o
                0x000000000800165c                MCI_GetVqd
 .text.MCI_GetValphabeta
                0x0000000008001678       0x1c ./Application/User/mc_interface.o
                0x0000000008001678                MCI_GetValphabeta
 .text.MCI_GetTeref
                0x0000000008001694        0x8 ./Application/User/mc_interface.o
                0x0000000008001694                MCI_GetTeref
 .text.MCI_GetPhaseCurrentAmplitude
                0x000000000800169c       0x28 ./Application/User/mc_interface.o
                0x000000000800169c                MCI_GetPhaseCurrentAmplitude
 .text.MCI_GetPhaseVoltageAmplitude
                0x00000000080016c4       0x28 ./Application/User/mc_interface.o
                0x00000000080016c4                MCI_GetPhaseVoltageAmplitude
 .text.MCI_Clear_Iqdref
                0x00000000080016ec       0x14 ./Application/User/mc_interface.o
                0x00000000080016ec                MCI_Clear_Iqdref
 .text.MCM_Clarke
                0x0000000008001700       0x54 ./Application/User/mc_math.o
                0x0000000008001700                MCM_Clarke
 .text.MCM_Trig_Functions
                0x0000000008001754       0x98 ./Application/User/mc_math.o
                0x0000000008001754                MCM_Trig_Functions
 .text.MCM_Park
                0x00000000080017ec       0x84 ./Application/User/mc_math.o
                0x00000000080017ec                MCM_Park
 .text.MCM_Rev_Park
                0x0000000008001870       0x40 ./Application/User/mc_math.o
                0x0000000008001870                MCM_Rev_Park
 .text.MCM_Sqrt
                0x00000000080018b0       0x70 ./Application/User/mc_math.o
                0x00000000080018b0                MCM_Sqrt
 .text.FOC_Clear
                0x0000000008001920       0x88 ./Application/User/mc_tasks.o
                0x0000000008001920                FOC_Clear
 .text.MCboot   0x00000000080019a8      0x148 ./Application/User/mc_tasks.o
                0x00000000080019a8                MCboot
 .text.FOC_InitAdditionalMethods
                0x0000000008001af0        0x4 ./Application/User/mc_tasks.o
                0x0000000008001af0                FOC_InitAdditionalMethods
 .text.FOC_CalcCurrRef
                0x0000000008001af4       0x2c ./Application/User/mc_tasks.o
                0x0000000008001af4                FOC_CalcCurrRef
 .text.TSK_SetChargeBootCapDelayM1
                0x0000000008001b20        0xc ./Application/User/mc_tasks.o
                0x0000000008001b20                TSK_SetChargeBootCapDelayM1
 .text.TSK_ChargeBootCapDelayHasElapsedM1
                0x0000000008001b2c       0x14 ./Application/User/mc_tasks.o
                0x0000000008001b2c                TSK_ChargeBootCapDelayHasElapsedM1
 .text.TSK_SetStopPermanencyTimeM1
                0x0000000008001b40        0xc ./Application/User/mc_tasks.o
                0x0000000008001b40                TSK_SetStopPermanencyTimeM1
 .text.TSK_StopPermanencyTimeHasElapsedM1
                0x0000000008001b4c       0x14 ./Application/User/mc_tasks.o
                0x0000000008001b4c                TSK_StopPermanencyTimeHasElapsedM1
 .text.TSK_MediumFrequencyTaskM1
                0x0000000008001b60      0x298 ./Application/User/mc_tasks.o
                0x0000000008001b60                TSK_MediumFrequencyTaskM1
 .text.MC_Scheduler
                0x0000000008001df8       0x90 ./Application/User/mc_tasks.o
                0x0000000008001df8                MC_Scheduler
 .text.TSK_HighFrequencyTask
                0x0000000008001e88      0x1a0 ./Application/User/mc_tasks.o
                0x0000000008001e88                TSK_HighFrequencyTask
 .text.TSK_SafetyTask_PWMOFF
                0x0000000008002028       0xb4 ./Application/User/mc_tasks.o
                0x0000000008002028                TSK_SafetyTask_PWMOFF
 .text.TSK_SafetyTask
                0x00000000080020dc       0x20 ./Application/User/mc_tasks.o
                0x00000000080020dc                TSK_SafetyTask
 .text.MC_RunMotorControlTasks
                0x00000000080020fc       0x18 ./Application/User/mc_tasks.o
                0x00000000080020fc                MC_RunMotorControlTasks
 .text.TSK_HardwareFaultTask
                0x0000000008002114       0x20 ./Application/User/mc_tasks.o
                0x0000000008002114                TSK_HardwareFaultTask
 .text.UI_HandleStartStopButton_cb
                0x0000000008002134       0x18 ./Application/User/mc_tasks.o
                0x0000000008002134                UI_HandleStartStopButton_cb
 .text.mc_lock_pins
                0x000000000800214c       0xec ./Application/User/mc_tasks.o
                0x000000000800214c                mc_lock_pins
 .text.MX_MotorControl_Init
                0x0000000008002238       0x28 ./Application/User/motorcontrol.o
                0x0000000008002238                MX_MotorControl_Init
 .text.PWMC_GetPhaseCurrents
                0x0000000008002260        0x4 ./Application/User/pwm_curr_fdbk.o
                0x0000000008002260                PWMC_GetPhaseCurrents
 .text.PWMC_SetPhaseVoltage
                0x0000000008002264      0x268 ./Application/User/pwm_curr_fdbk.o
                0x0000000008002264                PWMC_SetPhaseVoltage
 .text.PWMC_SwitchOffPWM
                0x00000000080024cc        0x4 ./Application/User/pwm_curr_fdbk.o
                0x00000000080024cc                PWMC_SwitchOffPWM
 .text.PWMC_CurrentReadingCalibr
                0x00000000080024d0       0x54 ./Application/User/pwm_curr_fdbk.o
                0x00000000080024d0                PWMC_CurrentReadingCalibr
 .text.PWMC_CheckOverCurrent
                0x0000000008002524        0x4 ./Application/User/pwm_curr_fdbk.o
                0x0000000008002524                PWMC_CheckOverCurrent
 .text.RI_SetRegCommandParser
                0x0000000008002528      0x74c ./Application/User/register_interface.o
                0x0000000008002528                RI_SetRegCommandParser
 .text.RI_GetRegCommandParser
                0x0000000008002c74      0x8c4 ./Application/User/register_interface.o
                0x0000000008002c74                RI_GetRegCommandParser
 .text.RI_GetIDSize
                0x0000000008003538       0x18 ./Application/User/register_interface.o
                0x0000000008003538                RI_GetIDSize
 .text.RI_GetPtrReg
                0x0000000008003550      0x1c8 ./Application/User/register_interface.o
                0x0000000008003550                RI_GetPtrReg
 .text.RCM_RegisterRegConv
                0x0000000008003718      0x1a4 ./Application/User/regular_conversion_manager.o
                0x0000000008003718                RCM_RegisterRegConv
 .text.RCM_ExecRegularConv
                0x00000000080038bc       0x74 ./Application/User/regular_conversion_manager.o
                0x00000000080038bc                RCM_ExecRegularConv
 .text.RCM_ExecUserConv
                0x0000000008003930       0x54 ./Application/User/regular_conversion_manager.o
                0x0000000008003930                RCM_ExecUserConv
 .text.HAL_MspInit
                0x0000000008003984       0x3c ./Application/User/stm32f4xx_hal_msp.o
                0x0000000008003984                HAL_MspInit
 .text.HAL_ADC_MspInit
                0x00000000080039c0       0x90 ./Application/User/stm32f4xx_hal_msp.o
                0x00000000080039c0                HAL_ADC_MspInit
 .text.HAL_TIM_Base_MspInit
                0x0000000008003a50       0x70 ./Application/User/stm32f4xx_hal_msp.o
                0x0000000008003a50                HAL_TIM_Base_MspInit
 .text.HAL_TIM_MspPostInit
                0x0000000008003ac0       0xa8 ./Application/User/stm32f4xx_hal_msp.o
                0x0000000008003ac0                HAL_TIM_MspPostInit
 .text.HAL_UART_MspInit
                0x0000000008003b68       0x80 ./Application/User/stm32f4xx_hal_msp.o
                0x0000000008003b68                HAL_UART_MspInit
 .text.USART2_IRQHandler
                0x0000000008003be8        0xc ./Application/User/stm32f4xx_it.o
                0x0000000008003be8                USART2_IRQHandler
 .text.ADC_IRQHandler
                0x0000000008003bf4       0x1c ./Application/User/stm32f4xx_mc_it.o
                0x0000000008003bf4                ADC_IRQHandler
 .text.TIM1_UP_TIM10_IRQHandler
                0x0000000008003c10       0x18 ./Application/User/stm32f4xx_mc_it.o
                0x0000000008003c10                TIM1_UP_TIM10_IRQHandler
 .text.TIM1_BRK_TIM9_IRQHandler
                0x0000000008003c28       0x28 ./Application/User/stm32f4xx_mc_it.o
                0x0000000008003c28                TIM1_BRK_TIM9_IRQHandler
 .text.DMA1_Stream5_IRQHandler
                0x0000000008003c50       0x24 ./Application/User/stm32f4xx_mc_it.o
                0x0000000008003c50                DMA1_Stream5_IRQHandler
 .text.HardFault_Handler
                0x0000000008003c74        0x8 ./Application/User/stm32f4xx_mc_it.o
                0x0000000008003c74                HardFault_Handler
 .text.SysTick_Handler
                0x0000000008003c7c       0x30 ./Application/User/stm32f4xx_mc_it.o
                0x0000000008003c7c                SysTick_Handler
 .text.EXTI15_10_IRQHandler
                0x0000000008003cac       0x18 ./Application/User/stm32f4xx_mc_it.o
                0x0000000008003cac                EXTI15_10_IRQHandler
 .text._sbrk    0x0000000008003cc4       0x44 ./Application/User/sysmem.o
                0x0000000008003cc4                _sbrk
 .text.UASPEP_INIT
                0x0000000008003d08       0x94 ./Application/User/usart_aspep_driver.o
                0x0000000008003d08                UASPEP_INIT
 .text.UASPEP_SEND_PACKET
                0x0000000008003d9c       0x6c ./Application/User/usart_aspep_driver.o
                0x0000000008003d9c                UASPEP_SEND_PACKET
 .text.UASPEP_RECEIVE_BUFFER
                0x0000000008003e08       0x28 ./Application/User/usart_aspep_driver.o
                0x0000000008003e08                UASPEP_RECEIVE_BUFFER
 .text.UASPEP_IDLE_ENABLE
                0x0000000008003e30       0x28 ./Application/User/usart_aspep_driver.o
                0x0000000008003e30                UASPEP_IDLE_ENABLE
 .text.SystemInit
                0x0000000008003e58       0x14 ./Drivers/CMSIS/system_stm32f4xx.o
                0x0000000008003e58                SystemInit
 .text.HAL_InitTick
                0x0000000008003e6c       0x48 ./Drivers/STM32F4xx_HAL_Driver/stm32f4xx_hal.o
                0x0000000008003e6c                HAL_InitTick
 .text.HAL_Init
                0x0000000008003eb4       0x34 ./Drivers/STM32F4xx_HAL_Driver/stm32f4xx_hal.o
                0x0000000008003eb4                HAL_Init
 .text.HAL_IncTick
                0x0000000008003ee8       0x18 ./Drivers/STM32F4xx_HAL_Driver/stm32f4xx_hal.o
                0x0000000008003ee8                HAL_IncTick
 .text.HAL_GetTick
                0x0000000008003f00        0xc ./Drivers/STM32F4xx_HAL_Driver/stm32f4xx_hal.o
                0x0000000008003f00                HAL_GetTick
 .text.HAL_Delay
                0x0000000008003f0c       0x24 ./Drivers/STM32F4xx_HAL_Driver/stm32f4xx_hal.o
                0x0000000008003f0c                HAL_Delay
 .text.HAL_ADC_Init
                0x0000000008003f30      0x15c ./Drivers/STM32F4xx_HAL_Driver/stm32f4xx_hal_adc.o
                0x0000000008003f30                HAL_ADC_Init
 .text.HAL_ADC_ConfigChannel
                0x000000000800408c      0x150 ./Drivers/STM32F4xx_HAL_Driver/stm32f4xx_hal_adc.o
                0x000000000800408c                HAL_ADC_ConfigChannel
 .text.HAL_ADCEx_InjectedConfigChannel
                0x00000000080041dc      0x1d0 ./Drivers/STM32F4xx_HAL_Driver/stm32f4xx_hal_adc_ex.o
                0x00000000080041dc                HAL_ADCEx_InjectedConfigChannel
 .text.HAL_NVIC_SetPriorityGrouping
                0x00000000080043ac       0x28 ./Drivers/STM32F4xx_HAL_Driver/stm32f4xx_hal_cortex.o
                0x00000000080043ac                HAL_NVIC_SetPriorityGrouping
 .text.HAL_NVIC_SetPriority
                0x00000000080043d4       0x70 ./Drivers/STM32F4xx_HAL_Driver/stm32f4xx_hal_cortex.o
                0x00000000080043d4                HAL_NVIC_SetPriority
 .text.HAL_NVIC_EnableIRQ
                0x0000000008004444       0x1c ./Drivers/STM32F4xx_HAL_Driver/stm32f4xx_hal_cortex.o
                0x0000000008004444                HAL_NVIC_EnableIRQ
 .text.HAL_SYSTICK_Config
                0x0000000008004460       0x34 ./Drivers/STM32F4xx_HAL_Driver/stm32f4xx_hal_cortex.o
                0x0000000008004460                HAL_SYSTICK_Config
 .text.HAL_SYSTICK_Callback
                0x0000000008004494        0x4 ./Drivers/STM32F4xx_HAL_Driver/stm32f4xx_hal_cortex.o
                0x0000000008004494                HAL_SYSTICK_Callback
 .text.HAL_SYSTICK_IRQHandler
                0x0000000008004498        0x8 ./Drivers/STM32F4xx_HAL_Driver/stm32f4xx_hal_cortex.o
                0x0000000008004498                HAL_SYSTICK_IRQHandler
 .text.HAL_DMA_Abort
                0x00000000080044a0       0x90 ./Drivers/STM32F4xx_HAL_Driver/stm32f4xx_hal_dma.o
                0x00000000080044a0                HAL_DMA_Abort
 .text.HAL_DMA_Abort_IT
                0x0000000008004530       0x24 ./Drivers/STM32F4xx_HAL_Driver/stm32f4xx_hal_dma.o
                0x0000000008004530                HAL_DMA_Abort_IT
 .text.HAL_GPIO_Init
                0x0000000008004554      0x1d8 ./Drivers/STM32F4xx_HAL_Driver/stm32f4xx_hal_gpio.o
                0x0000000008004554                HAL_GPIO_Init
 .text.HAL_GPIO_WritePin
                0x000000000800472c        0x8 ./Drivers/STM32F4xx_HAL_Driver/stm32f4xx_hal_gpio.o
                0x000000000800472c                HAL_GPIO_WritePin
 .text.HAL_RCC_OscConfig
                0x0000000008004734      0x3cc ./Drivers/STM32F4xx_HAL_Driver/stm32f4xx_hal_rcc.o
                0x0000000008004734                HAL_RCC_OscConfig
 .text.HAL_RCC_EnableCSS
                0x0000000008004b00        0xc ./Drivers/STM32F4xx_HAL_Driver/stm32f4xx_hal_rcc.o
                0x0000000008004b00                HAL_RCC_EnableCSS
 .text.HAL_RCC_GetSysClockFreq
                0x0000000008004b0c       0x6c ./Drivers/STM32F4xx_HAL_Driver/stm32f4xx_hal_rcc.o
                0x0000000008004b0c                HAL_RCC_GetSysClockFreq
 .text.HAL_RCC_ClockConfig
                0x0000000008004b78      0x13c ./Drivers/STM32F4xx_HAL_Driver/stm32f4xx_hal_rcc.o
                0x0000000008004b78                HAL_RCC_ClockConfig
 .text.HAL_RCC_GetHCLKFreq
                0x0000000008004cb4        0xc ./Drivers/STM32F4xx_HAL_Driver/stm32f4xx_hal_rcc.o
                0x0000000008004cb4                HAL_RCC_GetHCLKFreq
 .text.HAL_RCC_GetPCLK1Freq
                0x0000000008004cc0       0x20 ./Drivers/STM32F4xx_HAL_Driver/stm32f4xx_hal_rcc.o
                0x0000000008004cc0                HAL_RCC_GetPCLK1Freq
 .text.HAL_RCC_GetPCLK2Freq
                0x0000000008004ce0       0x20 ./Drivers/STM32F4xx_HAL_Driver/stm32f4xx_hal_rcc.o
                0x0000000008004ce0                HAL_RCC_GetPCLK2Freq
 .text.HAL_TIM_Base_Init
                0x0000000008004d00       0xfc ./Drivers/STM32F4xx_HAL_Driver/stm32f4xx_hal_tim.o
                0x0000000008004d00                HAL_TIM_Base_Init
 .text.HAL_TIM_PWM_MspInit
                0x0000000008004dfc        0x4 ./Drivers/STM32F4xx_HAL_Driver/stm32f4xx_hal_tim.o
                0x0000000008004dfc                HAL_TIM_PWM_MspInit
 .text.HAL_TIM_PWM_Init
                0x0000000008004e00       0xfc ./Drivers/STM32F4xx_HAL_Driver/stm32f4xx_hal_tim.o
                0x0000000008004e00                HAL_TIM_PWM_Init
 .text.HAL_TIM_PWM_ConfigChannel
                0x0000000008004efc      0x220 ./Drivers/STM32F4xx_HAL_Driver/stm32f4xx_hal_tim.o
                0x0000000008004efc                HAL_TIM_PWM_ConfigChannel
 .text.HAL_TIM_SlaveConfigSynchro
                0x000000000800511c      0x118 ./Drivers/STM32F4xx_HAL_Driver/stm32f4xx_hal_tim.o
                0x000000000800511c                HAL_TIM_SlaveConfigSynchro
 .text.HAL_TIMEx_MasterConfigSynchronization
                0x0000000008005234       0x74 ./Drivers/STM32F4xx_HAL_Driver/stm32f4xx_hal_tim_ex.o
                0x0000000008005234                HAL_TIMEx_MasterConfigSynchronization
 .text.HAL_TIMEx_ConfigBreakDeadTime
                0x00000000080052a8       0x54 ./Drivers/STM32F4xx_HAL_Driver/stm32f4xx_hal_tim_ex.o
                0x00000000080052a8                HAL_TIMEx_ConfigBreakDeadTime
 .text.HAL_UART_Init
                0x00000000080052fc      0x138 ./Drivers/STM32F4xx_HAL_Driver/stm32f4xx_hal_uart.o
                0x00000000080052fc                HAL_UART_Init
 .text.HAL_UART_Transmit_IT
                0x0000000008005434       0x44 ./Drivers/STM32F4xx_HAL_Driver/stm32f4xx_hal_uart.o
                0x0000000008005434                HAL_UART_Transmit_IT
 .text.HAL_UART_Receive_IT
                0x0000000008005478       0x54 ./Drivers/STM32F4xx_HAL_Driver/stm32f4xx_hal_uart.o
                0x0000000008005478                HAL_UART_Receive_IT
 .text.HAL_UART_TxCpltCallback
                0x00000000080054cc        0x4 ./Drivers/STM32F4xx_HAL_Driver/stm32f4xx_hal_uart.o
                0x00000000080054cc                HAL_UART_TxCpltCallback
 .text.HAL_UART_ErrorCallback
                0x00000000080054d0        0x4 ./Drivers/STM32F4xx_HAL_Driver/stm32f4xx_hal_uart.o
                0x00000000080054d0                HAL_UART_ErrorCallback
 .text.UART_DMAAbortOnError
                0x00000000080054d4       0x10 ./Drivers/STM32F4xx_HAL_Driver/stm32f4xx_hal_uart.o
 .text.HAL_UARTEx_RxEventCallback
                0x00000000080054e4        0x4 ./Drivers/STM32F4xx_HAL_Driver/stm32f4xx_hal_uart.o
                0x00000000080054e4                HAL_UARTEx_RxEventCallback
 .text.UART_Receive_IT.part.0
                0x00000000080054e8       0xcc ./Drivers/STM32F4xx_HAL_Driver/stm32f4xx_hal_uart.o
 .text.HAL_UART_IRQHandler
                0x00000000080055b4      0x314 ./Drivers/STM32F4xx_HAL_Driver/stm32f4xx_hal_uart.o
                0x00000000080055b4                HAL_UART_IRQHandler
 .text.VBS_GetAvBusVoltage_d
                0x00000000080058c8        0x4 ./Middlewares/MotorControl/bus_voltage_sensor.o
                0x00000000080058c8                VBS_GetAvBusVoltage_d
 .text.VBS_GetAvBusVoltage_V
                0x00000000080058cc        0xc ./Middlewares/MotorControl/bus_voltage_sensor.o
                0x00000000080058cc                VBS_GetAvBusVoltage_V
 .text.Circle_Limitation
                0x00000000080058d8       0x60 ./Middlewares/MotorControl/circle_limitation.o
                0x00000000080058d8                Circle_Limitation
 .text.MCP_ReceivedPacket
                0x0000000008005938      0x1ac ./Middlewares/MotorControl/mcp.o
                0x0000000008005938                MCP_ReceivedPacket
 .text.MCPA_dataLog
                0x0000000008005ae4      0x188 ./Middlewares/MotorControl/mcpa.o
                0x0000000008005ae4                MCPA_dataLog
 .text.MCPA_flushDataLog
                0x0000000008005c6c       0x5c ./Middlewares/MotorControl/mcpa.o
                0x0000000008005c6c                MCPA_flushDataLog
 .text.MCPA_cfgLog
                0x0000000008005cc8       0xe8 ./Middlewares/MotorControl/mcpa.o
                0x0000000008005cc8                MCPA_cfgLog
 .text.MPM_Clear
                0x0000000008005db0       0x18 ./Middlewares/MotorControl/motor_power_measurement.o
                0x0000000008005db0                MPM_Clear
 .text.MPM_CalcElMotorPower
                0x0000000008005dc8       0x44 ./Middlewares/MotorControl/motor_power_measurement.o
                0x0000000008005dc8                MPM_CalcElMotorPower
 .text.MPM_GetAvrgElMotorPowerW
                0x0000000008005e0c        0x8 ./Middlewares/MotorControl/motor_power_measurement.o
                0x0000000008005e0c                MPM_GetAvrgElMotorPowerW
 .text.NTC_SetFaultState
                0x0000000008005e14       0x1c ./Middlewares/MotorControl/ntc_temperature_sensor.o
                0x0000000008005e14                NTC_SetFaultState
 .text.NTC_Clear
                0x0000000008005e30        0x8 ./Middlewares/MotorControl/ntc_temperature_sensor.o
                0x0000000008005e30                NTC_Clear
 .text.NTC_Init
                0x0000000008005e38       0x24 ./Middlewares/MotorControl/ntc_temperature_sensor.o
                0x0000000008005e38                NTC_Init
 .text.NTC_CalcAvTemp
                0x0000000008005e5c       0x38 ./Middlewares/MotorControl/ntc_temperature_sensor.o
                0x0000000008005e5c                NTC_CalcAvTemp
 .text.NTC_GetAvTemp_C
                0x0000000008005e94       0x2c ./Middlewares/MotorControl/ntc_temperature_sensor.o
                0x0000000008005e94                NTC_GetAvTemp_C
 .text.PID_HandleInit
                0x0000000008005ec0       0x10 ./Middlewares/MotorControl/pid_regulator.o
                0x0000000008005ec0                PID_HandleInit
 .text.PID_SetKP
                0x0000000008005ed0        0x4 ./Middlewares/MotorControl/pid_regulator.o
                0x0000000008005ed0                PID_SetKP
 .text.PID_SetKI
                0x0000000008005ed4        0x4 ./Middlewares/MotorControl/pid_regulator.o
                0x0000000008005ed4                PID_SetKI
 .text.PID_GetKP
                0x0000000008005ed8        0x8 ./Middlewares/MotorControl/pid_regulator.o
                0x0000000008005ed8                PID_GetKP
 .text.PID_GetKI
                0x0000000008005ee0        0x8 ./Middlewares/MotorControl/pid_regulator.o
                0x0000000008005ee0                PID_GetKI
 .text.PID_GetDefaultKP
                0x0000000008005ee8        0x8 ./Middlewares/MotorControl/pid_regulator.o
                0x0000000008005ee8                PID_GetDefaultKP
 .text.PID_GetDefaultKI
                0x0000000008005ef0        0x8 ./Middlewares/MotorControl/pid_regulator.o
                0x0000000008005ef0                PID_GetDefaultKI
 .text.PID_SetIntegralTerm
                0x0000000008005ef8        0x4 ./Middlewares/MotorControl/pid_regulator.o
                0x0000000008005ef8                PID_SetIntegralTerm
 .text.PID_GetKPDivisor
                0x0000000008005efc        0x4 ./Middlewares/MotorControl/pid_regulator.o
                0x0000000008005efc                PID_GetKPDivisor
 .text.PID_GetKPDivisorPOW2
                0x0000000008005f00        0x8 ./Middlewares/MotorControl/pid_regulator.o
                0x0000000008005f00                PID_GetKPDivisorPOW2
 .text.PID_SetKPDivisorPOW2
                0x0000000008005f08        0xc ./Middlewares/MotorControl/pid_regulator.o
                0x0000000008005f08                PID_SetKPDivisorPOW2
 .text.PID_GetKIDivisor
                0x0000000008005f14        0x4 ./Middlewares/MotorControl/pid_regulator.o
                0x0000000008005f14                PID_GetKIDivisor
 .text.PID_GetKIDivisorPOW2
                0x0000000008005f18        0x8 ./Middlewares/MotorControl/pid_regulator.o
                0x0000000008005f18                PID_GetKIDivisorPOW2
 .text.PID_SetLowerIntegralTermLimit
                0x0000000008005f20        0x4 ./Middlewares/MotorControl/pid_regulator.o
                0x0000000008005f20                PID_SetLowerIntegralTermLimit
 .text.PID_SetUpperIntegralTermLimit
                0x0000000008005f24        0x4 ./Middlewares/MotorControl/pid_regulator.o
                0x0000000008005f24                PID_SetUpperIntegralTermLimit
 .text.PID_SetKIDivisorPOW2
                0x0000000008005f28       0x28 ./Middlewares/MotorControl/pid_regulator.o
                0x0000000008005f28                PID_SetKIDivisorPOW2
 .text.PID_SetKD
                0x0000000008005f50        0x4 ./Middlewares/MotorControl/pid_regulator.o
                0x0000000008005f50                PID_SetKD
 .text.PID_GetKD
                0x0000000008005f54        0x8 ./Middlewares/MotorControl/pid_regulator.o
                0x0000000008005f54                PID_GetKD
 .text.PID_GetKDDivisorPOW2
                0x0000000008005f5c        0x8 ./Middlewares/MotorControl/pid_regulator.o
                0x0000000008005f5c                PID_GetKDDivisorPOW2
 .text.PID_SetKDDivisorPOW2
                0x0000000008005f64        0xc ./Middlewares/MotorControl/pid_regulator.o
                0x0000000008005f64                PID_SetKDDivisorPOW2
 .text.PI_Controller
                0x0000000008005f70       0x8c ./Middlewares/MotorControl/pid_regulator.o
                0x0000000008005f70                PI_Controller
 .text.PQD_CalcElMotorPower
                0x0000000008005ffc       0x68 ./Middlewares/MotorControl/pqd_motor_power_measurement.o
                0x0000000008005ffc                PQD_CalcElMotorPower
 .text.startTimers
                0x0000000008006064       0x64 ./Middlewares/MotorControl/pwm_common.o
                0x0000000008006064                startTimers
 .text.waitForPolarizationEnd
                0x00000000080060c8       0x38 ./Middlewares/MotorControl/pwm_common.o
                0x00000000080060c8                waitForPolarizationEnd
 .text.R3_1_GetPhaseCurrents
                0x0000000008006100      0x17c ./Middlewares/MotorControl/r3_1_f4xx_pwm_curr_fdbk.o
                0x0000000008006100                R3_1_GetPhaseCurrents
 .text.R3_1_HFCurrentsCalibrationAB
                0x000000000800627c       0x48 ./Middlewares/MotorControl/r3_1_f4xx_pwm_curr_fdbk.o
                0x000000000800627c                R3_1_HFCurrentsCalibrationAB
 .text.R3_1_HFCurrentsCalibrationC
                0x00000000080062c4       0x40 ./Middlewares/MotorControl/r3_1_f4xx_pwm_curr_fdbk.o
                0x00000000080062c4                R3_1_HFCurrentsCalibrationC
 .text.R3_1_TurnOnLowSides
                0x0000000008006304       0x50 ./Middlewares/MotorControl/r3_1_f4xx_pwm_curr_fdbk.o
                0x0000000008006304                R3_1_TurnOnLowSides
 .text.R3_1_SwitchOnPWM
                0x0000000008006354       0x94 ./Middlewares/MotorControl/r3_1_f4xx_pwm_curr_fdbk.o
                0x0000000008006354                R3_1_SwitchOnPWM
 .text.R3_1_SwitchOffPWM
                0x00000000080063e8       0x5c ./Middlewares/MotorControl/r3_1_f4xx_pwm_curr_fdbk.o
                0x00000000080063e8                R3_1_SwitchOffPWM
 .text.R3_1_RLGetPhaseCurrents
                0x0000000008006444       0x54 ./Middlewares/MotorControl/r3_1_f4xx_pwm_curr_fdbk.o
                0x0000000008006444                R3_1_RLGetPhaseCurrents
 .text.R3_1_RLTurnOnLowSides
                0x0000000008006498       0x48 ./Middlewares/MotorControl/r3_1_f4xx_pwm_curr_fdbk.o
                0x0000000008006498                R3_1_RLTurnOnLowSides
 .text.R3_1_RLSwitchOnPWM
                0x00000000080064e0       0xa8 ./Middlewares/MotorControl/r3_1_f4xx_pwm_curr_fdbk.o
                0x00000000080064e0                R3_1_RLSwitchOnPWM
 .text.R3_1_Init
                0x0000000008006588       0xa4 ./Middlewares/MotorControl/r3_1_f4xx_pwm_curr_fdbk.o
                0x0000000008006588                R3_1_Init
 .text.R3_1_CurrentReadingCalibration
                0x000000000800662c      0x108 ./Middlewares/MotorControl/r3_1_f4xx_pwm_curr_fdbk.o
                0x000000000800662c                R3_1_CurrentReadingCalibration
 .text.R3_1_WriteTIMRegisters
                0x0000000008006734       0x30 ./Middlewares/MotorControl/r3_1_f4xx_pwm_curr_fdbk.o
                0x0000000008006734                R3_1_WriteTIMRegisters
 .text.R3_1_SetADCSampPointCalibration
                0x0000000008006764       0x20 ./Middlewares/MotorControl/r3_1_f4xx_pwm_curr_fdbk.o
                0x0000000008006764                R3_1_SetADCSampPointCalibration
 .text.R3_1_SetADCSampPointSectX
                0x0000000008006784       0x64 ./Middlewares/MotorControl/r3_1_f4xx_pwm_curr_fdbk.o
                0x0000000008006784                R3_1_SetADCSampPointSectX
 .text.R3_1_TIMx_UP_IRQHandler
                0x00000000080067e8       0x44 ./Middlewares/MotorControl/r3_1_f4xx_pwm_curr_fdbk.o
                0x00000000080067e8                R3_1_TIMx_UP_IRQHandler
 .text.R3_1_BRK_IRQHandler
                0x000000000800682c       0x44 ./Middlewares/MotorControl/r3_1_f4xx_pwm_curr_fdbk.o
                0x000000000800682c                R3_1_BRK_IRQHandler
 .text.R3_1_IsOverCurrentOccurred
                0x0000000008006870       0x14 ./Middlewares/MotorControl/r3_1_f4xx_pwm_curr_fdbk.o
                0x0000000008006870                R3_1_IsOverCurrentOccurred
 .text.R3_1_RLDetectionModeEnable
                0x0000000008006884       0xc0 ./Middlewares/MotorControl/r3_1_f4xx_pwm_curr_fdbk.o
                0x0000000008006884                R3_1_RLDetectionModeEnable
 .text.R3_1_RLDetectionModeDisable
                0x0000000008006944      0x100 ./Middlewares/MotorControl/r3_1_f4xx_pwm_curr_fdbk.o
                0x0000000008006944                R3_1_RLDetectionModeDisable
 .text.R3_1_RLDetectionModeSetDuty
                0x0000000008006a44       0x38 ./Middlewares/MotorControl/r3_1_f4xx_pwm_curr_fdbk.o
                0x0000000008006a44                R3_1_RLDetectionModeSetDuty
 .text.RVBS_Clear
                0x0000000008006a7c       0x38 ./Middlewares/MotorControl/r_divider_bus_voltage_sensor.o
                0x0000000008006a7c                RVBS_Clear
 .text.RVBS_Init
                0x0000000008006ab4       0x18 ./Middlewares/MotorControl/r_divider_bus_voltage_sensor.o
                0x0000000008006ab4                RVBS_Init
 .text.RVBS_CheckFaultState
                0x0000000008006acc       0x18 ./Middlewares/MotorControl/r_divider_bus_voltage_sensor.o
                0x0000000008006acc                RVBS_CheckFaultState
 .text.RVBS_CalcAvVbus
                0x0000000008006ae4       0x6c ./Middlewares/MotorControl/r_divider_bus_voltage_sensor.o
                0x0000000008006ae4                RVBS_CalcAvVbus
 .text.REMNG_Init
                0x0000000008006b50       0x10 ./Middlewares/MotorControl/ramp_ext_mngr.o
                0x0000000008006b50                REMNG_Init
 .text.REMNG_Calc
                0x0000000008006b60       0x44 ./Middlewares/MotorControl/ramp_ext_mngr.o
                0x0000000008006b60                REMNG_Calc
 .text.REMNG_RampCompleted
                0x0000000008006ba4        0xc ./Middlewares/MotorControl/ramp_ext_mngr.o
                0x0000000008006ba4                REMNG_RampCompleted
 .text.getScalingFactor
                0x0000000008006bb0       0x2c ./Middlewares/MotorControl/ramp_ext_mngr.o
                0x0000000008006bb0                getScalingFactor
 .text.REMNG_ExecRamp
                0x0000000008006bdc       0x84 ./Middlewares/MotorControl/ramp_ext_mngr.o
                0x0000000008006bdc                REMNG_ExecRamp
 .text.SPD_GetElAngle
                0x0000000008006c60        0x8 ./Middlewares/MotorControl/speed_pos_fdbk.o
                0x0000000008006c60                SPD_GetElAngle
 .text.SPD_GetAvrgMecSpeedUnit
                0x0000000008006c68        0x8 ./Middlewares/MotorControl/speed_pos_fdbk.o
                0x0000000008006c68                SPD_GetAvrgMecSpeedUnit
 .text.SPD_GetInstElSpeedDpp
                0x0000000008006c70        0x8 ./Middlewares/MotorControl/speed_pos_fdbk.o
                0x0000000008006c70                SPD_GetInstElSpeedDpp
 .text.SPD_IsMecSpeedReliable
                0x0000000008006c78       0x58 ./Middlewares/MotorControl/speed_pos_fdbk.o
                0x0000000008006c78                SPD_IsMecSpeedReliable
 .text.SPD_GetS16Speed
                0x0000000008006cd0       0x14 ./Middlewares/MotorControl/speed_pos_fdbk.o
                0x0000000008006cd0                SPD_GetS16Speed
 .text.STC_Init
                0x0000000008006ce4       0x28 ./Middlewares/MotorControl/speed_torq_ctrl.o
                0x0000000008006ce4                STC_Init
 .text.STC_SetSpeedSensor
                0x0000000008006d0c        0x4 ./Middlewares/MotorControl/speed_torq_ctrl.o
                0x0000000008006d0c                STC_SetSpeedSensor
 .text.STC_GetSpeedSensor
                0x0000000008006d10        0x4 ./Middlewares/MotorControl/speed_torq_ctrl.o
                0x0000000008006d10                STC_GetSpeedSensor
 .text.STC_Clear
                0x0000000008006d14       0x10 ./Middlewares/MotorControl/speed_torq_ctrl.o
                0x0000000008006d14                STC_Clear
 .text.STC_GetMecSpeedRefUnit
                0x0000000008006d24       0x10 ./Middlewares/MotorControl/speed_torq_ctrl.o
                0x0000000008006d24                STC_GetMecSpeedRefUnit
 .text.STC_GetTorqueRef
                0x0000000008006d34       0x10 ./Middlewares/MotorControl/speed_torq_ctrl.o
                0x0000000008006d34                STC_GetTorqueRef
 .text.STC_SetControlMode
                0x0000000008006d44        0x8 ./Middlewares/MotorControl/speed_torq_ctrl.o
                0x0000000008006d44                STC_SetControlMode
 .text.STC_ExecRamp
                0x0000000008006d4c       0x90 ./Middlewares/MotorControl/speed_torq_ctrl.o
                0x0000000008006d4c                STC_ExecRamp
 .text.STC_StopRamp
                0x0000000008006ddc        0x8 ./Middlewares/MotorControl/speed_torq_ctrl.o
                0x0000000008006ddc                STC_StopRamp
 .text.STC_CalcTorqueReference
                0x0000000008006de4       0x64 ./Middlewares/MotorControl/speed_torq_ctrl.o
                0x0000000008006de4                STC_CalcTorqueReference
 .text.STC_GetMecSpeedRefUnitDefault
                0x0000000008006e48        0x8 ./Middlewares/MotorControl/speed_torq_ctrl.o
                0x0000000008006e48                STC_GetMecSpeedRefUnitDefault
 .text.STC_GetDefaultIqdref
                0x0000000008006e50       0x1c ./Middlewares/MotorControl/speed_torq_ctrl.o
                0x0000000008006e50                STC_GetDefaultIqdref
 .text.STC_ForceSpeedReferenceToCurrentSpeed
                0x0000000008006e6c       0x10 ./Middlewares/MotorControl/speed_torq_ctrl.o
                0x0000000008006e6c                STC_ForceSpeedReferenceToCurrentSpeed
 .text.STM_Init
                0x0000000008006e7c        0xc ./Middlewares/MotorControl/state_machine.o
                0x0000000008006e7c                STM_Init
 .text.STM_FaultProcessing
                0x0000000008006e88       0x3c ./Middlewares/MotorControl/state_machine.o
                0x0000000008006e88                STM_FaultProcessing
 .text.STM_NextState
                0x0000000008006ec4       0xe8 ./Middlewares/MotorControl/state_machine.o
                0x0000000008006ec4                STM_NextState
 .text.STM_GetState
                0x0000000008006fac        0x4 ./Middlewares/MotorControl/state_machine.o
                0x0000000008006fac                STM_GetState
 .text.STM_FaultAcknowledged
                0x0000000008006fb0       0x18 ./Middlewares/MotorControl/state_machine.o
                0x0000000008006fb0                STM_FaultAcknowledged
 .text.STM_GetFaultState
                0x0000000008006fc8        0xc ./Middlewares/MotorControl/state_machine.o
                0x0000000008006fc8                STM_GetFaultState
 .text.VSS_Clear
                0x0000000008006fd4       0x1c ./Middlewares/MotorControl/virtual_speed_sensor.o
                0x0000000008006fd4                VSS_Clear
 .text.VSS_Init
                0x0000000008006ff0        0x8 ./Middlewares/MotorControl/virtual_speed_sensor.o
                0x0000000008006ff0                VSS_Init
 .text.VSS_CalcElAngle
                0x0000000008006ff8       0xa0 ./Middlewares/MotorControl/virtual_speed_sensor.o
                0x0000000008006ff8                VSS_CalcElAngle
 .text.VSS_CalcAvrgMecSpeedUnit
                0x0000000008007098       0x94 ./Middlewares/MotorControl/virtual_speed_sensor.o
                0x0000000008007098                VSS_CalcAvrgMecSpeedUnit
 .text.VSS_SetMecAngle
                0x000000000800712c       0x10 ./Middlewares/MotorControl/virtual_speed_sensor.o
                0x000000000800712c                VSS_SetMecAngle
 .text.VSS_SetMecAcceleration
                0x000000000800713c       0x7c ./Middlewares/MotorControl/virtual_speed_sensor.o
                0x000000000800713c                VSS_SetMecAcceleration
 .text.VSS_SetStartTransition
                0x00000000080071b8       0x1c ./Middlewares/MotorControl/virtual_speed_sensor.o
                0x00000000080071b8                VSS_SetStartTransition
 .text.VSS_TransitionEnded
                0x00000000080071d4        0x8 ./Middlewares/MotorControl/virtual_speed_sensor.o
                0x00000000080071d4                VSS_TransitionEnded
 .text.RUC_Init
                0x00000000080071dc       0x7c ../../MCSDK_v5.Y.3/MotorControl/lib\libmc-gcc_M4_NoCCMRAM.lib(revup_ctrl.o)
                0x00000000080071dc                RUC_Init
 .text.RUC_Clear
                0x0000000008007258       0x90 ../../MCSDK_v5.Y.3/MotorControl/lib\libmc-gcc_M4_NoCCMRAM.lib(revup_ctrl.o)
                0x0000000008007258                RUC_Clear
 .text.RUC_Exec
                0x00000000080072e8       0x74 ../../MCSDK_v5.Y.3/MotorControl/lib\libmc-gcc_M4_NoCCMRAM.lib(revup_ctrl.o)
                0x00000000080072e8                RUC_Exec
 .text.RUC_FirstAccelerationStageReached
                0x000000000800735c       0x14 ../../MCSDK_v5.Y.3/MotorControl/lib\libmc-gcc_M4_NoCCMRAM.lib(revup_ctrl.o)
                0x000000000800735c                RUC_FirstAccelerationStageReached
 .text.RUC_SetPhase
                0x0000000008007370       0x20 ../../MCSDK_v5.Y.3/MotorControl/lib\libmc-gcc_M4_NoCCMRAM.lib(revup_ctrl.o)
                0x0000000008007370                RUC_SetPhase
 .text.RUC_GetNumberOfPhases
                0x0000000008007390        0x8 ../../MCSDK_v5.Y.3/MotorControl/lib\libmc-gcc_M4_NoCCMRAM.lib(revup_ctrl.o)
                0x0000000008007390                RUC_GetNumberOfPhases
 .text.RUC_GetPhase
                0x0000000008007398       0x20 ../../MCSDK_v5.Y.3/MotorControl/lib\libmc-gcc_M4_NoCCMRAM.lib(revup_ctrl.o)
                0x0000000008007398                RUC_GetPhase
 .text.STO_PLL_CalcElAngle
                0x00000000080073b8      0x1d4 ../../MCSDK_v5.Y.3/MotorControl/lib\libmc-gcc_M4_NoCCMRAM.lib(sto_pll_speed_pos_fdbk.o)
                0x00000000080073b8                STO_PLL_CalcElAngle
 .text.STO_PLL_CalcAvrgMecSpeedUnit
                0x000000000800758c      0x140 ../../MCSDK_v5.Y.3/MotorControl/lib\libmc-gcc_M4_NoCCMRAM.lib(sto_pll_speed_pos_fdbk.o)
                0x000000000800758c                STO_PLL_CalcAvrgMecSpeedUnit
 .text.STO_PLL_CalcAvrgElSpeedDpp
                0x00000000080076cc       0x54 ../../MCSDK_v5.Y.3/MotorControl/lib\libmc-gcc_M4_NoCCMRAM.lib(sto_pll_speed_pos_fdbk.o)
                0x00000000080076cc                STO_PLL_CalcAvrgElSpeedDpp
 .text.STO_PLL_Clear
                0x0000000008007720       0x5c ../../MCSDK_v5.Y.3/MotorControl/lib\libmc-gcc_M4_NoCCMRAM.lib(sto_pll_speed_pos_fdbk.o)
                0x0000000008007720                STO_PLL_Clear
 .text.STO_PLL_Init
                0x000000000800777c       0x74 ../../MCSDK_v5.Y.3/MotorControl/lib\libmc-gcc_M4_NoCCMRAM.lib(sto_pll_speed_pos_fdbk.o)
                0x000000000800777c                STO_PLL_Init
 .text.STO_PLL_IsObserverConverged
                0x00000000080077f0       0xa8 ../../MCSDK_v5.Y.3/MotorControl/lib\libmc-gcc_M4_NoCCMRAM.lib(sto_pll_speed_pos_fdbk.o)
                0x00000000080077f0                STO_PLL_IsObserverConverged
 .text.STO_PLL_GetEstimatedBemf
                0x0000000008007898       0x18 ../../MCSDK_v5.Y.3/MotorControl/lib\libmc-gcc_M4_NoCCMRAM.lib(sto_pll_speed_pos_fdbk.o)
                0x0000000008007898                STO_PLL_GetEstimatedBemf
 .text.STO_PLL_GetEstimatedCurrent
                0x00000000080078b0       0x28 ../../MCSDK_v5.Y.3/MotorControl/lib\libmc-gcc_M4_NoCCMRAM.lib(sto_pll_speed_pos_fdbk.o)
                0x00000000080078b0                STO_PLL_GetEstimatedCurrent
 .text.STO_PLL_GetObserverGains
                0x00000000080078d8       0x10 ../../MCSDK_v5.Y.3/MotorControl/lib\libmc-gcc_M4_NoCCMRAM.lib(sto_pll_speed_pos_fdbk.o)
                0x00000000080078d8                STO_PLL_GetObserverGains
 .text.STO_PLL_SetObserverGains
                0x00000000080078e8        0x8 ../../MCSDK_v5.Y.3/MotorControl/lib\libmc-gcc_M4_NoCCMRAM.lib(sto_pll_speed_pos_fdbk.o)
                0x00000000080078e8                STO_PLL_SetObserverGains
 .text.STO_OTF_ResetPLL
                0x00000000080078f0        0xc ../../MCSDK_v5.Y.3/MotorControl/lib\libmc-gcc_M4_NoCCMRAM.lib(sto_pll_speed_pos_fdbk.o)
                0x00000000080078f0                STO_OTF_ResetPLL
 .text.STO_ResetPLL
                0x00000000080078fc        0x8 ../../MCSDK_v5.Y.3/MotorControl/lib\libmc-gcc_M4_NoCCMRAM.lib(sto_pll_speed_pos_fdbk.o)
                0x00000000080078fc                STO_ResetPLL
 .text.STO_PLL_GetEstimatedBemfLevel
                0x0000000008007904        0x8 ../../MCSDK_v5.Y.3/MotorControl/lib\libmc-gcc_M4_NoCCMRAM.lib(sto_pll_speed_pos_fdbk.o)
                0x0000000008007904                STO_PLL_GetEstimatedBemfLevel
 .text.STO_PLL_GetObservedBemfLevel
                0x000000000800790c        0x8 ../../MCSDK_v5.Y.3/MotorControl/lib\libmc-gcc_M4_NoCCMRAM.lib(sto_pll_speed_pos_fdbk.o)
                0x000000000800790c                STO_PLL_GetObservedBemfLevel
 .text.STO_PLL_IsVarianceTight
                0x0000000008007914        0x8 ../../MCSDK_v5.Y.3/MotorControl/lib\libmc-gcc_M4_NoCCMRAM.lib(sto_pll_speed_pos_fdbk.o)
                0x0000000008007914                STO_PLL_IsVarianceTight
 .text.STO_PLL_ForceConvergency1
                0x000000000800791c        0xc ../../MCSDK_v5.Y.3/MotorControl/lib\libmc-gcc_M4_NoCCMRAM.lib(sto_pll_speed_pos_fdbk.o)
                0x000000000800791c                STO_PLL_ForceConvergency1
 .text.STO_PLL_ForceConvergency2
                0x0000000008007928        0xc ../../MCSDK_v5.Y.3/MotorControl/lib\libmc-gcc_M4_NoCCMRAM.lib(sto_pll_speed_pos_fdbk.o)
                0x0000000008007928                STO_PLL_ForceConvergency2
 .text.STO_SetDirection
                0x0000000008007934        0x8 ../../MCSDK_v5.Y.3/MotorControl/lib\libmc-gcc_M4_NoCCMRAM.lib(sto_pll_speed_pos_fdbk.o)
                0x0000000008007934                STO_SetDirection
 .text.__errno  0x000000000800793c        0xc e:/stm32cubeide_1.7.0/stm32cubeide/plugins/com.st.stm32cube.ide.mcu.externaltools.gnu-tools-for-stm32.9-2020-q2-update.win32_2.0.0.202105311346/tools/bin/../lib/gcc/arm-none-eabi/9.3.1/../../../../arm-none-eabi/lib/thumb/v7e-m+fp/hard\libc_nano.a(lib_a-errno.o)
                0x000000000800793c                __errno
 .text.__libc_init_array
                0x0000000008007948       0x48 e:/stm32cubeide_1.7.0/stm32cubeide/plugins/com.st.stm32cube.ide.mcu.externaltools.gnu-tools-for-stm32.9-2020-q2-update.win32_2.0.0.202105311346/tools/bin/../lib/gcc/arm-none-eabi/9.3.1/../../../../arm-none-eabi/lib/thumb/v7e-m+fp/hard\libc_nano.a(lib_a-init.o)
                0x0000000008007948                __libc_init_array
 .text.memcpy   0x0000000008007990       0x1c e:/stm32cubeide_1.7.0/stm32cubeide/plugins/com.st.stm32cube.ide.mcu.externaltools.gnu-tools-for-stm32.9-2020-q2-update.win32_2.0.0.202105311346/tools/bin/../lib/gcc/arm-none-eabi/9.3.1/../../../../arm-none-eabi/lib/thumb/v7e-m+fp/hard\libc_nano.a(lib_a-memcpy-stub.o)
                0x0000000008007990                memcpy
 .text.memset   0x00000000080079ac       0x10 e:/stm32cubeide_1.7.0/stm32cubeide/plugins/com.st.stm32cube.ide.mcu.externaltools.gnu-tools-for-stm32.9-2020-q2-update.win32_2.0.0.202105311346/tools/bin/../lib/gcc/arm-none-eabi/9.3.1/../../../../arm-none-eabi/lib/thumb/v7e-m+fp/hard\libc_nano.a(lib_a-memset.o)
                0x00000000080079ac                memset
 .text.sprintf  0x00000000080079bc       0x40 e:/stm32cubeide_1.7.0/stm32cubeide/plugins/com.st.stm32cube.ide.mcu.externaltools.gnu-tools-for-stm32.9-2020-q2-update.win32_2.0.0.202105311346/tools/bin/../lib/gcc/arm-none-eabi/9.3.1/../../../../arm-none-eabi/lib/thumb/v7e-m+fp/hard\libc_nano.a(lib_a-sprintf.o)
                0x00000000080079bc                siprintf
                0x00000000080079bc                sprintf
 .text.__ssputs_r
                0x00000000080079fc       0xb6 e:/stm32cubeide_1.7.0/stm32cubeide/plugins/com.st.stm32cube.ide.mcu.externaltools.gnu-tools-for-stm32.9-2020-q2-update.win32_2.0.0.202105311346/tools/bin/../lib/gcc/arm-none-eabi/9.3.1/../../../../arm-none-eabi/lib/thumb/v7e-m+fp/hard\libc_nano.a(lib_a-nano-svfprintf.o)
                0x00000000080079fc                __ssputs_r
 *fill*         0x0000000008007ab2        0x2 
 .text._svfprintf_r
                0x0000000008007ab4      0x200 e:/stm32cubeide_1.7.0/stm32cubeide/plugins/com.st.stm32cube.ide.mcu.externaltools.gnu-tools-for-stm32.9-2020-q2-update.win32_2.0.0.202105311346/tools/bin/../lib/gcc/arm-none-eabi/9.3.1/../../../../arm-none-eabi/lib/thumb/v7e-m+fp/hard\libc_nano.a(lib_a-nano-svfprintf.o)
                0x0000000008007ab4                _svfiprintf_r
                0x0000000008007ab4                _svfprintf_r
 .text._printf_common
                0x0000000008007cb4       0xda e:/stm32cubeide_1.7.0/stm32cubeide/plugins/com.st.stm32cube.ide.mcu.externaltools.gnu-tools-for-stm32.9-2020-q2-update.win32_2.0.0.202105311346/tools/bin/../lib/gcc/arm-none-eabi/9.3.1/../../../../arm-none-eabi/lib/thumb/v7e-m+fp/hard\libc_nano.a(lib_a-nano-vfprintf_i.o)
                0x0000000008007cb4                _printf_common
 *fill*         0x0000000008007d8e        0x2 
 .text._printf_i
                0x0000000008007d90      0x24c e:/stm32cubeide_1.7.0/stm32cubeide/plugins/com.st.stm32cube.ide.mcu.externaltools.gnu-tools-for-stm32.9-2020-q2-update.win32_2.0.0.202105311346/tools/bin/../lib/gcc/arm-none-eabi/9.3.1/../../../../arm-none-eabi/lib/thumb/v7e-m+fp/hard\libc_nano.a(lib_a-nano-vfprintf_i.o)
                0x0000000008007d90                _printf_i
 .text.memmove  0x0000000008007fdc       0x34 e:/stm32cubeide_1.7.0/stm32cubeide/plugins/com.st.stm32cube.ide.mcu.externaltools.gnu-tools-for-stm32.9-2020-q2-update.win32_2.0.0.202105311346/tools/bin/../lib/gcc/arm-none-eabi/9.3.1/../../../../arm-none-eabi/lib/thumb/v7e-m+fp/hard\libc_nano.a(lib_a-memmove.o)
                0x0000000008007fdc                memmove
 .text._free_r  0x0000000008008010       0xa0 e:/stm32cubeide_1.7.0/stm32cubeide/plugins/com.st.stm32cube.ide.mcu.externaltools.gnu-tools-for-stm32.9-2020-q2-update.win32_2.0.0.202105311346/tools/bin/../lib/gcc/arm-none-eabi/9.3.1/../../../../arm-none-eabi/lib/thumb/v7e-m+fp/hard\libc_nano.a(lib_a-nano-freer.o)
                0x0000000008008010                _free_r
 .text._malloc_r
                0x00000000080080b0       0xb4 e:/stm32cubeide_1.7.0/stm32cubeide/plugins/com.st.stm32cube.ide.mcu.externaltools.gnu-tools-for-stm32.9-2020-q2-update.win32_2.0.0.202105311346/tools/bin/../lib/gcc/arm-none-eabi/9.3.1/../../../../arm-none-eabi/lib/thumb/v7e-m+fp/hard\libc_nano.a(lib_a-nano-mallocr.o)
                0x00000000080080b0                _malloc_r
 .text._realloc_r
                0x0000000008008164       0x4c e:/stm32cubeide_1.7.0/stm32cubeide/plugins/com.st.stm32cube.ide.mcu.externaltools.gnu-tools-for-stm32.9-2020-q2-update.win32_2.0.0.202105311346/tools/bin/../lib/gcc/arm-none-eabi/9.3.1/../../../../arm-none-eabi/lib/thumb/v7e-m+fp/hard\libc_nano.a(lib_a-nano-reallocr.o)
                0x0000000008008164                _realloc_r
 .text._sbrk_r  0x00000000080081b0       0x20 e:/stm32cubeide_1.7.0/stm32cubeide/plugins/com.st.stm32cube.ide.mcu.externaltools.gnu-tools-for-stm32.9-2020-q2-update.win32_2.0.0.202105311346/tools/bin/../lib/gcc/arm-none-eabi/9.3.1/../../../../arm-none-eabi/lib/thumb/v7e-m+fp/hard\libc_nano.a(lib_a-sbrkr.o)
                0x00000000080081b0                _sbrk_r
 .text.__malloc_lock
                0x00000000080081d0        0xc e:/stm32cubeide_1.7.0/stm32cubeide/plugins/com.st.stm32cube.ide.mcu.externaltools.gnu-tools-for-stm32.9-2020-q2-update.win32_2.0.0.202105311346/tools/bin/../lib/gcc/arm-none-eabi/9.3.1/../../../../arm-none-eabi/lib/thumb/v7e-m+fp/hard\libc_nano.a(lib_a-mlock.o)
                0x00000000080081d0                __malloc_lock
 .text.__malloc_unlock
                0x00000000080081dc        0xc e:/stm32cubeide_1.7.0/stm32cubeide/plugins/com.st.stm32cube.ide.mcu.externaltools.gnu-tools-for-stm32.9-2020-q2-update.win32_2.0.0.202105311346/tools/bin/../lib/gcc/arm-none-eabi/9.3.1/../../../../arm-none-eabi/lib/thumb/v7e-m+fp/hard\libc_nano.a(lib_a-mlock.o)
                0x00000000080081dc                __malloc_unlock
 .text._malloc_usable_size_r
                0x00000000080081e8       0x10 e:/stm32cubeide_1.7.0/stm32cubeide/plugins/com.st.stm32cube.ide.mcu.externaltools.gnu-tools-for-stm32.9-2020-q2-update.win32_2.0.0.202105311346/tools/bin/../lib/gcc/arm-none-eabi/9.3.1/../../../../arm-none-eabi/lib/thumb/v7e-m+fp/hard\libc_nano.a(lib_a-nano-msizer.o)
                0x00000000080081e8                _malloc_usable_size_r
 .text.__retarget_lock_acquire_recursive
                0x00000000080081f8        0x2 e:/stm32cubeide_1.7.0/stm32cubeide/plugins/com.st.stm32cube.ide.mcu.externaltools.gnu-tools-for-stm32.9-2020-q2-update.win32_2.0.0.202105311346/tools/bin/../lib/gcc/arm-none-eabi/9.3.1/../../../../arm-none-eabi/lib/thumb/v7e-m+fp/hard\libc_nano.a(lib_a-lock.o)
                0x00000000080081f8                __retarget_lock_acquire_recursive
 .text.__retarget_lock_release_recursive
                0x00000000080081fa        0x2 e:/stm32cubeide_1.7.0/stm32cubeide/plugins/com.st.stm32cube.ide.mcu.externaltools.gnu-tools-for-stm32.9-2020-q2-update.win32_2.0.0.202105311346/tools/bin/../lib/gcc/arm-none-eabi/9.3.1/../../../../arm-none-eabi/lib/thumb/v7e-m+fp/hard\libc_nano.a(lib_a-lock.o)
                0x00000000080081fa                __retarget_lock_release_recursive
 *(.glue_7)
 .glue_7        0x00000000080081fc        0x0 linker stubs
 *(.glue_7t)
 .glue_7t       0x00000000080081fc        0x0 linker stubs
 *(.eh_frame)
 .eh_frame      0x00000000080081fc        0x0 e:/stm32cubeide_1.7.0/stm32cubeide/plugins/com.st.stm32cube.ide.mcu.externaltools.gnu-tools-for-stm32.9-2020-q2-update.win32_2.0.0.202105311346/tools/bin/../lib/gcc/arm-none-eabi/9.3.1/thumb/v7e-m+fp/hard/crtbegin.o
 *(.init)
 .init          0x00000000080081fc        0x4 e:/stm32cubeide_1.7.0/stm32cubeide/plugins/com.st.stm32cube.ide.mcu.externaltools.gnu-tools-for-stm32.9-2020-q2-update.win32_2.0.0.202105311346/tools/bin/../lib/gcc/arm-none-eabi/9.3.1/thumb/v7e-m+fp/hard/crti.o
                0x00000000080081fc                _init
 .init          0x0000000008008200        0x8 e:/stm32cubeide_1.7.0/stm32cubeide/plugins/com.st.stm32cube.ide.mcu.externaltools.gnu-tools-for-stm32.9-2020-q2-update.win32_2.0.0.202105311346/tools/bin/../lib/gcc/arm-none-eabi/9.3.1/thumb/v7e-m+fp/hard/crtn.o
 *(.fini)
 .fini          0x0000000008008208        0x4 e:/stm32cubeide_1.7.0/stm32cubeide/plugins/com.st.stm32cube.ide.mcu.externaltools.gnu-tools-for-stm32.9-2020-q2-update.win32_2.0.0.202105311346/tools/bin/../lib/gcc/arm-none-eabi/9.3.1/thumb/v7e-m+fp/hard/crti.o
                0x0000000008008208                _fini
 .fini          0x000000000800820c        0x8 e:/stm32cubeide_1.7.0/stm32cubeide/plugins/com.st.stm32cube.ide.mcu.externaltools.gnu-tools-for-stm32.9-2020-q2-update.win32_2.0.0.202105311346/tools/bin/../lib/gcc/arm-none-eabi/9.3.1/thumb/v7e-m+fp/hard/crtn.o
                0x0000000008008214                . = ALIGN (0x4)
                0x0000000008008214                _etext = .

.vfp11_veneer   0x0000000008008214        0x0
 .vfp11_veneer  0x0000000008008214        0x0 linker stubs

.v4_bx          0x0000000008008214        0x0
 .v4_bx         0x0000000008008214        0x0 linker stubs

.iplt           0x0000000008008214        0x0
 .iplt          0x0000000008008214        0x0 e:/stm32cubeide_1.7.0/stm32cubeide/plugins/com.st.stm32cube.ide.mcu.externaltools.gnu-tools-for-stm32.9-2020-q2-update.win32_2.0.0.202105311346/tools/bin/../lib/gcc/arm-none-eabi/9.3.1/thumb/v7e-m+fp/hard/crtbegin.o

.rodata         0x0000000008008214      0x504
                0x0000000008008214                . = ALIGN (0x4)
 *(.rodata)
 *(.rodata*)
 .rodata.CRC4_Lookup4
                0x0000000008008214       0x10 ./Application/User/aspep.o
                0x0000000008008214                CRC4_Lookup4
 .rodata.CRC4_Lookup8
                0x0000000008008224      0x100 ./Application/User/aspep.o
                0x0000000008008224                CRC4_Lookup8
 .rodata.main.str1.4
                0x0000000008008324       0x74 ./Application/User/main.o
 .rodata.CTL_BOARD
                0x0000000008008398       0x10 ./Application/User/mc_configuration_registers.o
                0x0000000008008398                CTL_BOARD
 .rodata.FIRMWARE_NAME
                0x00000000080083a8       0x18 ./Application/User/mc_configuration_registers.o
                0x00000000080083a8                FIRMWARE_NAME
 .rodata.M1_ApplicationConfig_reg
                0x00000000080083c0        0xe ./Application/User/mc_configuration_registers.o
                0x00000000080083c0                M1_ApplicationConfig_reg
 *fill*         0x00000000080083ce        0x2 
 .rodata.M1_FOCConfig_reg
                0x00000000080083d0        0xc ./Application/User/mc_configuration_registers.o
                0x00000000080083d0                M1_FOCConfig_reg
 .rodata.M1_MotorConfig_reg
                0x00000000080083dc       0x3c ./Application/User/mc_configuration_registers.o
                0x00000000080083dc                M1_MotorConfig_reg
 .rodata.M1_PWR_BOARD
                0x0000000008008418       0x11 ./Application/User/mc_configuration_registers.o
                0x0000000008008418                M1_PWR_BOARD
 *fill*         0x0000000008008429        0x3 
 .rodata.globalConfig_reg
                0x000000000800842c        0xa ./Application/User/mc_configuration_registers.o
                0x000000000800842c                globalConfig_reg
 *fill*         0x0000000008008436        0x2 
 .rodata.hSin_Cos_Table
                0x0000000008008438      0x200 ./Application/User/mc_math.o
                0x0000000008008438                hSin_Cos_Table
 .rodata.R3_1_ParamsM1
                0x0000000008008638       0x78 ./Application/User/mc_parameters.o
                0x0000000008008638                R3_1_ParamsM1
 .rodata.CSWTCH.39
                0x00000000080086b0       0x11 ./Application/User/register_interface.o
 *fill*         0x00000000080086c1        0x3 
 .rodata.STREAM_OFFSET_TAB
                0x00000000080086c4        0x8 ./Application/User/usart_aspep_driver.o
 .rodata.AHBPrescTable
                0x00000000080086cc       0x10 ./Drivers/CMSIS/system_stm32f4xx.o
                0x00000000080086cc                AHBPrescTable
 .rodata.APBPrescTable
                0x00000000080086dc        0x8 ./Drivers/CMSIS/system_stm32f4xx.o
                0x00000000080086dc                APBPrescTable
 .rodata._svfprintf_r.str1.1
                0x00000000080086e4       0x11 e:/stm32cubeide_1.7.0/stm32cubeide/plugins/com.st.stm32cube.ide.mcu.externaltools.gnu-tools-for-stm32.9-2020-q2-update.win32_2.0.0.202105311346/tools/bin/../lib/gcc/arm-none-eabi/9.3.1/../../../../arm-none-eabi/lib/thumb/v7e-m+fp/hard\libc_nano.a(lib_a-nano-svfprintf.o)
 .rodata._printf_i.str1.1
                0x00000000080086f5       0x22 e:/stm32cubeide_1.7.0/stm32cubeide/plugins/com.st.stm32cube.ide.mcu.externaltools.gnu-tools-for-stm32.9-2020-q2-update.win32_2.0.0.202105311346/tools/bin/../lib/gcc/arm-none-eabi/9.3.1/../../../../arm-none-eabi/lib/thumb/v7e-m+fp/hard\libc_nano.a(lib_a-nano-vfprintf_i.o)
                0x0000000008008718                . = ALIGN (0x4)
 *fill*         0x0000000008008717        0x1 

.ARM.extab      0x0000000008008718        0x0
                0x0000000008008718                . = ALIGN (0x4)
 *(.ARM.extab* .gnu.linkonce.armextab.*)
                0x0000000008008718                . = ALIGN (0x4)

.ARM            0x0000000008008718        0x8
                0x0000000008008718                . = ALIGN (0x4)
                0x0000000008008718                __exidx_start = .
 *(.ARM.exidx*)
 .ARM.exidx     0x0000000008008718        0x8 e:/stm32cubeide_1.7.0/stm32cubeide/plugins/com.st.stm32cube.ide.mcu.externaltools.gnu-tools-for-stm32.9-2020-q2-update.win32_2.0.0.202105311346/tools/bin/../lib/gcc/arm-none-eabi/9.3.1/thumb/v7e-m+fp/hard\libgcc.a(_udivmoddi4.o)
                0x0000000008008720                __exidx_end = .
                0x0000000008008720                . = ALIGN (0x4)

.rel.dyn        0x0000000008008720        0x0
 .rel.iplt      0x0000000008008720        0x0 e:/stm32cubeide_1.7.0/stm32cubeide/plugins/com.st.stm32cube.ide.mcu.externaltools.gnu-tools-for-stm32.9-2020-q2-update.win32_2.0.0.202105311346/tools/bin/../lib/gcc/arm-none-eabi/9.3.1/thumb/v7e-m+fp/hard/crtbegin.o

.preinit_array  0x0000000008008720        0x0
                0x0000000008008720                . = ALIGN (0x4)
                0x0000000008008720                PROVIDE (__preinit_array_start = .)
 *(.preinit_array*)
                0x0000000008008720                PROVIDE (__preinit_array_end = .)
                0x0000000008008720                . = ALIGN (0x4)

.init_array     0x0000000008008720        0x4
                0x0000000008008720                . = ALIGN (0x4)
                0x0000000008008720                PROVIDE (__init_array_start = .)
 *(SORT_BY_NAME(.init_array.*))
 *(.init_array*)
 .init_array    0x0000000008008720        0x4 e:/stm32cubeide_1.7.0/stm32cubeide/plugins/com.st.stm32cube.ide.mcu.externaltools.gnu-tools-for-stm32.9-2020-q2-update.win32_2.0.0.202105311346/tools/bin/../lib/gcc/arm-none-eabi/9.3.1/thumb/v7e-m+fp/hard/crtbegin.o
                0x0000000008008724                PROVIDE (__init_array_end = .)
                0x0000000008008724                . = ALIGN (0x4)

.fini_array     0x0000000008008724        0x4
                0x0000000008008724                . = ALIGN (0x4)
                [!provide]                        PROVIDE (__fini_array_start = .)
 *(SORT_BY_NAME(.fini_array.*))
 *(.fini_array*)
 .fini_array    0x0000000008008724        0x4 e:/stm32cubeide_1.7.0/stm32cubeide/plugins/com.st.stm32cube.ide.mcu.externaltools.gnu-tools-for-stm32.9-2020-q2-update.win32_2.0.0.202105311346/tools/bin/../lib/gcc/arm-none-eabi/9.3.1/thumb/v7e-m+fp/hard/crtbegin.o
                [!provide]                        PROVIDE (__fini_array_end = .)
                0x0000000008008728                . = ALIGN (0x4)
                0x0000000008008728                _sidata = LOADADDR (.data)

.data           0x0000000020000000      0x6cc load address 0x0000000008008728
                0x0000000020000000                . = ALIGN (0x4)
                0x0000000020000000                _sdata = .
 *(.data)
 *(.data*)
 .data.kierunek
                0x0000000020000000        0x4 ./Application/User/main.o
                0x0000000020000000                kierunek
 .data.BusVoltageSensor_M1
                0x0000000020000004       0x28 ./Application/User/mc_config.o
                0x0000000020000004                BusVoltageSensor_M1
 .data.CircleLimitationM1
                0x000000002000002c       0xb4 ./Application/User/mc_config.o
                0x000000002000002c                CircleLimitationM1
 .data.PIDIdHandle_M1
                0x00000000200000e0       0x2c ./Application/User/mc_config.o
                0x00000000200000e0                PIDIdHandle_M1
 .data.PIDIqHandle_M1
                0x000000002000010c       0x2c ./Application/User/mc_config.o
                0x000000002000010c                PIDIqHandle_M1
 .data.PIDSpeedHandle_M1
                0x0000000020000138       0x2c ./Application/User/mc_config.o
                0x0000000020000138                PIDSpeedHandle_M1
 .data.PQD_MotorPowMeasM1
                0x0000000020000164      0x114 ./Application/User/mc_config.o
                0x0000000020000164                PQD_MotorPowMeasM1
 .data.PWM_Handle_M1
                0x0000000020000278       0x90 ./Application/User/mc_config.o
                0x0000000020000278                PWM_Handle_M1
 .data.RampExtMngrHFParamsM1
                0x0000000020000308       0x18 ./Application/User/mc_config.o
                0x0000000020000308                RampExtMngrHFParamsM1
 .data.RevUpControlM1
                0x0000000020000320       0x78 ./Application/User/mc_config.o
                0x0000000020000320                RevUpControlM1
 .data.STO_M1   0x0000000020000398       0x14 ./Application/User/mc_config.o
                0x0000000020000398                STO_M1
 .data.STO_PLL_M1
                0x00000000200003ac      0x128 ./Application/User/mc_config.o
                0x00000000200003ac                STO_PLL_M1
 .data.SpeednTorqCtrlM1
                0x00000000200004d4       0x34 ./Application/User/mc_config.o
                0x00000000200004d4                SpeednTorqCtrlM1
 .data.TempSensor_M1
                0x0000000020000508       0x28 ./Application/User/mc_config.o
                0x0000000020000508                TempSensor_M1
 .data.VirtualSpeedSensorM1
                0x0000000020000530       0x38 ./Application/User/mc_config.o
                0x0000000020000530                VirtualSpeedSensorM1
 .data.pMPM     0x0000000020000568        0x4 ./Application/User/mc_config.o
                0x0000000020000568                pMPM
 .data.pPIDId   0x000000002000056c        0x4 ./Application/User/mc_config.o
                0x000000002000056c                pPIDId
 .data.pPIDIq   0x0000000020000570        0x4 ./Application/User/mc_config.o
                0x0000000020000570                pPIDIq
 .data.pSTC     0x0000000020000574        0x4 ./Application/User/mc_config.o
                0x0000000020000574                pSTC
 .data.pTemperatureSensor
                0x0000000020000578        0x4 ./Application/User/mc_config.o
                0x0000000020000578                pTemperatureSensor
 .data.ApplicationConfig_reg
                0x000000002000057c        0x4 ./Application/User/mc_configuration_registers.o
                0x000000002000057c                ApplicationConfig_reg
 .data.FOCConfig_reg
                0x0000000020000580        0x4 ./Application/User/mc_configuration_registers.o
                0x0000000020000580                FOCConfig_reg
 .data.MotorConfig_reg
                0x0000000020000584        0x4 ./Application/User/mc_configuration_registers.o
                0x0000000020000584                MotorConfig_reg
 .data.PWR_BOARD_NAME
                0x0000000020000588        0x4 ./Application/User/mc_configuration_registers.o
                0x0000000020000588                PWR_BOARD_NAME
 .data.MCPA_UART_A
                0x000000002000058c       0x2c ./Application/User/mcp_config.o
                0x000000002000058c                MCPA_UART_A
 .data.MCP_Over_UartA
                0x00000000200005b8       0x10 ./Application/User/mcp_config.o
                0x00000000200005b8                MCP_Over_UartA
 .data.UASPEP_A
                0x00000000200005c8       0x14 ./Application/User/mcp_config.o
                0x00000000200005c8                UASPEP_A
 .data.aspepOverUartA
                0x00000000200005dc       0x6c ./Application/User/mcp_config.o
                0x00000000200005dc                aspepOverUartA
 .data.BusVoltageSensor
                0x0000000020000648        0x4 ./Application/User/register_interface.o
                0x0000000020000648                BusVoltageSensor
 .data.RevUpControl
                0x000000002000064c        0x4 ./Application/User/register_interface.o
                0x000000002000064c                RevUpControl
 .data.pPIDSpeed
                0x0000000020000650        0x4 ./Application/User/register_interface.o
                0x0000000020000650                pPIDSpeed
 .data.stoPLLSensor
                0x0000000020000654        0x4 ./Application/User/register_interface.o
                0x0000000020000654                stoPLLSensor
 .data.SystickDividerCounter.12164
                0x0000000020000658        0x1 ./Application/User/stm32f4xx_mc_it.o
 *fill*         0x0000000020000659        0x3 
 .data.SystemCoreClock
                0x000000002000065c        0x4 ./Drivers/CMSIS/system_stm32f4xx.o
                0x000000002000065c                SystemCoreClock
 .data.uwTickFreq
                0x0000000020000660        0x1 ./Drivers/STM32F4xx_HAL_Driver/stm32f4xx_hal.o
                0x0000000020000660                uwTickFreq
 *fill*         0x0000000020000661        0x3 
 .data.uwTickPrio
                0x0000000020000664        0x4 ./Drivers/STM32F4xx_HAL_Driver/stm32f4xx_hal.o
                0x0000000020000664                uwTickPrio
 .data._impure_ptr
                0x0000000020000668        0x4 e:/stm32cubeide_1.7.0/stm32cubeide/plugins/com.st.stm32cube.ide.mcu.externaltools.gnu-tools-for-stm32.9-2020-q2-update.win32_2.0.0.202105311346/tools/bin/../lib/gcc/arm-none-eabi/9.3.1/../../../../arm-none-eabi/lib/thumb/v7e-m+fp/hard\libc_nano.a(lib_a-impure.o)
                0x0000000020000668                _impure_ptr
 .data.impure_data
                0x000000002000066c       0x60 e:/stm32cubeide_1.7.0/stm32cubeide/plugins/com.st.stm32cube.ide.mcu.externaltools.gnu-tools-for-stm32.9-2020-q2-update.win32_2.0.0.202105311346/tools/bin/../lib/gcc/arm-none-eabi/9.3.1/../../../../arm-none-eabi/lib/thumb/v7e-m+fp/hard\libc_nano.a(lib_a-impure.o)
 *(.RamFunc)
 *(.RamFunc*)
                0x00000000200006cc                . = ALIGN (0x4)
                0x00000000200006cc                _edata = .

.igot.plt       0x00000000200006cc        0x0 load address 0x0000000008008df4
 .igot.plt      0x00000000200006cc        0x0 e:/stm32cubeide_1.7.0/stm32cubeide/plugins/com.st.stm32cube.ide.mcu.externaltools.gnu-tools-for-stm32.9-2020-q2-update.win32_2.0.0.202105311346/tools/bin/../lib/gcc/arm-none-eabi/9.3.1/thumb/v7e-m+fp/hard/crtbegin.o
                0x00000000200006cc                . = ALIGN (0x4)

.bss            0x00000000200006cc     0x14b8 load address 0x0000000008008df4
                0x00000000200006cc                _sbss = .
                0x00000000200006cc                __bss_start__ = _sbss
 *(.bss)
 .bss           0x00000000200006cc       0x1c e:/stm32cubeide_1.7.0/stm32cubeide/plugins/com.st.stm32cube.ide.mcu.externaltools.gnu-tools-for-stm32.9-2020-q2-update.win32_2.0.0.202105311346/tools/bin/../lib/gcc/arm-none-eabi/9.3.1/thumb/v7e-m+fp/hard/crtbegin.o
 *(.bss*)
 .bss.bMCBootCompleted
                0x00000000200006e8        0x1 ./Application/User/mc_tasks.o
                0x00000000200006e8                bMCBootCompleted
 *fill*         0x00000000200006e9        0x1 
 .bss.hBootCapDelayCounterM1
                0x00000000200006ea        0x2 ./Application/User/mc_tasks.o
 .bss.hMFTaskCounterM1
                0x00000000200006ec        0x2 ./Application/User/mc_tasks.o
 .bss.hStopPermanencyCounterM1
                0x00000000200006ee        0x2 ./Application/User/mc_tasks.o
 .bss.nullData16
                0x00000000200006f0        0x2 ./Application/User/register_interface.o
 *fill*         0x00000000200006f2        0x2 
 .bss.__sbrk_heap_end
                0x00000000200006f4        0x4 ./Application/User/sysmem.o
 .bss.GLOBAL_TIMESTAMP
                0x00000000200006f8        0x4 ./Middlewares/MotorControl/mcpa.o
                0x00000000200006f8                GLOBAL_TIMESTAMP
 .bss.__malloc_free_list
                0x00000000200006fc        0x4 e:/stm32cubeide_1.7.0/stm32cubeide/plugins/com.st.stm32cube.ide.mcu.externaltools.gnu-tools-for-stm32.9-2020-q2-update.win32_2.0.0.202105311346/tools/bin/../lib/gcc/arm-none-eabi/9.3.1/../../../../arm-none-eabi/lib/thumb/v7e-m+fp/hard\libc_nano.a(lib_a-nano-mallocr.o)
                0x00000000200006fc                __malloc_free_list
 .bss.__malloc_sbrk_start
                0x0000000020000700        0x4 e:/stm32cubeide_1.7.0/stm32cubeide/plugins/com.st.stm32cube.ide.mcu.externaltools.gnu-tools-for-stm32.9-2020-q2-update.win32_2.0.0.202105311346/tools/bin/../lib/gcc/arm-none-eabi/9.3.1/../../../../arm-none-eabi/lib/thumb/v7e-m+fp/hard\libc_nano.a(lib_a-nano-mallocr.o)
                0x0000000020000700                __malloc_sbrk_start
 *(COMMON)
 COMMON         0x0000000020000704      0x12a ./Application/User/main.o
                0x0000000020000704                KP_licz
                0x0000000020000708                komunikat
                0x0000000020000728                wartosc_KI
                0x000000002000072c                dl_kom
                0x000000002000072e                temperature
                0x0000000020000730                pom2
                0x0000000020000732                voltage
                0x0000000020000734                wartosc_KP
                0x0000000020000738                hadc1
                0x0000000020000780                KI_mian
                0x0000000020000782                pom1
                0x0000000020000784                buffer
                0x000000002000078a                KI_licz
                0x000000002000078c                current
                0x000000002000078e                znak
                0x0000000020000790                KP_mian
                0x0000000020000794                htim1
                0x00000000200007dc                speed_set
                0x00000000200007e0                zadanawartosc
                0x00000000200007e4                speed
                0x00000000200007e8                huart2
                0x000000002000082c                pom
                0x000000002000082d                stan
 *fill*         0x000000002000082e        0x2 
 COMMON         0x0000000020000830       0x38 ./Application/User/mc_config.o
                0x0000000020000830                Mci
                0x000000002000084c                STM
                0x0000000020000854                RealBusVoltageSensorFilterBufferM1
 COMMON         0x0000000020000868       0x3c ./Application/User/mc_tasks.o
                0x0000000020000868                pOCPDisabling
                0x000000002000086c                pwmcHandle
                0x0000000020000870                pR_Brake
                0x0000000020000874                FOCVars
                0x000000002000089c                pCLM
                0x00000000200008a0                pREMNG
 COMMON         0x00000000200008a4     0x128a ./Application/User/mcp_config.o
                0x00000000200008a4                dataPtrTableBuffA
                0x00000000200008cc                MCP_UserCallBack
                0x00000000200008d4                MCPSyncTxBuff
                0x00000000200009dc                dataSizeTableBuffA
                0x00000000200009e8                MCPAsyncBuffUARTA_B
                0x00000000200011f0                MCPSyncRXBuff
                0x00000000200012f4                dataPtrTableA
                0x000000002000131c                MCPAsyncBuffUARTA_A
                0x0000000020001b24                dataSizeTableA
 *fill*         0x0000000020001b2e        0x2 
 COMMON         0x0000000020001b30        0x4 ./Application/User/motorcontrol.o
                0x0000000020001b30                pMCI
 COMMON         0x0000000020001b34       0x3a ./Application/User/regular_conversion_manager.o
                0x0000000020001b34                RCM_UserConvHandle
                0x0000000020001b38                RCM_CB_array
                0x0000000020001b58                RCM_UserConvState
                0x0000000020001b5c                RCM_handle_array
                0x0000000020001b6c                RCM_UserConvValue
 *fill*         0x0000000020001b6e        0x2 
 COMMON         0x0000000020001b70        0x4 ./Drivers/STM32F4xx_HAL_Driver/stm32f4xx_hal.o
                0x0000000020001b70                uwTick
 COMMON         0x0000000020001b74        0x4 e:/stm32cubeide_1.7.0/stm32cubeide/plugins/com.st.stm32cube.ide.mcu.externaltools.gnu-tools-for-stm32.9-2020-q2-update.win32_2.0.0.202105311346/tools/bin/../lib/gcc/arm-none-eabi/9.3.1/../../../../arm-none-eabi/lib/thumb/v7e-m+fp/hard\libc_nano.a(lib_a-reent.o)
                0x0000000020001b74                errno
 COMMON         0x0000000020001b78        0x9 e:/stm32cubeide_1.7.0/stm32cubeide/plugins/com.st.stm32cube.ide.mcu.externaltools.gnu-tools-for-stm32.9-2020-q2-update.win32_2.0.0.202105311346/tools/bin/../lib/gcc/arm-none-eabi/9.3.1/../../../../arm-none-eabi/lib/thumb/v7e-m+fp/hard\libc_nano.a(lib_a-lock.o)
                0x0000000020001b78                __lock___atexit_recursive_mutex
                0x0000000020001b79                __lock___arc4random_mutex
                0x0000000020001b7a                __lock___env_recursive_mutex
                0x0000000020001b7b                __lock___sinit_recursive_mutex
                0x0000000020001b7c                __lock___malloc_recursive_mutex
                0x0000000020001b7d                __lock___at_quick_exit_mutex
                0x0000000020001b7e                __lock___dd_hash_mutex
                0x0000000020001b7f                __lock___tz_mutex
                0x0000000020001b80                __lock___sfp_recursive_mutex
                0x0000000020001b84                . = ALIGN (0x4)
 *fill*         0x0000000020001b81        0x3 
                0x0000000020001b84                _ebss = .
                0x0000000020001b84                __bss_end__ = _ebss

._user_heap_stack