Archive member included to satisfy reference by file (symbol)

../../MCSDK_v5.Y.3/MotorControl/lib\libmc-gcc_M4_NoCCMRAM.lib(revup_ctrl.o)
                              ./Application/User/mc_tasks.o (RUC_Init)
../../MCSDK_v5.Y.3/MotorControl/lib\libmc-gcc_M4_NoCCMRAM.lib(sto_pll_speed_pos_fdbk.o)
                              ./Application/User/mc_tasks.o (STO_PLL_CalcElAngle)
e:/stm32cubeide_1.7.0/stm32cubeide/plugins/com.st.stm32cube.ide.mcu.externaltools.gnu-tools-for-stm32.9-2020-q2-update.win32_2.0.0.202105311346/tools/bin/../lib/gcc/arm-none-eabi/9.3.1/../../../../arm-none-eabi/lib/thumb/v7e-m+fp/hard\libc_nano.a(lib_a-errno.o)
                              ./Application/User/syscalls.o (__errno)
e:/stm32cubeide_1.7.0/stm32cubeide/plugins/com.st.stm32cube.ide.mcu.externaltools.gnu-tools-for-stm32.9-2020-q2-update.win32_2.0.0.202105311346/tools/bin/../lib/gcc/arm-none-eabi/9.3.1/../../../../arm-none-eabi/lib/thumb/v7e-m+fp/hard\libc_nano.a(lib_a-exit.o)
                              e:/stm32cubeide_1.7.0/stm32cubeide/plugins/com.st.stm32cube.ide.mcu.externaltools.gnu-tools-for-stm32.9-2020-q2-update.win32_2.0.0.202105311346/tools/bin/../lib/gcc/arm-none-eabi/9.3.1/../../../../arm-none-eabi/lib/thumb/v7e-m+fp/hard/crt0.o (exit)
e:/stm32cubeide_1.7.0/stm32cubeide/plugins/com.st.stm32cube.ide.mcu.externaltools.gnu-tools-for-stm32.9-2020-q2-update.win32_2.0.0.202105311346/tools/bin/../lib/gcc/arm-none-eabi/9.3.1/../../../../arm-none-eabi/lib/thumb/v7e-m+fp/hard\libc_nano.a(lib_a-impure.o)
                              e:/stm32cubeide_1.7.0/stm32cubeide/plugins/com.st.stm32cube.ide.mcu.externaltools.gnu-tools-for-stm32.9-2020-q2-update.win32_2.0.0.202105311346/tools/bin/../lib/gcc/arm-none-eabi/9.3.1/../../../../arm-none-eabi/lib/thumb/v7e-m+fp/hard\libc_nano.a(lib_a-exit.o) (_global_impure_ptr)
e:/stm32cubeide_1.7.0/stm32cubeide/plugins/com.st.stm32cube.ide.mcu.externaltools.gnu-tools-for-stm32.9-2020-q2-update.win32_2.0.0.202105311346/tools/bin/../lib/gcc/arm-none-eabi/9.3.1/../../../../arm-none-eabi/lib/thumb/v7e-m+fp/hard\libc_nano.a(lib_a-init.o)
                              e:/stm32cubeide_1.7.0/stm32cubeide/plugins/com.st.stm32cube.ide.mcu.externaltools.gnu-tools-for-stm32.9-2020-q2-update.win32_2.0.0.202105311346/tools/bin/../lib/gcc/arm-none-eabi/9.3.1/../../../../arm-none-eabi/lib/thumb/v7e-m+fp/hard/crt0.o (__libc_init_array)
e:/stm32cubeide_1.7.0/stm32cubeide/plugins/com.st.stm32cube.ide.mcu.externaltools.gnu-tools-for-stm32.9-2020-q2-update.win32_2.0.0.202105311346/tools/bin/../lib/gcc/arm-none-eabi/9.3.1/../../../../arm-none-eabi/lib/thumb/v7e-m+fp/hard\libc_nano.a(lib_a-memcpy-stub.o)
                              ./Middlewares/MotorControl/mcpa.o (memcpy)
e:/stm32cubeide_1.7.0/stm32cubeide/plugins/com.st.stm32cube.ide.mcu.externaltools.gnu-tools-for-stm32.9-2020-q2-update.win32_2.0.0.202105311346/tools/bin/../lib/gcc/arm-none-eabi/9.3.1/../../../../arm-none-eabi/lib/thumb/v7e-m+fp/hard\libc_nano.a(lib_a-memset.o)
                              e:/stm32cubeide_1.7.0/stm32cubeide/plugins/com.st.stm32cube.ide.mcu.externaltools.gnu-tools-for-stm32.9-2020-q2-update.win32_2.0.0.202105311346/tools/bin/../lib/gcc/arm-none-eabi/9.3.1/../../../../arm-none-eabi/lib/thumb/v7e-m+fp/hard/crt0.o (memset)
e:/stm32cubeide_1.7.0/stm32cubeide/plugins/com.st.stm32cube.ide.mcu.externaltools.gnu-tools-for-stm32.9-2020-q2-update.win32_2.0.0.202105311346/tools/bin/../lib/gcc/arm-none-eabi/9.3.1/../../../../arm-none-eabi/lib/thumb/v7e-m+fp/hard\libc_nano.a(lib_a-nano-vfprintf_float.o)
                              (_printf_float)
e:/stm32cubeide_1.7.0/stm32cubeide/plugins/com.st.stm32cube.ide.mcu.externaltools.gnu-tools-for-stm32.9-2020-q2-update.win32_2.0.0.202105311346/tools/bin/../lib/gcc/arm-none-eabi/9.3.1/../../../../arm-none-eabi/lib/thumb/v7e-m+fp/hard\libc_nano.a(lib_a-nano-vfprintf_i.o)
                              e:/stm32cubeide_1.7.0/stm32cubeide/plugins/com.st.stm32cube.ide.mcu.externaltools.gnu-tools-for-stm32.9-2020-q2-update.win32_2.0.0.202105311346/tools/bin/../lib/gcc/arm-none-eabi/9.3.1/../../../../arm-none-eabi/lib/thumb/v7e-m+fp/hard\libc_nano.a(lib_a-nano-vfprintf_float.o) (_printf_common)
e:/stm32cubeide_1.7.0/stm32cubeide/plugins/com.st.stm32cube.ide.mcu.externaltools.gnu-tools-for-stm32.9-2020-q2-update.win32_2.0.0.202105311346/tools/bin/../lib/gcc/arm-none-eabi/9.3.1/../../../../arm-none-eabi/lib/thumb/v7e-m+fp/hard\libc_nano.a(lib_a-sprintf.o)
                              ./Application/User/ds_comm.o (sprintf)
e:/stm32cubeide_1.7.0/stm32cubeide/plugins/com.st.stm32cube.ide.mcu.externaltools.gnu-tools-for-stm32.9-2020-q2-update.win32_2.0.0.202105311346/tools/bin/../lib/gcc/arm-none-eabi/9.3.1/../../../../arm-none-eabi/lib/thumb/v7e-m+fp/hard\libc_nano.a(lib_a-strlen.o)
[...]
Memory Configuration

Name             Origin             Length             Attributes
RAM              0x0000000020000000 0x0000000000018000 xrw
FLASH            0x0000000008000000 0x0000000000080000 xr
*default*        0x0000000000000000 0xffffffffffffffff

Linker script and memory map

LOAD e:/stm32cubeide_1.7.0/stm32cubeide/plugins/com.st.stm32cube.ide.mcu.externaltools.gnu-tools-for-stm32.9-2020-q2-update.win32_2.0.0.202105311346/tools/bin/../lib/gcc/arm-none-eabi/9.3.1/thumb/v7e-m+fp/hard/crti.o
LOAD e:/stm32cubeide_1.7.0/stm32cubeide/plugins/com.st.stm32cube.ide.mcu.externaltools.gnu-tools-for-stm32.9-2020-q2-update.win32_2.0.0.202105311346/tools/bin/../lib/gcc/arm-none-eabi/9.3.1/thumb/v7e-m+fp/hard/crtbegin.o
LOAD e:/stm32cubeide_1.7.0/stm32cubeide/plugins/com.st.stm32cube.ide.mcu.externaltools.gnu-tools-for-stm32.9-2020-q2-update.win32_2.0.0.202105311346/tools/bin/../lib/gcc/arm-none-eabi/9.3.1/../../../../arm-none-eabi/lib/thumb/v7e-m+fp/hard/crt0.o
LOAD ./Application/Startup/startup_stm32f401retx.o
LOAD ./Application/User/aspep.o
LOAD ./Application/User/ds_comm.o
LOAD ./Application/User/main.o
LOAD ./Application/User/mc_api.o
LOAD ./Application/User/mc_config.o
LOAD ./Application/User/mc_configuration_registers.o
LOAD ./Application/User/mc_interface.o
LOAD ./Application/User/mc_math.o
LOAD ./Application/User/mc_parameters.o
LOAD ./Application/User/mc_tasks.o
LOAD ./Application/User/mcp_config.o
LOAD ./Application/User/motorcontrol.o
LOAD ./Application/User/pwm_curr_fdbk.o
LOAD ./Application/User/register_interface.o
LOAD ./Application/User/regular_conversion_manager.o
LOAD ./Application/User/stm32f4xx_hal_msp.o
LOAD ./Application/User/stm32f4xx_it.o
LOAD ./Application/User/stm32f4xx_mc_it.o
LOAD ./Application/User/syscalls.o
LOAD ./Application/User/sysmem.o
LOAD ./Application/User/usart_aspep_driver.o
LOAD ./Drivers/CMSIS/system_stm32f4xx.o
LOAD ./Drivers/STM32F4xx_HAL_Driver/stm32f4xx_hal.o
LOAD ./Drivers/STM32F4xx_HAL_Driver/stm32f4xx_hal_adc.o
LOAD ./Drivers/STM32F4xx_HAL_Driver/stm32f4xx_hal_adc_ex.o
LOAD ./Drivers/STM32F4xx_HAL_Driver/stm32f4xx_hal_cortex.o
LOAD ./Drivers/STM32F4xx_HAL_Driver/stm32f4xx_hal_dma.o
LOAD ./Drivers/STM32F4xx_HAL_Driver/stm32f4xx_hal_dma_ex.o
LOAD ./Drivers/STM32F4xx_HAL_Driver/stm32f4xx_hal_exti.o
LOAD ./Drivers/STM32F4xx_HAL_Driver/stm32f4xx_hal_flash.o
LOAD ./Drivers/STM32F4xx_HAL_Driver/stm32f4xx_hal_flash_ex.o
LOAD ./Drivers/STM32F4xx_HAL_Driver/stm32f4xx_hal_flash_ramfunc.o
LOAD ./Drivers/STM32F4xx_HAL_Driver/stm32f4xx_hal_gpio.o
LOAD ./Drivers/STM32F4xx_HAL_Driver/stm32f4xx_hal_pwr.o
LOAD ./Drivers/STM32F4xx_HAL_Driver/stm32f4xx_hal_pwr_ex.o
LOAD ./Drivers/STM32F4xx_HAL_Driver/stm32f4xx_hal_rcc.o
LOAD ./Drivers/STM32F4xx_HAL_Driver/stm32f4xx_hal_rcc_ex.o
LOAD ./Drivers/STM32F4xx_HAL_Driver/stm32f4xx_hal_tim.o
LOAD ./Drivers/STM32F4xx_HAL_Driver/stm32f4xx_hal_tim_ex.o
LOAD ./Drivers/STM32F4xx_HAL_Driver/stm32f4xx_hal_uart.o
LOAD ./Drivers/STM32F4xx_HAL_Driver/stm32f4xx_ll_adc.o
LOAD ./Middlewares/MotorControl/bus_voltage_sensor.o
LOAD ./Middlewares/MotorControl/circle_limitation.o
LOAD ./Middlewares/MotorControl/digital_output.o
LOAD ./Middlewares/MotorControl/mcp.o
LOAD ./Middlewares/MotorControl/mcpa.o
LOAD ./Middlewares/MotorControl/motor_power_measurement.o
LOAD ./Middlewares/MotorControl/ntc_temperature_sensor.o
LOAD ./Middlewares/MotorControl/open_loop.o
LOAD ./Middlewares/MotorControl/pid_regulator.o
LOAD ./Middlewares/MotorControl/pqd_motor_power_measurement.o
LOAD ./Middlewares/MotorControl/pwm_common.o
LOAD ./Middlewares/MotorControl/r3_1_f4xx_pwm_curr_fdbk.o
LOAD ./Middlewares/MotorControl/r_divider_bus_voltage_sensor.o
LOAD ./Middlewares/MotorControl/ramp_ext_mngr.o
LOAD ./Middlewares/MotorControl/speed_pos_fdbk.o
LOAD ./Middlewares/MotorControl/speed_torq_ctrl.o
LOAD ./Middlewares/MotorControl/state_machine.o
LOAD ./Middlewares/MotorControl/virtual_speed_sensor.o
LOAD ../../MCSDK_v5.Y.3/MotorControl/lib\libmc-gcc_M4_NoCCMRAM.lib
START GROUP
LOAD e:/stm32cubeide_1.7.0/stm32cubeide/plugins/com.st.stm32cube.ide.mcu.externaltools.gnu-tools-for-stm32.9-2020-q2-update.win32_2.0.0.202105311346/tools/bin/../lib/gcc/arm-none-eabi/9.3.1/../../../../arm-none-eabi/lib/thumb/v7e-m+fp/hard\libc_nano.a
LOAD e:/stm32cubeide_1.7.0/stm32cubeide/plugins/com.st.stm32cube.ide.mcu.externaltools.gnu-tools-for-stm32.9-2020-q2-update.win32_2.0.0.202105311346/tools/bin/../lib/gcc/arm-none-eabi/9.3.1/../../../../arm-none-eabi/lib/thumb/v7e-m+fp/hard\libm.a
END GROUP
START GROUP
LOAD e:/stm32cubeide_1.7.0/stm32cubeide/plugins/com.st.stm32cube.ide.mcu.externaltools.gnu-tools-for-stm32.9-2020-q2-update.win32_2.0.0.202105311346/tools/bin/../lib/gcc/arm-none-eabi/9.3.1/thumb/v7e-m+fp/hard\libgcc.a
LOAD e:/stm32cubeide_1.7.0/stm32cubeide/plugins/com.st.stm32cube.ide.mcu.externaltools.gnu-tools-for-stm32.9-2020-q2-update.win32_2.0.0.202105311346/tools/bin/../lib/gcc/arm-none-eabi/9.3.1/../../../../arm-none-eabi/lib/thumb/v7e-m+fp/hard\libc_nano.a
END GROUP
START GROUP
LOAD e:/stm32cubeide_1.7.0/stm32cubeide/plugins/com.st.stm32cube.ide.mcu.externaltools.gnu-tools-for-stm32.9-2020-q2-update.win32_2.0.0.202105311346/tools/bin/../lib/gcc/arm-none-eabi/9.3.1/thumb/v7e-m+fp/hard\libgcc.a
LOAD e:/stm32cubeide_1.7.0/stm32cubeide/plugins/com.st.stm32cube.ide.mcu.externaltools.gnu-tools-for-stm32.9-2020-q2-update.win32_2.0.0.202105311346/tools/bin/../lib/gcc/arm-none-eabi/9.3.1/../../../../arm-none-eabi/lib/thumb/v7e-m+fp/hard\libc_nano.a
LOAD e:/stm32cubeide_1.7.0/stm32cubeide/plugins/com.st.stm32cube.ide.mcu.externaltools.gnu-tools-for-stm32.9-2020-q2-update.win32_2.0.0.202105311346/tools/bin/../lib/gcc/arm-none-eabi/9.3.1/../../../../arm-none-eabi/lib/thumb/v7e-m+fp/hard\libnosys.a
END GROUP
START GROUP
LOAD e:/stm32cubeide_1.7.0/stm32cubeide/plugins/com.st.stm32cube.ide.mcu.externaltools.gnu-tools-for-stm32.9-2020-q2-update.win32_2.0.0.202105311346/tools/bin/../lib/gcc/arm-none-eabi/9.3.1/thumb/v7e-m+fp/hard\libgcc.a
LOAD e:/stm32cubeide_1.7.0/stm32cubeide/plugins/com.st.stm32cube.ide.mcu.externaltools.gnu-tools-for-stm32.9-2020-q2-update.win32_2.0.0.202105311346/tools/bin/../lib/gcc/arm-none-eabi/9.3.1/../../../../arm-none-eabi/lib/thumb/v7e-m+fp/hard\libc_nano.a
LOAD e:/stm32cubeide_1.7.0/stm32cubeide/plugins/com.st.stm32cube.ide.mcu.externaltools.gnu-tools-for-stm32.9-2020-q2-update.win32_2.0.0.202105311346/tools/bin/../lib/gcc/arm-none-eabi/9.3.1/../../../../arm-none-eabi/lib/thumb/v7e-m+fp/hard\libnosys.a
END GROUP
LOAD e:/stm32cubeide_1.7.0/stm32cubeide/plugins/com.st.stm32cube.ide.mcu.externaltools.gnu-tools-for-stm32.9-2020-q2-update.win32_2.0.0.202105311346/tools/bin/../lib/gcc/arm-none-eabi/9.3.1/thumb/v7e-m+fp/hard/crtend.o
LOAD e:/stm32cubeide_1.7.0/stm32cubeide/plugins/com.st.stm32cube.ide.mcu.externaltools.gnu-tools-for-stm32.9-2020-q2-update.win32_2.0.0.202105311346/tools/bin/../lib/gcc/arm-none-eabi/9.3.1/thumb/v7e-m+fp/hard/crtn.o
                0x0000000020018000                _estack = (ORIGIN (RAM) + LENGTH (RAM))
                0x0000000000000200                _Min_Heap_Size = 0x200
                0x0000000000000400                _Min_Stack_Size = 0x400

.isr_vector     0x0000000008000000      0x194
                0x0000000008000000                . = ALIGN (0x4)
 *(.isr_vector)
 .isr_vector    0x0000000008000000      0x194 ./Application/Startup/startup_stm32f401retx.o
                0x0000000008000000                g_pfnVectors
                0x0000000008000194                . = ALIGN (0x4)

.text           0x00000000080001a0     0xb138
                0x00000000080001a0                . = ALIGN (0x4)
 *(.text)
 .text          0x00000000080001a0       0x40 e:/stm32cubeide_1.7.0/stm32cubeide/plugins/com.st.stm32cube.ide.mcu.externaltools.gnu-tools-for-stm32.9-2020-q2-update.win32_2.0.0.202105311346/tools/bin/../lib/gcc/arm-none-eabi/9.3.1/thumb/v7e-m+fp/hard/crtbegin.o
 .text          0x00000000080001e0       0x10 e:/stm32cubeide_1.7.0/stm32cubeide/plugins/com.st.stm32cube.ide.mcu.externaltools.gnu-tools-for-stm32.9-2020-q2-update.win32_2.0.0.202105311346/tools/bin/../lib/gcc/arm-none-eabi/9.3.1/../../../../arm-none-eabi/lib/thumb/v7e-m+fp/hard\libc_nano.a(lib_a-strlen.o)
                0x00000000080001e0                strlen
 .text          0x00000000080001f0       0xa0 e:/stm32cubeide_1.7.0/stm32cubeide/plugins/com.st.stm32cube.ide.mcu.externaltools.gnu-tools-for-stm32.9-2020-q2-update.win32_2.0.0.202105311346/tools/bin/../lib/gcc/arm-none-eabi/9.3.1/../../../../arm-none-eabi/lib/thumb/v7e-m+fp/hard\libc_nano.a(lib_a-memchr.o)
                0x00000000080001f0                memchr
 .text          0x0000000008000290      0x378 e:/stm32cubeide_1.7.0/stm32cubeide/plugins/com.st.stm32cube.ide.mcu.externaltools.gnu-tools-for-stm32.9-2020-q2-update.win32_2.0.0.202105311346/tools/bin/../lib/gcc/arm-none-eabi/9.3.1/thumb/v7e-m+fp/hard\libgcc.a(_arm_addsubdf3.o)
                0x0000000008000290                __aeabi_drsub
                0x0000000008000298                __aeabi_dsub
                0x0000000008000298                __subdf3
                0x000000000800029c                __aeabi_dadd
                0x000000000800029c                __adddf3
                0x0000000008000514                __floatunsidf
                0x0000000008000514                __aeabi_ui2d
                0x0000000008000534                __floatsidf
                0x0000000008000534                __aeabi_i2d
                0x0000000008000558                __aeabi_f2d
                0x0000000008000558                __extendsfdf2
                0x000000000800059c                __floatundidf
                0x000000000800059c                __aeabi_ul2d
                0x00000000080005ac                __floatdidf
                0x00000000080005ac                __aeabi_l2d
 .text          0x0000000008000608      0x424 e:/stm32cubeide_1.7.0/stm32cubeide/plugins/com.st.stm32cube.ide.mcu.externaltools.gnu-tools-for-stm32.9-2020-q2-update.win32_2.0.0.202105311346/tools/bin/../lib/gcc/arm-none-eabi/9.3.1/thumb/v7e-m+fp/hard\libgcc.a(_arm_muldivdf3.o)
                0x0000000008000608                __aeabi_dmul
                0x0000000008000608                __muldf3
                0x000000000800085c                __divdf3
                0x000000000800085c                __aeabi_ddiv
 .text          0x0000000008000a2c      0x110 e:/stm32cubeide_1.7.0/stm32cubeide/plugins/com.st.stm32cube.ide.mcu.externaltools.gnu-tools-for-stm32.9-2020-q2-update.win32_2.0.0.202105311346/tools/bin/../lib/gcc/arm-none-eabi/9.3.1/thumb/v7e-m+fp/hard\libgcc.a(_arm_cmpdf2.o)
                0x0000000008000a2c                __gtdf2
                0x0000000008000a2c                __gedf2
                0x0000000008000a34                __ltdf2
                0x0000000008000a34                __ledf2
                0x0000000008000a3c                __nedf2
                0x0000000008000a3c                __eqdf2
                0x0000000008000a3c                __cmpdf2
                0x0000000008000ab8                __aeabi_cdrcmple
                0x0000000008000ac8                __aeabi_cdcmpeq
                0x0000000008000ac8                __aeabi_cdcmple
                0x0000000008000ad8                __aeabi_dcmpeq
                0x0000000008000aec                __aeabi_dcmplt
                0x0000000008000b00                __aeabi_dcmple
                0x0000000008000b14                __aeabi_dcmpge
                0x0000000008000b28                __aeabi_dcmpgt
 .text          0x0000000008000b3c       0x2c e:/stm32cubeide_1.7.0/stm32cubeide/plugins/com.st.stm32cube.ide.mcu.externaltools.gnu-tools-for-stm32.9-2020-q2-update.win32_2.0.0.202105311346/tools/bin/../lib/gcc/arm-none-eabi/9.3.1/thumb/v7e-m+fp/hard\libgcc.a(_arm_unorddf2.o)
                0x0000000008000b3c                __unorddf2
                0x0000000008000b3c                __aeabi_dcmpun
 .text          0x0000000008000b68       0x50 e:/stm32cubeide_1.7.0/stm32cubeide/plugins/com.st.stm32cube.ide.mcu.externaltools.gnu-tools-for-stm32.9-2020-q2-update.win32_2.0.0.202105311346/tools/bin/../lib/gcc/arm-none-eabi/9.3.1/thumb/v7e-m+fp/hard\libgcc.a(_arm_fixdfsi.o)
                0x0000000008000b68                __aeabi_d2iz
                0x0000000008000b68                __fixdfsi
 .text          0x0000000008000bb8       0xa0 e:/stm32cubeide_1.7.0/stm32cubeide/plugins/com.st.stm32cube.ide.mcu.externaltools.gnu-tools-for-stm32.9-2020-q2-update.win32_2.0.0.202105311346/tools/bin/../lib/gcc/arm-none-eabi/9.3.1/thumb/v7e-m+fp/hard\libgcc.a(_arm_truncdfsf2.o)
                0x0000000008000bb8                __truncdfsf2
                0x0000000008000bb8                __aeabi_d2f
 .text          0x0000000008000c58       0x30 e:/stm32cubeide_1.7.0/stm32cubeide/plugins/com.st.stm32cube.ide.mcu.externaltools.gnu-tools-for-stm32.9-2020-q2-update.win32_2.0.0.202105311346/tools/bin/../lib/gcc/arm-none-eabi/9.3.1/thumb/v7e-m+fp/hard\libgcc.a(_aeabi_uldivmod.o)
                0x0000000008000c58                __aeabi_uldivmod
 .text          0x0000000008000c88      0x2c4 e:/stm32cubeide_1.7.0/stm32cubeide/plugins/com.st.stm32cube.ide.mcu.externaltools.gnu-tools-for-stm32.9-2020-q2-update.win32_2.0.0.202105311346/tools/bin/../lib/gcc/arm-none-eabi/9.3.1/thumb/v7e-m+fp/hard\libgcc.a(_udivmoddi4.o)
                0x0000000008000c88                __udivmoddi4
 .text          0x0000000008000f4c        0x4 e:/stm32cubeide_1.7.0/stm32cubeide/plugins/com.st.stm32cube.ide.mcu.externaltools.gnu-tools-for-stm32.9-2020-q2-update.win32_2.0.0.202105311346/tools/bin/../lib/gcc/arm-none-eabi/9.3.1/thumb/v7e-m+fp/hard\libgcc.a(_dvmd_tls.o)
                0x0000000008000f4c                __aeabi_idiv0
                0x0000000008000f4c                __aeabi_ldiv0
 *(.text*)
 .text.Reset_Handler
                0x0000000008000f50       0x50 ./Application/Startup/startup_stm32f401retx.o
                0x0000000008000f50                Reset_Handler
 .text.Default_Handler
                0x0000000008000fa0        0x2 ./Application/Startup/startup_stm32f401retx.o
                0x0000000008000fa0                RTC_Alarm_IRQHandler
                0x0000000008000fa0                EXTI2_IRQHandler
                0x0000000008000fa0                DebugMon_Handler
                0x0000000008000fa0                SPI4_IRQHandler
                0x0000000008000fa0                TIM1_CC_IRQHandler
                0x0000000008000fa0                DMA2_Stream5_IRQHandler
                0x0000000008000fa0                PVD_IRQHandler
                0x0000000008000fa0                SDIO_IRQHandler
                0x0000000008000fa0                TAMP_STAMP_IRQHandler
                0x0000000008000fa0                PendSV_Handler
                0x0000000008000fa0                NMI_Handler
                0x0000000008000fa0                EXTI3_IRQHandler
                0x0000000008000fa0                I2C3_ER_IRQHandler
                0x0000000008000fa0                EXTI0_IRQHandler
                0x0000000008000fa0                I2C2_EV_IRQHandler
                0x0000000008000fa0                DMA1_Stream2_IRQHandler
                0x0000000008000fa0                FPU_IRQHandler
                0x0000000008000fa0                UsageFault_Handler
                0x0000000008000fa0                DMA2_Stream2_IRQHandler
                0x0000000008000fa0                SPI1_IRQHandler
                0x0000000008000fa0                DMA2_Stream3_IRQHandler
                0x0000000008000fa0                USART6_IRQHandler
                0x0000000008000fa0                DMA2_Stream0_IRQHandler
                0x0000000008000fa0                TIM4_IRQHandler
                0x0000000008000fa0                I2C1_EV_IRQHandler
                0x0000000008000fa0                DMA1_Stream6_IRQHandler
                0x0000000008000fa0                DMA1_Stream1_IRQHandler
                0x0000000008000fa0                TIM3_IRQHandler
                0x0000000008000fa0                RCC_IRQHandler
                0x0000000008000fa0                Default_Handler
                0x0000000008000fa0                DMA1_Stream7_IRQHandler
                0x0000000008000fa0                TIM5_IRQHandler
                0x0000000008000fa0                DMA2_Stream7_IRQHandler
                0x0000000008000fa0                I2C3_EV_IRQHandler
                0x0000000008000fa0                EXTI9_5_IRQHandler
                0x0000000008000fa0                RTC_WKUP_IRQHandler
                0x0000000008000fa0                SPI2_IRQHandler
                0x0000000008000fa0                MemManage_Handler
                0x0000000008000fa0                DMA1_Stream0_IRQHandler
                0x0000000008000fa0                SVC_Handler
                0x0000000008000fa0                EXTI4_IRQHandler
                0x0000000008000fa0                WWDG_IRQHandler
                0x0000000008000fa0                TIM2_IRQHandler
                0x0000000008000fa0                OTG_FS_WKUP_IRQHandler
                0x0000000008000fa0                TIM1_TRG_COM_TIM11_IRQHandler
                0x0000000008000fa0                EXTI1_IRQHandler
                0x0000000008000fa0                I2C2_ER_IRQHandler
                0x0000000008000fa0                DMA2_Stream1_IRQHandler
                0x0000000008000fa0                FLASH_IRQHandler
                0x0000000008000fa0                DMA2_Stream4_IRQHandler
                0x0000000008000fa0                BusFault_Handler
                0x0000000008000fa0                USART1_IRQHandler
                0x0000000008000fa0                OTG_FS_IRQHandler
                0x0000000008000fa0                SPI3_IRQHandler
                0x0000000008000fa0                DMA1_Stream4_IRQHandler
                0x0000000008000fa0                I2C1_ER_IRQHandler
                0x0000000008000fa0                DMA2_Stream6_IRQHandler
                0x0000000008000fa0                DMA1_Stream3_IRQHandler
 *fill*         0x0000000008000fa2        0x2 
 .text.ASPEP_start
                0x0000000008000fa4       0x24 ./Application/User/aspep.o
                0x0000000008000fa4                ASPEP_start
 .text.ASPEP_sendBeacon
                0x0000000008000fc8       0x84 ./Application/User/aspep.o
                0x0000000008000fc8                ASPEP_sendBeacon
 .text.ASPEP_sendPing
                0x000000000800104c       0x8c ./Application/User/aspep.o
                0x000000000800104c                ASPEP_sendPing
 .text.ASPEP_getBuffer
                0x00000000080010d8       0x6c ./Application/User/aspep.o
                0x00000000080010d8                ASPEP_getBuffer
 .text.ASPEP_sendPacket
                0x0000000008001144      0x11c ./Application/User/aspep.o
                0x0000000008001144                ASPEP_sendPacket
 .text.ASPEP_RXframeProcess
                0x0000000008001260      0x2ac ./Application/User/aspep.o
                0x0000000008001260                ASPEP_RXframeProcess
 .text.ASPEP_HWDataReceivedIT
                0x000000000800150c       0xa0 ./Application/User/aspep.o
                0x000000000800150c                ASPEP_HWDataReceivedIT
 .text.Ds_Init  0x00000000080015ac       0x30 ./Application/User/ds_comm.o
                0x00000000080015ac                Ds_Init
 *fill*         0x00000000080015dc        0x4 
 .text.Ds_ObslugaKomunikacji
                0x00000000080015e0      0x248 ./Application/User/ds_comm.o
                0x00000000080015e0                Ds_ObslugaKomunikacji
 .text.Ds_Interrupt
                0x0000000008001828      0x344 ./Application/User/ds_comm.o
                0x0000000008001828                Ds_Interrupt
 .text.SystemClock_Config
                0x0000000008001b6c       0xac ./Application/User/main.o
                0x0000000008001b6c                SystemClock_Config
 .text.startup.main
                0x0000000008001c18      0x364 ./Application/User/main.o
                0x0000000008001c18                main
 .text.HAL_UART_RxCpltCallback
                0x0000000008001f7c       0x18 ./Application/User/main.o
                0x0000000008001f7c                HAL_UART_RxCpltCallback
 .text.MC_StartMotor1
                0x0000000008001f94        0xc ./Application/User/mc_api.o
                0x0000000008001f94                MC_StartMotor1
 .text.MC_StopMotor1
                0x0000000008001fa0        0xc ./Application/User/mc_api.o
                0x0000000008001fa0                MC_StopMotor1
 .text.MC_ProgramSpeedRampMotor1
                0x0000000008001fac       0x10 ./Application/User/mc_api.o
                0x0000000008001fac                MC_ProgramSpeedRampMotor1
 .text.MC_GetMecSpeedAverageMotor1
                0x0000000008001fbc        0xc ./Application/User/mc_api.o
                0x0000000008001fbc                MC_GetMecSpeedAverageMotor1
 .text.MC_GetPhaseCurrentAmplitudeMotor1
                0x0000000008001fc8        0xc ./Application/User/mc_api.o
                0x0000000008001fc8                MC_GetPhaseCurrentAmplitudeMotor1
 .text.MC_GetPhaseVoltageAmplitudeMotor1
                0x0000000008001fd4        0xc ./Application/User/mc_api.o
                0x0000000008001fd4                MC_GetPhaseVoltageAmplitudeMotor1
 .text.MC_GetSTMStateMotor1
                0x0000000008001fe0        0xc ./Application/User/mc_api.o
                0x0000000008001fe0                MC_GetSTMStateMotor1
 .text.MCI_Init
                0x0000000008001fec       0x1c ./Application/User/mc_interface.o
                0x0000000008001fec                MCI_Init
 .text.MCI_ExecSpeedRamp
                0x0000000008002008       0x18 ./Application/User/mc_interface.o
                0x0000000008002008                MCI_ExecSpeedRamp
 .text.MCI_ExecTorqueRamp
                0x0000000008002020       0x14 ./Application/User/mc_interface.o
                0x0000000008002020                MCI_ExecTorqueRamp
 .text.MCI_SetCurrentReferences
                0x0000000008002034       0x14 ./Application/User/mc_interface.o
                0x0000000008002034                MCI_SetCurrentReferences
 .text.MCI_StartMotor
                0x0000000008002048       0x14 ./Application/User/mc_interface.o
                0x0000000008002048                MCI_StartMotor
 .text.MCI_StopMotor
                0x000000000800205c        0x8 ./Application/User/mc_interface.o
                0x000000000800205c                MCI_StopMotor
 .text.MCI_FaultAcknowledged
                0x0000000008002064        0x8 ./Application/User/mc_interface.o
                0x0000000008002064                MCI_FaultAcknowledged
 .text.MCI_EncoderAlign
                0x000000000800206c        0x8 ./Application/User/mc_interface.o
                0x000000000800206c                MCI_EncoderAlign
 .text.MCI_ExecBufferedCommands
                0x0000000008002074       0x78 ./Application/User/mc_interface.o
                0x0000000008002074                MCI_ExecBufferedCommands
 .text.MCI_GetSTMState
                0x00000000080020ec        0x8 ./Application/User/mc_interface.o
                0x00000000080020ec                MCI_GetSTMState
 .text.MCI_GetControlMode
                0x00000000080020f4        0x4 ./Application/User/mc_interface.o
                0x00000000080020f4                MCI_GetControlMode
 .text.MCI_GetImposedMotorDirection
                0x00000000080020f8       0x44 ./Application/User/mc_interface.o
                0x00000000080020f8                MCI_GetImposedMotorDirection
 .text.MCI_GetLastRampFinalSpeed
                0x000000000800213c        0x8 ./Application/User/mc_interface.o
                0x000000000800213c                MCI_GetLastRampFinalSpeed
 .text.MCI_GetLastRampFinalTorque
                0x0000000008002144        0x8 ./Application/User/mc_interface.o
                0x0000000008002144                MCI_GetLastRampFinalTorque
 .text.MCI_GetLastRampFinalDuration
                0x000000000800214c        0x4 ./Application/User/mc_interface.o
                0x000000000800214c                MCI_GetLastRampFinalDuration
 .text.MCI_StopRamp
                0x0000000008002150        0x8 ./Application/User/mc_interface.o
                0x0000000008002150                MCI_StopRamp
 .text.MCI_GetAvrgMecSpeedUnit
                0x0000000008002158       0x10 ./Application/User/mc_interface.o
                0x0000000008002158                MCI_GetAvrgMecSpeedUnit
 .text.MCI_GetMecSpeedRefUnit
                0x0000000008002168        0x8 ./Application/User/mc_interface.o
                0x0000000008002168                MCI_GetMecSpeedRefUnit
 .text.MCI_GetIab
                0x0000000008002170       0x1c ./Application/User/mc_interface.o
                0x0000000008002170                MCI_GetIab
 .text.MCI_GetIalphabeta
                0x000000000800218c       0x1c ./Application/User/mc_interface.o
                0x000000000800218c                MCI_GetIalphabeta
 .text.MCI_GetIqd
                0x00000000080021a8       0x1c ./Application/User/mc_interface.o
                0x00000000080021a8                MCI_GetIqd
 .text.MCI_GetIqdref
                0x00000000080021c4       0x1c ./Application/User/mc_interface.o
                0x00000000080021c4                MCI_GetIqdref
 .text.MCI_GetVqd
                0x00000000080021e0       0x1c ./Application/User/mc_interface.o
                0x00000000080021e0                MCI_GetVqd
 .text.MCI_GetValphabeta
                0x00000000080021fc       0x1c ./Application/User/mc_interface.o
                0x00000000080021fc                MCI_GetValphabeta
 .text.MCI_GetTeref
                0x0000000008002218        0x8 ./Application/User/mc_interface.o
                0x0000000008002218                MCI_GetTeref
 .text.MCI_GetPhaseCurrentAmplitude
                0x0000000008002220       0x28 ./Application/User/mc_interface.o
                0x0000000008002220                MCI_GetPhaseCurrentAmplitude
 .text.MCI_GetPhaseVoltageAmplitude
                0x0000000008002248       0x28 ./Application/User/mc_interface.o
                0x0000000008002248                MCI_GetPhaseVoltageAmplitude
 .text.MCI_Clear_Iqdref
                0x0000000008002270       0x14 ./Application/User/mc_interface.o
                0x0000000008002270                MCI_Clear_Iqdref
 .text.MCM_Clarke
                0x0000000008002284       0x54 ./Application/User/mc_math.o
                0x0000000008002284                MCM_Clarke
 .text.MCM_Trig_Functions
                0x00000000080022d8       0x98 ./Application/User/mc_math.o
                0x00000000080022d8                MCM_Trig_Functions
 .text.MCM_Park
                0x0000000008002370       0x84 ./Application/User/mc_math.o
                0x0000000008002370                MCM_Park
 .text.MCM_Rev_Park
                0x00000000080023f4       0x40 ./Application/User/mc_math.o
                0x00000000080023f4                MCM_Rev_Park
 .text.MCM_Sqrt
                0x0000000008002434       0x70 ./Application/User/mc_math.o
                0x0000000008002434                MCM_Sqrt
 .text.FOC_Clear
                0x00000000080024a4       0x88 ./Application/User/mc_tasks.o
                0x00000000080024a4                FOC_Clear
 .text.MCboot   0x000000000800252c      0x148 ./Application/User/mc_tasks.o
                0x000000000800252c                MCboot
 .text.FOC_InitAdditionalMethods
                0x0000000008002674        0x4 ./Application/User/mc_tasks.o
                0x0000000008002674                FOC_InitAdditionalMethods
 .text.FOC_CalcCurrRef
                0x0000000008002678       0x2c ./Application/User/mc_tasks.o
                0x0000000008002678                FOC_CalcCurrRef
 .text.TSK_SetChargeBootCapDelayM1
                0x00000000080026a4        0xc ./Application/User/mc_tasks.o
                0x00000000080026a4                TSK_SetChargeBootCapDelayM1
 .text.TSK_ChargeBootCapDelayHasElapsedM1
                0x00000000080026b0       0x14 ./Application/User/mc_tasks.o
                0x00000000080026b0                TSK_ChargeBootCapDelayHasElapsedM1
 .text.TSK_SetStopPermanencyTimeM1
                0x00000000080026c4        0xc ./Application/User/mc_tasks.o
                0x00000000080026c4                TSK_SetStopPermanencyTimeM1
 .text.TSK_StopPermanencyTimeHasElapsedM1
                0x00000000080026d0       0x14 ./Application/User/mc_tasks.o
                0x00000000080026d0                TSK_StopPermanencyTimeHasElapsedM1
 .text.TSK_MediumFrequencyTaskM1
                0x00000000080026e4      0x298 ./Application/User/mc_tasks.o
                0x00000000080026e4                TSK_MediumFrequencyTaskM1
 .text.MC_Scheduler
                0x000000000800297c       0x90 ./Application/User/mc_tasks.o
                0x000000000800297c                MC_Scheduler
 .text.TSK_HighFrequencyTask
                0x0000000008002a0c      0x1a0 ./Application/User/mc_tasks.o
                0x0000000008002a0c                TSK_HighFrequencyTask
 .text.TSK_SafetyTask_PWMOFF
                0x0000000008002bac       0xb4 ./Application/User/mc_tasks.o
                0x0000000008002bac                TSK_SafetyTask_PWMOFF
 .text.TSK_SafetyTask
                0x0000000008002c60       0x20 ./Application/User/mc_tasks.o
                0x0000000008002c60                TSK_SafetyTask
 .text.MC_RunMotorControlTasks
                0x0000000008002c80       0x18 ./Application/User/mc_tasks.o
                0x0000000008002c80                MC_RunMotorControlTasks
 .text.TSK_HardwareFaultTask
                0x0000000008002c98       0x20 ./Application/User/mc_tasks.o
                0x0000000008002c98                TSK_HardwareFaultTask
 .text.UI_HandleStartStopButton_cb
                0x0000000008002cb8       0x18 ./Application/User/mc_tasks.o
                0x0000000008002cb8                UI_HandleStartStopButton_cb
 .text.mc_lock_pins
                0x0000000008002cd0       0xec ./Application/User/mc_tasks.o
                0x0000000008002cd0                mc_lock_pins
 .text.MX_MotorControl_Init
                0x0000000008002dbc       0x28 ./Application/User/motorcontrol.o
                0x0000000008002dbc                MX_MotorControl_Init
 .text.PWMC_GetPhaseCurrents
                0x0000000008002de4        0x4 ./Application/User/pwm_curr_fdbk.o
                0x0000000008002de4                PWMC_GetPhaseCurrents
 .text.PWMC_SetPhaseVoltage
                0x0000000008002de8      0x268 ./Application/User/pwm_curr_fdbk.o
                0x0000000008002de8                PWMC_SetPhaseVoltage
 .text.PWMC_SwitchOffPWM
                0x0000000008003050        0x4 ./Application/User/pwm_curr_fdbk.o
                0x0000000008003050                PWMC_SwitchOffPWM
 .text.PWMC_CurrentReadingCalibr
                0x0000000008003054       0x54 ./Application/User/pwm_curr_fdbk.o
                0x0000000008003054                PWMC_CurrentReadingCalibr
 .text.PWMC_CheckOverCurrent
                0x00000000080030a8        0x4 ./Application/User/pwm_curr_fdbk.o
                0x00000000080030a8                PWMC_CheckOverCurrent
 .text.RI_SetRegCommandParser
                0x00000000080030ac      0x74c ./Application/User/register_interface.o
                0x00000000080030ac                RI_SetRegCommandParser
 .text.RI_GetRegCommandParser
                0x00000000080037f8      0x8c4 ./Application/User/register_interface.o
                0x00000000080037f8                RI_GetRegCommandParser
 .text.RI_GetIDSize
                0x00000000080040bc       0x18 ./Application/User/register_interface.o
                0x00000000080040bc                RI_GetIDSize
 .text.RI_GetPtrReg
                0x00000000080040d4      0x1c8 ./Application/User/register_interface.o
                0x00000000080040d4                RI_GetPtrReg
 .text.RCM_RegisterRegConv
                0x000000000800429c      0x1a4 ./Application/User/regular_conversion_manager.o
                0x000000000800429c                RCM_RegisterRegConv
 .text.RCM_ExecRegularConv
                0x0000000008004440       0x74 ./Application/User/regular_conversion_manager.o
                0x0000000008004440                RCM_ExecRegularConv
 .text.RCM_ExecUserConv
                0x00000000080044b4       0x54 ./Application/User/regular_conversion_manager.o
                0x00000000080044b4                RCM_ExecUserConv
 .text.HAL_MspInit
                0x0000000008004508       0x3c ./Application/User/stm32f4xx_hal_msp.o
                0x0000000008004508                HAL_MspInit
 .text.HAL_ADC_MspInit
                0x0000000008004544       0x90 ./Application/User/stm32f4xx_hal_msp.o
                0x0000000008004544                HAL_ADC_MspInit
 .text.HAL_TIM_Base_MspInit
                0x00000000080045d4       0x70 ./Application/User/stm32f4xx_hal_msp.o
                0x00000000080045d4                HAL_TIM_Base_MspInit
 .text.HAL_TIM_MspPostInit
                0x0000000008004644       0xa8 ./Application/User/stm32f4xx_hal_msp.o
                0x0000000008004644                HAL_TIM_MspPostInit
 .text.HAL_UART_MspInit
                0x00000000080046ec       0x80 ./Application/User/stm32f4xx_hal_msp.o
                0x00000000080046ec                HAL_UART_MspInit
 .text.USART2_IRQHandler
                0x000000000800476c        0xc ./Application/User/stm32f4xx_it.o
                0x000000000800476c                USART2_IRQHandler
 .text.ADC_IRQHandler
                0x0000000008004778       0x1c ./Application/User/stm32f4xx_mc_it.o
                0x0000000008004778                ADC_IRQHandler
 .text.TIM1_UP_TIM10_IRQHandler
                0x0000000008004794       0x18 ./Application/User/stm32f4xx_mc_it.o
                0x0000000008004794                TIM1_UP_TIM10_IRQHandler
 .text.TIM1_BRK_TIM9_IRQHandler
                0x00000000080047ac       0x28 ./Application/User/stm32f4xx_mc_it.o
                0x00000000080047ac                TIM1_BRK_TIM9_IRQHandler
 .text.DMA1_Stream5_IRQHandler
                0x00000000080047d4       0x24 ./Application/User/stm32f4xx_mc_it.o
                0x00000000080047d4                DMA1_Stream5_IRQHandler
 .text.HardFault_Handler
                0x00000000080047f8        0x8 ./Application/User/stm32f4xx_mc_it.o
                0x00000000080047f8                HardFault_Handler
 .text.SysTick_Handler
                0x0000000008004800       0x30 ./Application/User/stm32f4xx_mc_it.o
                0x0000000008004800                SysTick_Handler
 .text.EXTI15_10_IRQHandler
                0x0000000008004830       0x18 ./Application/User/stm32f4xx_mc_it.o
                0x0000000008004830                EXTI15_10_IRQHandler
 .text._getpid  0x0000000008004848        0x4 ./Application/User/syscalls.o
                0x0000000008004848                _getpid
 .text._kill    0x000000000800484c       0x10 ./Application/User/syscalls.o
                0x000000000800484c                _kill
 .text._exit    0x000000000800485c        0xc ./Application/User/syscalls.o
                0x000000000800485c                _exit
 .text._read    0x0000000008004868       0x1c ./Application/User/syscalls.o
                0x0000000008004868                _read
 .text._write   0x0000000008004884       0x1c ./Application/User/syscalls.o
                0x0000000008004884                _write
 .text._close   0x00000000080048a0        0x8 ./Application/User/syscalls.o
                0x00000000080048a0                _close
 .text._fstat   0x00000000080048a8        0xc ./Application/User/syscalls.o
                0x00000000080048a8                _fstat
 .text._isatty  0x00000000080048b4        0x4 ./Application/User/syscalls.o
                0x00000000080048b4                _isatty
 .text._lseek   0x00000000080048b8        0x4 ./Application/User/syscalls.o
                0x00000000080048b8                _lseek
 .text._sbrk    0x00000000080048bc       0x44 ./Application/User/sysmem.o
                0x00000000080048bc                _sbrk
 .text.UASPEP_INIT
                0x0000000008004900       0x94 ./Application/User/usart_aspep_driver.o
                0x0000000008004900                UASPEP_INIT
 .text.UASPEP_SEND_PACKET
                0x0000000008004994       0x6c ./Application/User/usart_aspep_driver.o
                0x0000000008004994                UASPEP_SEND_PACKET
 .text.UASPEP_RECEIVE_BUFFER
                0x0000000008004a00       0x28 ./Application/User/usart_aspep_driver.o
                0x0000000008004a00                UASPEP_RECEIVE_BUFFER
 .text.UASPEP_IDLE_ENABLE
                0x0000000008004a28       0x28 ./Application/User/usart_aspep_driver.o
                0x0000000008004a28                UASPEP_IDLE_ENABLE
 .text.SystemInit
                0x0000000008004a50       0x14 ./Drivers/CMSIS/system_stm32f4xx.o
                0x0000000008004a50                SystemInit
 .text.HAL_InitTick
                0x0000000008004a64       0x48 ./Drivers/STM32F4xx_HAL_Driver/stm32f4xx_hal.o
                0x0000000008004a64                HAL_InitTick
 .text.HAL_Init
                0x0000000008004aac       0x34 ./Drivers/STM32F4xx_HAL_Driver/stm32f4xx_hal.o
                0x0000000008004aac                HAL_Init
 .text.HAL_IncTick
                0x0000000008004ae0       0x18 ./Drivers/STM32F4xx_HAL_Driver/stm32f4xx_hal.o
                0x0000000008004ae0                HAL_IncTick
 .text.HAL_GetTick
                0x0000000008004af8        0xc ./Drivers/STM32F4xx_HAL_Driver/stm32f4xx_hal.o
                0x0000000008004af8                HAL_GetTick
 .text.HAL_Delay
                0x0000000008004b04       0x24 ./Drivers/STM32F4xx_HAL_Driver/stm32f4xx_hal.o
                0x0000000008004b04                HAL_Delay
 .text.HAL_ADC_Init
                0x0000000008004b28      0x15c ./Drivers/STM32F4xx_HAL_Driver/stm32f4xx_hal_adc.o
                0x0000000008004b28                HAL_ADC_Init
 .text.HAL_ADC_ConfigChannel
                0x0000000008004c84      0x150 ./Drivers/STM32F4xx_HAL_Driver/stm32f4xx_hal_adc.o
                0x0000000008004c84                HAL_ADC_ConfigChannel
 .text.HAL_ADCEx_InjectedConfigChannel
                0x0000000008004dd4      0x1d0 ./Drivers/STM32F4xx_HAL_Driver/stm32f4xx_hal_adc_ex.o
                0x0000000008004dd4                HAL_ADCEx_InjectedConfigChannel
 .text.HAL_NVIC_SetPriorityGrouping
                0x0000000008004fa4       0x28 ./Drivers/STM32F4xx_HAL_Driver/stm32f4xx_hal_cortex.o
                0x0000000008004fa4                HAL_NVIC_SetPriorityGrouping
 .text.HAL_NVIC_SetPriority
                0x0000000008004fcc       0x70 ./Drivers/STM32F4xx_HAL_Driver/stm32f4xx_hal_cortex.o
                0x0000000008004fcc                HAL_NVIC_SetPriority
 .text.HAL_NVIC_EnableIRQ
                0x000000000800503c       0x1c ./Drivers/STM32F4xx_HAL_Driver/stm32f4xx_hal_cortex.o
                0x000000000800503c                HAL_NVIC_EnableIRQ
 .text.HAL_SYSTICK_Config
                0x0000000008005058       0x34 ./Drivers/STM32F4xx_HAL_Driver/stm32f4xx_hal_cortex.o
                0x0000000008005058                HAL_SYSTICK_Config
 .text.HAL_SYSTICK_Callback
                0x000000000800508c        0x4 ./Drivers/STM32F4xx_HAL_Driver/stm32f4xx_hal_cortex.o
                0x000000000800508c                HAL_SYSTICK_Callback
 .text.HAL_SYSTICK_IRQHandler
                0x0000000008005090        0x8 ./Drivers/STM32F4xx_HAL_Driver/stm32f4xx_hal_cortex.o
                0x0000000008005090                HAL_SYSTICK_IRQHandler
 .text.HAL_DMA_Abort
                0x0000000008005098       0x90 ./Drivers/STM32F4xx_HAL_Driver/stm32f4xx_hal_dma.o
                0x0000000008005098                HAL_DMA_Abort
 .text.HAL_DMA_Abort_IT
                0x0000000008005128       0x24 ./Drivers/STM32F4xx_HAL_Driver/stm32f4xx_hal_dma.o
                0x0000000008005128                HAL_DMA_Abort_IT
 .text.HAL_GPIO_Init
                0x000000000800514c      0x1d8 ./Drivers/STM32F4xx_HAL_Driver/stm32f4xx_hal_gpio.o
                0x000000000800514c                HAL_GPIO_Init
 .text.HAL_GPIO_WritePin
                0x0000000008005324        0x8 ./Drivers/STM32F4xx_HAL_Driver/stm32f4xx_hal_gpio.o
                0x0000000008005324                HAL_GPIO_WritePin
 .text.HAL_RCC_OscConfig
                0x000000000800532c      0x3cc ./Drivers/STM32F4xx_HAL_Driver/stm32f4xx_hal_rcc.o
                0x000000000800532c                HAL_RCC_OscConfig
 .text.HAL_RCC_EnableCSS
                0x00000000080056f8        0xc ./Drivers/STM32F4xx_HAL_Driver/stm32f4xx_hal_rcc.o
                0x00000000080056f8                HAL_RCC_EnableCSS
 .text.HAL_RCC_GetSysClockFreq
                0x0000000008005704       0x6c ./Drivers/STM32F4xx_HAL_Driver/stm32f4xx_hal_rcc.o
                0x0000000008005704                HAL_RCC_GetSysClockFreq
 .text.HAL_RCC_ClockConfig
                0x0000000008005770      0x13c ./Drivers/STM32F4xx_HAL_Driver/stm32f4xx_hal_rcc.o
                0x0000000008005770                HAL_RCC_ClockConfig
 .text.HAL_RCC_GetHCLKFreq
                0x00000000080058ac        0xc ./Drivers/STM32F4xx_HAL_Driver/stm32f4xx_hal_rcc.o
                0x00000000080058ac                HAL_RCC_GetHCLKFreq
 .text.HAL_RCC_GetPCLK1Freq
                0x00000000080058b8       0x20 ./Drivers/STM32F4xx_HAL_Driver/stm32f4xx_hal_rcc.o
                0x00000000080058b8                HAL_RCC_GetPCLK1Freq
 .text.HAL_RCC_GetPCLK2Freq
                0x00000000080058d8       0x20 ./Drivers/STM32F4xx_HAL_Driver/stm32f4xx_hal_rcc.o
                0x00000000080058d8                HAL_RCC_GetPCLK2Freq
 .text.HAL_TIM_Base_Init
                0x00000000080058f8       0xfc ./Drivers/STM32F4xx_HAL_Driver/stm32f4xx_hal_tim.o
                0x00000000080058f8                HAL_TIM_Base_Init
 .text.HAL_TIM_PWM_MspInit
                0x00000000080059f4        0x4 ./Drivers/STM32F4xx_HAL_Driver/stm32f4xx_hal_tim.o
                0x00000000080059f4                HAL_TIM_PWM_MspInit
 .text.HAL_TIM_PWM_Init
                0x00000000080059f8       0xfc ./Drivers/STM32F4xx_HAL_Driver/stm32f4xx_hal_tim.o
                0x00000000080059f8                HAL_TIM_PWM_Init
 .text.HAL_TIM_PWM_ConfigChannel
                0x0000000008005af4      0x220 ./Drivers/STM32F4xx_HAL_Driver/stm32f4xx_hal_tim.o
                0x0000000008005af4                HAL_TIM_PWM_ConfigChannel
 .text.HAL_TIM_SlaveConfigSynchro
                0x0000000008005d14      0x118 ./Drivers/STM32F4xx_HAL_Driver/stm32f4xx_hal_tim.o
                0x0000000008005d14                HAL_TIM_SlaveConfigSynchro
 .text.HAL_TIMEx_MasterConfigSynchronization
                0x0000000008005e2c       0x74 ./Drivers/STM32F4xx_HAL_Driver/stm32f4xx_hal_tim_ex.o
                0x0000000008005e2c                HAL_TIMEx_MasterConfigSynchronization
 .text.HAL_TIMEx_ConfigBreakDeadTime
                0x0000000008005ea0       0x54 ./Drivers/STM32F4xx_HAL_Driver/stm32f4xx_hal_tim_ex.o
                0x0000000008005ea0                HAL_TIMEx_ConfigBreakDeadTime
 .text.HAL_UART_Init
                0x0000000008005ef4      0x138 ./Drivers/STM32F4xx_HAL_Driver/stm32f4xx_hal_uart.o
                0x0000000008005ef4                HAL_UART_Init
 .text.HAL_UART_Transmit_IT
                0x000000000800602c       0x44 ./Drivers/STM32F4xx_HAL_Driver/stm32f4xx_hal_uart.o
                0x000000000800602c                HAL_UART_Transmit_IT
 .text.HAL_UART_Receive_IT
                0x0000000008006070       0x54 ./Drivers/STM32F4xx_HAL_Driver/stm32f4xx_hal_uart.o
                0x0000000008006070                HAL_UART_Receive_IT
 .text.HAL_UART_TxCpltCallback
                0x00000000080060c4        0x4 ./Drivers/STM32F4xx_HAL_Driver/stm32f4xx_hal_uart.o
                0x00000000080060c4                HAL_UART_TxCpltCallback
 .text.HAL_UART_ErrorCallback
                0x00000000080060c8        0x4 ./Drivers/STM32F4xx_HAL_Driver/stm32f4xx_hal_uart.o
                0x00000000080060c8                HAL_UART_ErrorCallback
 .text.UART_DMAAbortOnError
                0x00000000080060cc       0x10 ./Drivers/STM32F4xx_HAL_Driver/stm32f4xx_hal_uart.o
 .text.HAL_UARTEx_RxEventCallback
                0x00000000080060dc        0x4 ./Drivers/STM32F4xx_HAL_Driver/stm32f4xx_hal_uart.o
                0x00000000080060dc                HAL_UARTEx_RxEventCallback
 .text.UART_Receive_IT.part.0
                0x00000000080060e0       0xcc ./Drivers/STM32F4xx_HAL_Driver/stm32f4xx_hal_uart.o
 .text.HAL_UART_IRQHandler
                0x00000000080061ac      0x314 ./Drivers/STM32F4xx_HAL_Driver/stm32f4xx_hal_uart.o
                0x00000000080061ac                HAL_UART_IRQHandler
 .text.VBS_GetAvBusVoltage_d
                0x00000000080064c0        0x4 ./Middlewares/MotorControl/bus_voltage_sensor.o
                0x00000000080064c0                VBS_GetAvBusVoltage_d
 .text.VBS_GetAvBusVoltage_V
                0x00000000080064c4        0xc ./Middlewares/MotorControl/bus_voltage_sensor.o
                0x00000000080064c4                VBS_GetAvBusVoltage_V
 .text.Circle_Limitation
                0x00000000080064d0       0x60 ./Middlewares/MotorControl/circle_limitation.o
                0x00000000080064d0                Circle_Limitation
 .text.MCP_ReceivedPacket
                0x0000000008006530      0x1ac ./Middlewares/MotorControl/mcp.o
                0x0000000008006530                MCP_ReceivedPacket
 .text.MCPA_dataLog
                0x00000000080066dc      0x188 ./Middlewares/MotorControl/mcpa.o
                0x00000000080066dc                MCPA_dataLog
 .text.MCPA_flushDataLog
                0x0000000008006864       0x5c ./Middlewares/MotorControl/mcpa.o
                0x0000000008006864                MCPA_flushDataLog
 .text.MCPA_cfgLog
                0x00000000080068c0       0xe8 ./Middlewares/MotorControl/mcpa.o
                0x00000000080068c0                MCPA_cfgLog
 .text.MPM_Clear
                0x00000000080069a8       0x18 ./Middlewares/MotorControl/motor_power_measurement.o
                0x00000000080069a8                MPM_Clear
 .text.MPM_CalcElMotorPower
                0x00000000080069c0       0x44 ./Middlewares/MotorControl/motor_power_measurement.o
                0x00000000080069c0                MPM_CalcElMotorPower
 .text.MPM_GetAvrgElMotorPowerW
                0x0000000008006a04        0x8 ./Middlewares/MotorControl/motor_power_measurement.o
                0x0000000008006a04                MPM_GetAvrgElMotorPowerW
 .text.NTC_SetFaultState
                0x0000000008006a0c       0x1c ./Middlewares/MotorControl/ntc_temperature_sensor.o
                0x0000000008006a0c                NTC_SetFaultState
 .text.NTC_Clear
                0x0000000008006a28        0x8 ./Middlewares/MotorControl/ntc_temperature_sensor.o
                0x0000000008006a28                NTC_Clear
 .text.NTC_Init
                0x0000000008006a30       0x24 ./Middlewares/MotorControl/ntc_temperature_sensor.o
                0x0000000008006a30                NTC_Init
 .text.NTC_CalcAvTemp
                0x0000000008006a54       0x38 ./Middlewares/MotorControl/ntc_temperature_sensor.o
                0x0000000008006a54                NTC_CalcAvTemp
 .text.NTC_GetAvTemp_C
                0x0000000008006a8c       0x2c ./Middlewares/MotorControl/ntc_temperature_sensor.o
                0x0000000008006a8c                NTC_GetAvTemp_C
 .text.PID_HandleInit
                0x0000000008006ab8       0x10 ./Middlewares/MotorControl/pid_regulator.o
                0x0000000008006ab8                PID_HandleInit
 .text.PID_SetKP
                0x0000000008006ac8        0x4 ./Middlewares/MotorControl/pid_regulator.o
                0x0000000008006ac8                PID_SetKP
 .text.PID_SetKI
                0x0000000008006acc        0x4 ./Middlewares/MotorControl/pid_regulator.o
                0x0000000008006acc                PID_SetKI
 .text.PID_GetKP
                0x0000000008006ad0        0x8 ./Middlewares/MotorControl/pid_regulator.o
                0x0000000008006ad0                PID_GetKP
 .text.PID_GetKI
                0x0000000008006ad8        0x8 ./Middlewares/MotorControl/pid_regulator.o
                0x0000000008006ad8                PID_GetKI
 .text.PID_GetDefaultKP
                0x0000000008006ae0        0x8 ./Middlewares/MotorControl/pid_regulator.o
                0x0000000008006ae0                PID_GetDefaultKP
 .text.PID_GetDefaultKI
                0x0000000008006ae8        0x8 ./Middlewares/MotorControl/pid_regulator.o
                0x0000000008006ae8                PID_GetDefaultKI
 .text.PID_SetIntegralTerm
                0x0000000008006af0        0x4 ./Middlewares/MotorControl/pid_regulator.o
                0x0000000008006af0                PID_SetIntegralTerm
 .text.PID_GetKPDivisor
                0x0000000008006af4        0x4 ./Middlewares/MotorControl/pid_regulator.o
                0x0000000008006af4                PID_GetKPDivisor
 .text.PID_GetKPDivisorPOW2
                0x0000000008006af8        0x8 ./Middlewares/MotorControl/pid_regulator.o
                0x0000000008006af8                PID_GetKPDivisorPOW2
 .text.PID_SetKPDivisorPOW2
                0x0000000008006b00        0xc ./Middlewares/MotorControl/pid_regulator.o
                0x0000000008006b00                PID_SetKPDivisorPOW2
 .text.PID_GetKIDivisor
                0x0000000008006b0c        0x4 ./Middlewares/MotorControl/pid_regulator.o
                0x0000000008006b0c                PID_GetKIDivisor
 .text.PID_GetKIDivisorPOW2
                0x0000000008006b10        0x8 ./Middlewares/MotorControl/pid_regulator.o
                0x0000000008006b10                PID_GetKIDivisorPOW2
 .text.PID_SetLowerIntegralTermLimit
                0x0000000008006b18        0x4 ./Middlewares/MotorControl/pid_regulator.o
                0x0000000008006b18                PID_SetLowerIntegralTermLimit
 .text.PID_SetUpperIntegralTermLimit
                0x0000000008006b1c        0x4 ./Middlewares/MotorControl/pid_regulator.o
                0x0000000008006b1c                PID_SetUpperIntegralTermLimit
 .text.PID_SetKIDivisorPOW2
                0x0000000008006b20       0x28 ./Middlewares/MotorControl/pid_regulator.o
                0x0000000008006b20                PID_SetKIDivisorPOW2
 .text.PID_SetKD
                0x0000000008006b48        0x4 ./Middlewares/MotorControl/pid_regulator.o
                0x0000000008006b48                PID_SetKD
 .text.PID_GetKD
                0x0000000008006b4c        0x8 ./Middlewares/MotorControl/pid_regulator.o
                0x0000000008006b4c                PID_GetKD
 .text.PID_GetKDDivisorPOW2
                0x0000000008006b54        0x8 ./Middlewares/MotorControl/pid_regulator.o
                0x0000000008006b54                PID_GetKDDivisorPOW2
 .text.PID_SetKDDivisorPOW2
                0x0000000008006b5c        0xc ./Middlewares/MotorControl/pid_regulator.o
                0x0000000008006b5c                PID_SetKDDivisorPOW2
 .text.PI_Controller
                0x0000000008006b68       0x8c ./Middlewares/MotorControl/pid_regulator.o
                0x0000000008006b68                PI_Controller
 .text.PQD_CalcElMotorPower
                0x0000000008006bf4       0x68 ./Middlewares/MotorControl/pqd_motor_power_measurement.o
                0x0000000008006bf4                PQD_CalcElMotorPower
 .text.startTimers
                0x0000000008006c5c       0x64 ./Middlewares/MotorControl/pwm_common.o
                0x0000000008006c5c                startTimers
 .text.waitForPolarizationEnd
                0x0000000008006cc0       0x38 ./Middlewares/MotorControl/pwm_common.o
                0x0000000008006cc0                waitForPolarizationEnd
 .text.R3_1_GetPhaseCurrents
                0x0000000008006cf8      0x17c ./Middlewares/MotorControl/r3_1_f4xx_pwm_curr_fdbk.o
                0x0000000008006cf8                R3_1_GetPhaseCurrents
 .text.R3_1_HFCurrentsCalibrationAB
                0x0000000008006e74       0x48 ./Middlewares/MotorControl/r3_1_f4xx_pwm_curr_fdbk.o
                0x0000000008006e74                R3_1_HFCurrentsCalibrationAB
 .text.R3_1_HFCurrentsCalibrationC
                0x0000000008006ebc       0x40 ./Middlewares/MotorControl/r3_1_f4xx_pwm_curr_fdbk.o
                0x0000000008006ebc                R3_1_HFCurrentsCalibrationC
 .text.R3_1_TurnOnLowSides
                0x0000000008006efc       0x50 ./Middlewares/MotorControl/r3_1_f4xx_pwm_curr_fdbk.o
                0x0000000008006efc                R3_1_TurnOnLowSides
 .text.R3_1_SwitchOnPWM
                0x0000000008006f4c       0x94 ./Middlewares/MotorControl/r3_1_f4xx_pwm_curr_fdbk.o
                0x0000000008006f4c                R3_1_SwitchOnPWM
 .text.R3_1_SwitchOffPWM
                0x0000000008006fe0       0x5c ./Middlewares/MotorControl/r3_1_f4xx_pwm_curr_fdbk.o
                0x0000000008006fe0                R3_1_SwitchOffPWM
 .text.R3_1_RLGetPhaseCurrents
                0x000000000800703c       0x54 ./Middlewares/MotorControl/r3_1_f4xx_pwm_curr_fdbk.o
                0x000000000800703c                R3_1_RLGetPhaseCurrents
 .text.R3_1_RLTurnOnLowSides
                0x0000000008007090       0x48 ./Middlewares/MotorControl/r3_1_f4xx_pwm_curr_fdbk.o
                0x0000000008007090                R3_1_RLTurnOnLowSides
 .text.R3_1_RLSwitchOnPWM
                0x00000000080070d8       0xa8 ./Middlewares/MotorControl/r3_1_f4xx_pwm_curr_fdbk.o
                0x00000000080070d8                R3_1_RLSwitchOnPWM
 .text.R3_1_Init
                0x0000000008007180       0xa4 ./Middlewares/MotorControl/r3_1_f4xx_pwm_curr_fdbk.o
                0x0000000008007180                R3_1_Init
 .text.R3_1_CurrentReadingCalibration
                0x0000000008007224      0x108 ./Middlewares/MotorControl/r3_1_f4xx_pwm_curr_fdbk.o
                0x0000000008007224                R3_1_CurrentReadingCalibration
 .text.R3_1_WriteTIMRegisters
                0x000000000800732c       0x30 ./Middlewares/MotorControl/r3_1_f4xx_pwm_curr_fdbk.o
                0x000000000800732c                R3_1_WriteTIMRegisters
 .text.R3_1_SetADCSampPointCalibration
                0x000000000800735c       0x20 ./Middlewares/MotorControl/r3_1_f4xx_pwm_curr_fdbk.o
                0x000000000800735c                R3_1_SetADCSampPointCalibration
 .text.R3_1_SetADCSampPointSectX
                0x000000000800737c       0x64 ./Middlewares/MotorControl/r3_1_f4xx_pwm_curr_fdbk.o
                0x000000000800737c                R3_1_SetADCSampPointSectX
 .text.R3_1_TIMx_UP_IRQHandler
                0x00000000080073e0       0x44 ./Middlewares/MotorControl/r3_1_f4xx_pwm_curr_fdbk.o
                0x00000000080073e0                R3_1_TIMx_UP_IRQHandler
 .text.R3_1_BRK_IRQHandler
                0x0000000008007424       0x44 ./Middlewares/MotorControl/r3_1_f4xx_pwm_curr_fdbk.o
                0x0000000008007424                R3_1_BRK_IRQHandler
 .text.R3_1_IsOverCurrentOccurred
                0x0000000008007468       0x14 ./Middlewares/MotorControl/r3_1_f4xx_pwm_curr_fdbk.o
                0x0000000008007468                R3_1_IsOverCurrentOccurred
 .text.R3_1_RLDetectionModeEnable
                0x000000000800747c       0xc0 ./Middlewares/MotorControl/r3_1_f4xx_pwm_curr_fdbk.o
                0x000000000800747c                R3_1_RLDetectionModeEnable
 .text.R3_1_RLDetectionModeDisable
                0x000000000800753c      0x100 ./Middlewares/MotorControl/r3_1_f4xx_pwm_curr_fdbk.o
                0x000000000800753c                R3_1_RLDetectionModeDisable
 .text.R3_1_RLDetectionModeSetDuty
                0x000000000800763c       0x38 ./Middlewares/MotorControl/r3_1_f4xx_pwm_curr_fdbk.o
                0x000000000800763c                R3_1_RLDetectionModeSetDuty
 .text.RVBS_Clear
                0x0000000008007674       0x38 ./Middlewares/MotorControl/r_divider_bus_voltage_sensor.o
                0x0000000008007674                RVBS_Clear
 .text.RVBS_Init
                0x00000000080076ac       0x18 ./Middlewares/MotorControl/r_divider_bus_voltage_sensor.o
                0x00000000080076ac                RVBS_Init
 .text.RVBS_CheckFaultState
                0x00000000080076c4       0x18 ./Middlewares/MotorControl/r_divider_bus_voltage_sensor.o
                0x00000000080076c4                RVBS_CheckFaultState
 .text.RVBS_CalcAvVbus
                0x00000000080076dc       0x6c ./Middlewares/MotorControl/r_divider_bus_voltage_sensor.o
                0x00000000080076dc                RVBS_CalcAvVbus
 .text.REMNG_Init
                0x0000000008007748       0x10 ./Middlewares/MotorControl/ramp_ext_mngr.o
                0x0000000008007748                REMNG_Init
 .text.REMNG_Calc
                0x0000000008007758       0x44 ./Middlewares/MotorControl/ramp_ext_mngr.o
                0x0000000008007758                REMNG_Calc
 .text.REMNG_RampCompleted
                0x000000000800779c        0xc ./Middlewares/MotorControl/ramp_ext_mngr.o
                0x000000000800779c                REMNG_RampCompleted
 .text.getScalingFactor
                0x00000000080077a8       0x2c ./Middlewares/MotorControl/ramp_ext_mngr.o
                0x00000000080077a8                getScalingFactor
 .text.REMNG_ExecRamp
                0x00000000080077d4       0x84 ./Middlewares/MotorControl/ramp_ext_mngr.o
                0x00000000080077d4                REMNG_ExecRamp
 .text.SPD_GetElAngle
                0x0000000008007858        0x8 ./Middlewares/MotorControl/speed_pos_fdbk.o
                0x0000000008007858                SPD_GetElAngle
 .text.SPD_GetAvrgMecSpeedUnit
                0x0000000008007860        0x8 ./Middlewares/MotorControl/speed_pos_fdbk.o
                0x0000000008007860                SPD_GetAvrgMecSpeedUnit
 .text.SPD_GetInstElSpeedDpp
                0x0000000008007868        0x8 ./Middlewares/MotorControl/speed_pos_fdbk.o
                0x0000000008007868                SPD_GetInstElSpeedDpp
 .text.SPD_IsMecSpeedReliable
                0x0000000008007870       0x58 ./Middlewares/MotorControl/speed_pos_fdbk.o
                0x0000000008007870                SPD_IsMecSpeedReliable
 .text.SPD_GetS16Speed
                0x00000000080078c8       0x14 ./Middlewares/MotorControl/speed_pos_fdbk.o
                0x00000000080078c8                SPD_GetS16Speed
 .text.STC_Init
                0x00000000080078dc       0x28 ./Middlewares/MotorControl/speed_torq_ctrl.o
                0x00000000080078dc                STC_Init
 .text.STC_SetSpeedSensor
                0x0000000008007904        0x4 ./Middlewares/MotorControl/speed_torq_ctrl.o
                0x0000000008007904                STC_SetSpeedSensor
 .text.STC_GetSpeedSensor
                0x0000000008007908        0x4 ./Middlewares/MotorControl/speed_torq_ctrl.o
                0x0000000008007908                STC_GetSpeedSensor
 .text.STC_Clear
                0x000000000800790c       0x10 ./Middlewares/MotorControl/speed_torq_ctrl.o
                0x000000000800790c                STC_Clear
 .text.STC_GetMecSpeedRefUnit
                0x000000000800791c       0x10 ./Middlewares/MotorControl/speed_torq_ctrl.o
                0x000000000800791c                STC_GetMecSpeedRefUnit
 .text.STC_GetTorqueRef
                0x000000000800792c       0x10 ./Middlewares/MotorControl/speed_torq_ctrl.o
                0x000000000800792c                STC_GetTorqueRef
 .text.STC_SetControlMode
                0x000000000800793c        0x8 ./Middlewares/MotorControl/speed_torq_ctrl.o
                0x000000000800793c                STC_SetControlMode
 .text.STC_ExecRamp
                0x0000000008007944       0x90 ./Middlewares/MotorControl/speed_torq_ctrl.o
                0x0000000008007944                STC_ExecRamp
 .text.STC_StopRamp
                0x00000000080079d4        0x8 ./Middlewares/MotorControl/speed_torq_ctrl.o
                0x00000000080079d4                STC_StopRamp
 .text.STC_CalcTorqueReference
                0x00000000080079dc       0x64 ./Middlewares/MotorControl/speed_torq_ctrl.o
                0x00000000080079dc                STC_CalcTorqueReference
 .text.STC_GetMecSpeedRefUnitDefault
                0x0000000008007a40        0x8 ./Middlewares/MotorControl/speed_torq_ctrl.o
                0x0000000008007a40                STC_GetMecSpeedRefUnitDefault
 .text.STC_GetDefaultIqdref
                0x0000000008007a48       0x1c ./Middlewares/MotorControl/speed_torq_ctrl.o
                0x0000000008007a48                STC_GetDefaultIqdref
 .text.STC_ForceSpeedReferenceToCurrentSpeed
                0x0000000008007a64       0x10 ./Middlewares/MotorControl/speed_torq_ctrl.o
                0x0000000008007a64                STC_ForceSpeedReferenceToCurrentSpeed
 .text.STM_Init
                0x0000000008007a74        0xc ./Middlewares/MotorControl/state_machine.o
                0x0000000008007a74                STM_Init
 .text.STM_FaultProcessing
                0x0000000008007a80       0x3c ./Middlewares/MotorControl/state_machine.o
                0x0000000008007a80                STM_FaultProcessing
 .text.STM_NextState
                0x0000000008007abc       0xe8 ./Middlewares/MotorControl/state_machine.o
                0x0000000008007abc                STM_NextState
 .text.STM_GetState
                0x0000000008007ba4        0x4 ./Middlewares/MotorControl/state_machine.o
                0x0000000008007ba4                STM_GetState
 .text.STM_FaultAcknowledged
                0x0000000008007ba8       0x18 ./Middlewares/MotorControl/state_machine.o
                0x0000000008007ba8                STM_FaultAcknowledged
 .text.STM_GetFaultState
                0x0000000008007bc0        0xc ./Middlewares/MotorControl/state_machine.o
                0x0000000008007bc0                STM_GetFaultState
 .text.VSS_Clear
                0x0000000008007bcc       0x1c ./Middlewares/MotorControl/virtual_speed_sensor.o
                0x0000000008007bcc                VSS_Clear
 .text.VSS_Init
                0x0000000008007be8        0x8 ./Middlewares/MotorControl/virtual_speed_sensor.o
                0x0000000008007be8                VSS_Init
 .text.VSS_CalcElAngle
                0x0000000008007bf0       0xa0 ./Middlewares/MotorControl/virtual_speed_sensor.o
                0x0000000008007bf0                VSS_CalcElAngle
 .text.VSS_CalcAvrgMecSpeedUnit
                0x0000000008007c90       0x94 ./Middlewares/MotorControl/virtual_speed_sensor.o
                0x0000000008007c90                VSS_CalcAvrgMecSpeedUnit
 .text.VSS_SetMecAngle
                0x0000000008007d24       0x10 ./Middlewares/MotorControl/virtual_speed_sensor.o
                0x0000000008007d24                VSS_SetMecAngle
 .text.VSS_SetMecAcceleration
                0x0000000008007d34       0x7c ./Middlewares/MotorControl/virtual_speed_sensor.o
                0x0000000008007d34                VSS_SetMecAcceleration
 .text.VSS_SetStartTransition
                0x0000000008007db0       0x1c ./Middlewares/MotorControl/virtual_speed_sensor.o
                0x0000000008007db0                VSS_SetStartTransition
 .text.VSS_TransitionEnded
                0x0000000008007dcc        0x8 ./Middlewares/MotorControl/virtual_speed_sensor.o
                0x0000000008007dcc                VSS_TransitionEnded
 .text.RUC_Init
                0x0000000008007dd4       0x7c ../../MCSDK_v5.Y.3/MotorControl/lib\libmc-gcc_M4_NoCCMRAM.lib(revup_ctrl.o)
                0x0000000008007dd4                RUC_Init
 .text.RUC_Clear
                0x0000000008007e50       0x90 ../../MCSDK_v5.Y.3/MotorControl/lib\libmc-gcc_M4_NoCCMRAM.lib(revup_ctrl.o)
                0x0000000008007e50                RUC_Clear
 .text.RUC_Exec
                0x0000000008007ee0       0x74 ../../MCSDK_v5.Y.3/MotorControl/lib\libmc-gcc_M4_NoCCMRAM.lib(revup_ctrl.o)
                0x0000000008007ee0                RUC_Exec
 .text.RUC_FirstAccelerationStageReached
                0x0000000008007f54       0x14 ../../MCSDK_v5.Y.3/MotorControl/lib\libmc-gcc_M4_NoCCMRAM.lib(revup_ctrl.o)
                0x0000000008007f54                RUC_FirstAccelerationStageReached
 .text.RUC_SetPhase
                0x0000000008007f68       0x20 ../../MCSDK_v5.Y.3/MotorControl/lib\libmc-gcc_M4_NoCCMRAM.lib(revup_ctrl.o)
                0x0000000008007f68                RUC_SetPhase
 .text.RUC_GetNumberOfPhases
                0x0000000008007f88        0x8 ../../MCSDK_v5.Y.3/MotorControl/lib\libmc-gcc_M4_NoCCMRAM.lib(revup_ctrl.o)
                0x0000000008007f88                RUC_GetNumberOfPhases
 .text.RUC_GetPhase
                0x0000000008007f90       0x20 ../../MCSDK_v5.Y.3/MotorControl/lib\libmc-gcc_M4_NoCCMRAM.lib(revup_ctrl.o)
                0x0000000008007f90                RUC_GetPhase
 .text.STO_PLL_CalcElAngle
                0x0000000008007fb0      0x1d4 ../../MCSDK_v5.Y.3/MotorControl/lib\libmc-gcc_M4_NoCCMRAM.lib(sto_pll_speed_pos_fdbk.o)
                0x0000000008007fb0                STO_PLL_CalcElAngle
 .text.STO_PLL_CalcAvrgMecSpeedUnit
                0x0000000008008184      0x140 ../../MCSDK_v5.Y.3/MotorControl/lib\libmc-gcc_M4_NoCCMRAM.lib(sto_pll_speed_pos_fdbk.o)
                0x0000000008008184                STO_PLL_CalcAvrgMecSpeedUnit
 .text.STO_PLL_CalcAvrgElSpeedDpp
                0x00000000080082c4       0x54 ../../MCSDK_v5.Y.3/MotorControl/lib\libmc-gcc_M4_NoCCMRAM.lib(sto_pll_speed_pos_fdbk.o)
                0x00000000080082c4                STO_PLL_CalcAvrgElSpeedDpp
 .text.STO_PLL_Clear
                0x0000000008008318       0x5c ../../MCSDK_v5.Y.3/MotorControl/lib\libmc-gcc_M4_NoCCMRAM.lib(sto_pll_speed_pos_fdbk.o)
                0x0000000008008318                STO_PLL_Clear
 .text.STO_PLL_Init
                0x0000000008008374       0x74 ../../MCSDK_v5.Y.3/MotorControl/lib\libmc-gcc_M4_NoCCMRAM.lib(sto_pll_speed_pos_fdbk.o)
                0x0000000008008374                STO_PLL_Init
 .text.STO_PLL_IsObserverConverged
                0x00000000080083e8       0xa8 ../../MCSDK_v5.Y.3/MotorControl/lib\libmc-gcc_M4_NoCCMRAM.lib(sto_pll_speed_pos_fdbk.o)
                0x00000000080083e8                STO_PLL_IsObserverConverged
 .text.STO_PLL_GetEstimatedBemf
                0x0000000008008490       0x18 ../../MCSDK_v5.Y.3/MotorControl/lib\libmc-gcc_M4_NoCCMRAM.lib(sto_pll_speed_pos_fdbk.o)
                0x0000000008008490                STO_PLL_GetEstimatedBemf
 .text.STO_PLL_GetEstimatedCurrent
                0x00000000080084a8       0x28 ../../MCSDK_v5.Y.3/MotorControl/lib\libmc-gcc_M4_NoCCMRAM.lib(sto_pll_speed_pos_fdbk.o)
                0x00000000080084a8                STO_PLL_GetEstimatedCurrent
 .text.STO_PLL_GetObserverGains
                0x00000000080084d0       0x10 ../../MCSDK_v5.Y.3/MotorControl/lib\libmc-gcc_M4_NoCCMRAM.lib(sto_pll_speed_pos_fdbk.o)
                0x00000000080084d0                STO_PLL_GetObserverGains
 .text.STO_PLL_SetObserverGains
                0x00000000080084e0        0x8 ../../MCSDK_v5.Y.3/MotorControl/lib\libmc-gcc_M4_NoCCMRAM.lib(sto_pll_speed_pos_fdbk.o)
                0x00000000080084e0                STO_PLL_SetObserverGains
 .text.STO_OTF_ResetPLL
                0x00000000080084e8        0xc ../../MCSDK_v5.Y.3/MotorControl/lib\libmc-gcc_M4_NoCCMRAM.lib(sto_pll_speed_pos_fdbk.o)
                0x00000000080084e8                STO_OTF_ResetPLL
 .text.STO_ResetPLL
                0x00000000080084f4        0x8 ../../MCSDK_v5.Y.3/MotorControl/lib\libmc-gcc_M4_NoCCMRAM.lib(sto_pll_speed_pos_fdbk.o)
                0x00000000080084f4                STO_ResetPLL
 .text.STO_PLL_GetEstimatedBemfLevel
                0x00000000080084fc        0x8 ../../MCSDK_v5.Y.3/MotorControl/lib\libmc-gcc_M4_NoCCMRAM.lib(sto_pll_speed_pos_fdbk.o)
                0x00000000080084fc                STO_PLL_GetEstimatedBemfLevel
 .text.STO_PLL_GetObservedBemfLevel
                0x0000000008008504        0x8 ../../MCSDK_v5.Y.3/MotorControl/lib\libmc-gcc_M4_NoCCMRAM.lib(sto_pll_speed_pos_fdbk.o)
                0x0000000008008504                STO_PLL_GetObservedBemfLevel
 .text.STO_PLL_IsVarianceTight
                0x000000000800850c        0x8 ../../MCSDK_v5.Y.3/MotorControl/lib\libmc-gcc_M4_NoCCMRAM.lib(sto_pll_speed_pos_fdbk.o)
                0x000000000800850c                STO_PLL_IsVarianceTight
 .text.STO_PLL_ForceConvergency1
                0x0000000008008514        0xc ../../MCSDK_v5.Y.3/MotorControl/lib\libmc-gcc_M4_NoCCMRAM.lib(sto_pll_speed_pos_fdbk.o)
                0x0000000008008514                STO_PLL_ForceConvergency1
 .text.STO_PLL_ForceConvergency2
                0x0000000008008520        0xc ../../MCSDK_v5.Y.3/MotorControl/lib\libmc-gcc_M4_NoCCMRAM.lib(sto_pll_speed_pos_fdbk.o)
                0x0000000008008520                STO_PLL_ForceConvergency2
 .text.STO_SetDirection
                0x000000000800852c        0x8 ../../MCSDK_v5.Y.3/MotorControl/lib\libmc-gcc_M4_NoCCMRAM.lib(sto_pll_speed_pos_fdbk.o)
                0x000000000800852c                STO_SetDirection
 .text.__errno  0x0000000008008534        0xc e:/stm32cubeide_1.7.0/stm32cubeide/plugins/com.st.stm32cube.ide.mcu.externaltools.gnu-tools-for-stm32.9-2020-q2-update.win32_2.0.0.202105311346/tools/bin/../lib/gcc/arm-none-eabi/9.3.1/../../../../arm-none-eabi/lib/thumb/v7e-m+fp/hard\libc_nano.a(lib_a-errno.o)
                0x0000000008008534                __errno
 .text.__libc_init_array
                0x0000000008008540       0x48 e:/stm32cubeide_1.7.0/stm32cubeide/plugins/com.st.stm32cube.ide.mcu.externaltools.gnu-tools-for-stm32.9-2020-q2-update.win32_2.0.0.202105311346/tools/bin/../lib/gcc/arm-none-eabi/9.3.1/../../../../arm-none-eabi/lib/thumb/v7e-m+fp/hard\libc_nano.a(lib_a-init.o)
                0x0000000008008540                __libc_init_array
 .text.memcpy   0x0000000008008588       0x1c e:/stm32cubeide_1.7.0/stm32cubeide/plugins/com.st.stm32cube.ide.mcu.externaltools.gnu-tools-for-stm32.9-2020-q2-update.win32_2.0.0.202105311346/tools/bin/../lib/gcc/arm-none-eabi/9.3.1/../../../../arm-none-eabi/lib/thumb/v7e-m+fp/hard\libc_nano.a(lib_a-memcpy-stub.o)
                0x0000000008008588                memcpy
 .text.memset   0x00000000080085a4       0x10 e:/stm32cubeide_1.7.0/stm32cubeide/plugins/com.st.stm32cube.ide.mcu.externaltools.gnu-tools-for-stm32.9-2020-q2-update.win32_2.0.0.202105311346/tools/bin/../lib/gcc/arm-none-eabi/9.3.1/../../../../arm-none-eabi/lib/thumb/v7e-m+fp/hard\libc_nano.a(lib_a-memset.o)
                0x00000000080085a4                memset
 .text.__cvt    0x00000000080085b4       0xc4 e:/stm32cubeide_1.7.0/stm32cubeide/plugins/com.st.stm32cube.ide.mcu.externaltools.gnu-tools-for-stm32.9-2020-q2-update.win32_2.0.0.202105311346/tools/bin/../lib/gcc/arm-none-eabi/9.3.1/../../../../arm-none-eabi/lib/thumb/v7e-m+fp/hard\libc_nano.a(lib_a-nano-vfprintf_float.o)
                0x00000000080085b4                __cvt
 .text.__exponent
                0x0000000008008678       0x7c e:/stm32cubeide_1.7.0/stm32cubeide/plugins/com.st.stm32cube.ide.mcu.externaltools.gnu-tools-for-stm32.9-2020-q2-update.win32_2.0.0.202105311346/tools/bin/../lib/gcc/arm-none-eabi/9.3.1/../../../../arm-none-eabi/lib/thumb/v7e-m+fp/hard\libc_nano.a(lib_a-nano-vfprintf_float.o)
                0x0000000008008678                __exponent
 .text._printf_float
                0x00000000080086f4      0x46c e:/stm32cubeide_1.7.0/stm32cubeide/plugins/com.st.stm32cube.ide.mcu.externaltools.gnu-tools-for-stm32.9-2020-q2-update.win32_2.0.0.202105311346/tools/bin/../lib/gcc/arm-none-eabi/9.3.1/../../../../arm-none-eabi/lib/thumb/v7e-m+fp/hard\libc_nano.a(lib_a-nano-vfprintf_float.o)
                0x00000000080086f4                _printf_float
 .text._printf_common
                0x0000000008008b60       0xda e:/stm32cubeide_1.7.0/stm32cubeide/plugins/com.st.stm32cube.ide.mcu.externaltools.gnu-tools-for-stm32.9-2020-q2-update.win32_2.0.0.202105311346/tools/bin/../lib/gcc/arm-none-eabi/9.3.1/../../../../arm-none-eabi/lib/thumb/v7e-m+fp/hard\libc_nano.a(lib_a-nano-vfprintf_i.o)
                0x0000000008008b60                _printf_common
 *fill*         0x0000000008008c3a        0x2 
 .text._printf_i
                0x0000000008008c3c      0x24c e:/stm32cubeide_1.7.0/stm32cubeide/plugins/com.st.stm32cube.ide.mcu.externaltools.gnu-tools-for-stm32.9-2020-q2-update.win32_2.0.0.202105311346/tools/bin/../lib/gcc/arm-none-eabi/9.3.1/../../../../arm-none-eabi/lib/thumb/v7e-m+fp/hard\libc_nano.a(lib_a-nano-vfprintf_i.o)
                0x0000000008008c3c                _printf_i
 .text.sprintf  0x0000000008008e88       0x40 e:/stm32cubeide_1.7.0/stm32cubeide/plugins/com.st.stm32cube.ide.mcu.externaltools.gnu-tools-for-stm32.9-2020-q2-update.win32_2.0.0.202105311346/tools/bin/../lib/gcc/arm-none-eabi/9.3.1/../../../../arm-none-eabi/lib/thumb/v7e-m+fp/hard\libc_nano.a(lib_a-sprintf.o)
                0x0000000008008e88                siprintf
                0x0000000008008e88                sprintf
 .text.quorem   0x0000000008008ec8      0x116 e:/stm32cubeide_1.7.0/stm32cubeide/plugins/com.st.stm32cube.ide.mcu.externaltools.gnu-tools-for-stm32.9-2020-q2-update.win32_2.0.0.202105311346/tools/bin/../lib/gcc/arm-none-eabi/9.3.1/../../../../arm-none-eabi/lib/thumb/v7e-m+fp/hard\libc_nano.a(lib_a-dtoa.o)
 *fill*         0x0000000008008fde        0x2 
 .text._dtoa_r  0x0000000008008fe0      0xbd8 e:/stm32cubeide_1.7.0/stm32cubeide/plugins/com.st.stm32cube.ide.mcu.externaltools.gnu-tools-for-stm32.9-2020-q2-update.win32_2.0.0.202105311346/tools/bin/../lib/gcc/arm-none-eabi/9.3.1/../../../../arm-none-eabi/lib/thumb/v7e-m+fp/hard\libc_nano.a(lib_a-dtoa.o)
                0x0000000008008fe0                _dtoa_r
 .text._localeconv_r
                0x0000000008009bb8        0x8 e:/stm32cubeide_1.7.0/stm32cubeide/plugins/com.st.stm32cube.ide.mcu.externaltools.gnu-tools-for-stm32.9-2020-q2-update.win32_2.0.0.202105311346/tools/bin/../lib/gcc/arm-none-eabi/9.3.1/../../../../arm-none-eabi/lib/thumb/v7e-m+fp/hard\libc_nano.a(lib_a-localeconv.o)
                0x0000000008009bb8                _localeconv_r
 .text.malloc   0x0000000008009bc0       0x10 e:/stm32cubeide_1.7.0/stm32cubeide/plugins/com.st.stm32cube.ide.mcu.externaltools.gnu-tools-for-stm32.9-2020-q2-update.win32_2.0.0.202105311346/tools/bin/../lib/gcc/arm-none-eabi/9.3.1/../../../../arm-none-eabi/lib/thumb/v7e-m+fp/hard\libc_nano.a(lib_a-malloc.o)
                0x0000000008009bc0                malloc
 .text._Balloc  0x0000000008009bd0       0x80 e:/stm32cubeide_1.7.0/stm32cubeide/plugins/com.st.stm32cube.ide.mcu.externaltools.gnu-tools-for-stm32.9-2020-q2-update.win32_2.0.0.202105311346/tools/bin/../lib/gcc/arm-none-eabi/9.3.1/../../../../arm-none-eabi/lib/thumb/v7e-m+fp/hard\libc_nano.a(lib_a-mprec.o)
                0x0000000008009bd0                _Balloc
 .text._Bfree   0x0000000008009c50       0x44 e:/stm32cubeide_1.7.0/stm32cubeide/plugins/com.st.stm32cube.ide.mcu.externaltools.gnu-tools-for-stm32.9-2020-q2-update.win32_2.0.0.202105311346/tools/bin/../lib/gcc/arm-none-eabi/9.3.1/../../../../arm-none-eabi/lib/thumb/v7e-m+fp/hard\libc_nano.a(lib_a-mprec.o)
                0x0000000008009c50                _Bfree
 .text.__multadd
                0x0000000008009c94       0x94 e:/stm32cubeide_1.7.0/stm32cubeide/plugins/com.st.stm32cube.ide.mcu.externaltools.gnu-tools-for-stm32.9-2020-q2-update.win32_2.0.0.202105311346/tools/bin/../lib/gcc/arm-none-eabi/9.3.1/../../../../arm-none-eabi/lib/thumb/v7e-m+fp/hard\libc_nano.a(lib_a-mprec.o)
                0x0000000008009c94                __multadd
 .text.__hi0bits
                0x0000000008009d28       0x40 e:/stm32cubeide_1.7.0/stm32cubeide/plugins/com.st.stm32cube.ide.mcu.externaltools.gnu-tools-for-stm32.9-2020-q2-update.win32_2.0.0.202105311346/tools/bin/../lib/gcc/arm-none-eabi/9.3.1/../../../../arm-none-eabi/lib/thumb/v7e-m+fp/hard\libc_nano.a(lib_a-mprec.o)
                0x0000000008009d28                __hi0bits
 .text.__lo0bits
                0x0000000008009d68       0x60 e:/stm32cubeide_1.7.0/stm32cubeide/plugins/com.st.stm32cube.ide.mcu.externaltools.gnu-tools-for-stm32.9-2020-q2-update.win32_2.0.0.202105311346/tools/bin/../lib/gcc/arm-none-eabi/9.3.1/../../../../arm-none-eabi/lib/thumb/v7e-m+fp/hard\libc_nano.a(lib_a-mprec.o)
                0x0000000008009d68                __lo0bits
 .text.__i2b    0x0000000008009dc8       0x2c e:/stm32cubeide_1.7.0/stm32cubeide/plugins/com.st.stm32cube.ide.mcu.externaltools.gnu-tools-for-stm32.9-2020-q2-update.win32_2.0.0.202105311346/tools/bin/../lib/gcc/arm-none-eabi/9.3.1/../../../../arm-none-eabi/lib/thumb/v7e-m+fp/hard\libc_nano.a(lib_a-mprec.o)
                0x0000000008009dc8                __i2b
 .text.__multiply
                0x0000000008009df4      0x14c e:/stm32cubeide_1.7.0/stm32cubeide/plugins/com.st.stm32cube.ide.mcu.externaltools.gnu-tools-for-stm32.9-2020-q2-update.win32_2.0.0.202105311346/tools/bin/../lib/gcc/arm-none-eabi/9.3.1/../../../../arm-none-eabi/lib/thumb/v7e-m+fp/hard\libc_nano.a(lib_a-mprec.o)
                0x0000000008009df4                __multiply
 .text.__pow5mult
                0x0000000008009f40       0xb4 e:/stm32cubeide_1.7.0/stm32cubeide/plugins/com.st.stm32cube.ide.mcu.externaltools.gnu-tools-for-stm32.9-2020-q2-update.win32_2.0.0.202105311346/tools/bin/../lib/gcc/arm-none-eabi/9.3.1/../../../../arm-none-eabi/lib/thumb/v7e-m+fp/hard\libc_nano.a(lib_a-mprec.o)
                0x0000000008009f40                __pow5mult
 .text.__lshift
                0x0000000008009ff4       0xd8 e:/stm32cubeide_1.7.0/stm32cubeide/plugins/com.st.stm32cube.ide.mcu.externaltools.gnu-tools-for-stm32.9-2020-q2-update.win32_2.0.0.202105311346/tools/bin/../lib/gcc/arm-none-eabi/9.3.1/../../../../arm-none-eabi/lib/thumb/v7e-m+fp/hard\libc_nano.a(lib_a-mprec.o)
                0x0000000008009ff4                __lshift
 .text.__mcmp   0x000000000800a0cc       0x38 e:/stm32cubeide_1.7.0/stm32cubeide/plugins/com.st.stm32cube.ide.mcu.externaltools.gnu-tools-for-stm32.9-2020-q2-update.win32_2.0.0.202105311346/tools/bin/../lib/gcc/arm-none-eabi/9.3.1/../../../../arm-none-eabi/lib/thumb/v7e-m+fp/hard\libc_nano.a(lib_a-mprec.o)
                0x000000000800a0cc                __mcmp
 .text.__mdiff  0x000000000800a104      0x110 e:/stm32cubeide_1.7.0/stm32cubeide/plugins/com.st.stm32cube.ide.mcu.externaltools.gnu-tools-for-stm32.9-2020-q2-update.win32_2.0.0.202105311346/tools/bin/../lib/gcc/arm-none-eabi/9.3.1/../../../../arm-none-eabi/lib/thumb/v7e-m+fp/hard\libc_nano.a(lib_a-mprec.o)
                0x000000000800a104                __mdiff
 .text.__d2b    0x000000000800a214       0xb8 e:/stm32cubeide_1.7.0/stm32cubeide/plugins/com.st.stm32cube.ide.mcu.externaltools.gnu-tools-for-stm32.9-2020-q2-update.win32_2.0.0.202105311346/tools/bin/../lib/gcc/arm-none-eabi/9.3.1/../../../../arm-none-eabi/lib/thumb/v7e-m+fp/hard\libc_nano.a(lib_a-mprec.o)
                0x000000000800a214                __d2b
 .text._calloc_r
                0x000000000800a2cc       0x1e e:/stm32cubeide_1.7.0/stm32cubeide/plugins/com.st.stm32cube.ide.mcu.externaltools.gnu-tools-for-stm32.9-2020-q2-update.win32_2.0.0.202105311346/tools/bin/../lib/gcc/arm-none-eabi/9.3.1/../../../../arm-none-eabi/lib/thumb/v7e-m+fp/hard\libc_nano.a(lib_a-nano-callocr.o)
                0x000000000800a2cc                _calloc_r
 *fill*         0x000000000800a2ea        0x2 
 .text._free_r  0x000000000800a2ec       0xa0 e:/stm32cubeide_1.7.0/stm32cubeide/plugins/com.st.stm32cube.ide.mcu.externaltools.gnu-tools-for-stm32.9-2020-q2-update.win32_2.0.0.202105311346/tools/bin/../lib/gcc/arm-none-eabi/9.3.1/../../../../arm-none-eabi/lib/thumb/v7e-m+fp/hard\libc_nano.a(lib_a-nano-freer.o)
                0x000000000800a2ec                _free_r
 .text._malloc_r
                0x000000000800a38c       0xb4 e:/stm32cubeide_1.7.0/stm32cubeide/plugins/com.st.stm32cube.ide.mcu.externaltools.gnu-tools-for-stm32.9-2020-q2-update.win32_2.0.0.202105311346/tools/bin/../lib/gcc/arm-none-eabi/9.3.1/../../../../arm-none-eabi/lib/thumb/v7e-m+fp/hard\libc_nano.a(lib_a-nano-mallocr.o)
                0x000000000800a38c                _malloc_r
 .text.__ssputs_r
                0x000000000800a440       0xb6 e:/stm32cubeide_1.7.0/stm32cubeide/plugins/com.st.stm32cube.ide.mcu.externaltools.gnu-tools-for-stm32.9-2020-q2-update.win32_2.0.0.202105311346/tools/bin/../lib/gcc/arm-none-eabi/9.3.1/../../../../arm-none-eabi/lib/thumb/v7e-m+fp/hard\libc_nano.a(lib_a-nano-svfprintf.o)
                0x000000000800a440                __ssputs_r
 *fill*         0x000000000800a4f6        0x2 
 .text._svfprintf_r
                0x000000000800a4f8      0x200 e:/stm32cubeide_1.7.0/stm32cubeide/plugins/com.st.stm32cube.ide.mcu.externaltools.gnu-tools-for-stm32.9-2020-q2-update.win32_2.0.0.202105311346/tools/bin/../lib/gcc/arm-none-eabi/9.3.1/../../../../arm-none-eabi/lib/thumb/v7e-m+fp/hard\libc_nano.a(lib_a-nano-svfprintf.o)
                0x000000000800a4f8                _svfiprintf_r
                0x000000000800a4f8                _svfprintf_r
 .text._sbrk_r  0x000000000800a6f8       0x20 e:/stm32cubeide_1.7.0/stm32cubeide/plugins/com.st.stm32cube.ide.mcu.externaltools.gnu-tools-for-stm32.9-2020-q2-update.win32_2.0.0.202105311346/tools/bin/../lib/gcc/arm-none-eabi/9.3.1/../../../../arm-none-eabi/lib/thumb/v7e-m+fp/hard\libc_nano.a(lib_a-sbrkr.o)
                0x000000000800a6f8                _sbrk_r
 .text.__assert_func
                0x000000000800a718       0x3c e:/stm32cubeide_1.7.0/stm32cubeide/plugins/com.st.stm32cube.ide.mcu.externaltools.gnu-tools-for-stm32.9-2020-q2-update.win32_2.0.0.202105311346/tools/bin/../lib/gcc/arm-none-eabi/9.3.1/../../../../arm-none-eabi/lib/thumb/v7e-m+fp/hard\libc_nano.a(lib_a-assert.o)
                0x000000000800a718                __assert_func
 .text.fprintf  0x000000000800a754       0x24 e:/stm32cubeide_1.7.0/stm32cubeide/plugins/com.st.stm32cube.ide.mcu.externaltools.gnu-tools-for-stm32.9-2020-q2-update.win32_2.0.0.202105311346/tools/bin/../lib/gcc/arm-none-eabi/9.3.1/../../../../arm-none-eabi/lib/thumb/v7e-m+fp/hard\libc_nano.a(lib_a-fprintf.o)
                0x000000000800a754                fiprintf
                0x000000000800a754                fprintf
 .text.__ascii_mbtowc
                0x000000000800a778       0x24 e:/stm32cubeide_1.7.0/stm32cubeide/plugins/com.st.stm32cube.ide.mcu.externaltools.gnu-tools-for-stm32.9-2020-q2-update.win32_2.0.0.202105311346/tools/bin/../lib/gcc/arm-none-eabi/9.3.1/../../../../arm-none-eabi/lib/thumb/v7e-m+fp/hard\libc_nano.a(lib_a-mbtowc_r.o)
                0x000000000800a778                __ascii_mbtowc
 .text.memmove  0x000000000800a79c       0x34 e:/stm32cubeide_1.7.0/stm32cubeide/plugins/com.st.stm32cube.ide.mcu.externaltools.gnu-tools-for-stm32.9-2020-q2-update.win32_2.0.0.202105311346/tools/bin/../lib/gcc/arm-none-eabi/9.3.1/../../../../arm-none-eabi/lib/thumb/v7e-m+fp/hard\libc_nano.a(lib_a-memmove.o)
                0x000000000800a79c                memmove
 .text.__malloc_lock
                0x000000000800a7d0        0xc e:/stm32cubeide_1.7.0/stm32cubeide/plugins/com.st.stm32cube.ide.mcu.externaltools.gnu-tools-for-stm32.9-2020-q2-update.win32_2.0.0.202105311346/tools/bin/../lib/gcc/arm-none-eabi/9.3.1/../../../../arm-none-eabi/lib/thumb/v7e-m+fp/hard\libc_nano.a(lib_a-mlock.o)
                0x000000000800a7d0                __malloc_lock
 .text.__malloc_unlock
                0x000000000800a7dc        0xc e:/stm32cubeide_1.7.0/stm32cubeide/plugins/com.st.stm32cube.ide.mcu.externaltools.gnu-tools-for-stm32.9-2020-q2-update.win32_2.0.0.202105311346/tools/bin/../lib/gcc/arm-none-eabi/9.3.1/../../../../arm-none-eabi/lib/thumb/v7e-m+fp/hard\libc_nano.a(lib_a-mlock.o)
                0x000000000800a7dc                __malloc_unlock
 .text._realloc_r
                0x000000000800a7e8       0x4c e:/stm32cubeide_1.7.0/stm32cubeide/plugins/com.st.stm32cube.ide.mcu.externaltools.gnu-tools-for-stm32.9-2020-q2-update.win32_2.0.0.202105311346/tools/bin/../lib/gcc/arm-none-eabi/9.3.1/../../../../arm-none-eabi/lib/thumb/v7e-m+fp/hard\libc_nano.a(lib_a-nano-reallocr.o)
                0x000000000800a7e8                _realloc_r
 .text.__sfputc_r
                0x000000000800a834       0x2e e:/stm32cubeide_1.7.0/stm32cubeide/plugins/com.st.stm32cube.ide.mcu.externaltools.gnu-tools-for-stm32.9-2020-q2-update.win32_2.0.0.202105311346/tools/bin/../lib/gcc/arm-none-eabi/9.3.1/../../../../arm-none-eabi/lib/thumb/v7e-m+fp/hard\libc_nano.a(lib_a-nano-vfprintf.o)
 .text.__sfputs_r
                0x000000000800a862       0x24 e:/stm32cubeide_1.7.0/stm32cubeide/plugins/com.st.stm32cube.ide.mcu.externaltools.gnu-tools-for-stm32.9-2020-q2-update.win32_2.0.0.202105311346/tools/bin/../lib/gcc/arm-none-eabi/9.3.1/../../../../arm-none-eabi/lib/thumb/v7e-m+fp/hard\libc_nano.a(lib_a-nano-vfprintf.o)
                0x000000000800a862                __sfputs_r
 *fill*         0x000000000800a886        0x2 
 .text._vfprintf_r
                0x000000000800a888      0x260 e:/stm32cubeide_1.7.0/stm32cubeide/plugins/com.st.stm32cube.ide.mcu.externaltools.gnu-tools-for-stm32.9-2020-q2-update.win32_2.0.0.202105311346/tools/bin/../lib/gcc/arm-none-eabi/9.3.1/../../../../arm-none-eabi/lib/thumb/v7e-m+fp/hard\libc_nano.a(lib_a-nano-vfprintf.o)
                0x000000000800a888                _vfprintf_r
                0x000000000800a888                _vfiprintf_r
 .text.__swbuf_r
                0x000000000800aae8       0xa4 e:/stm32cubeide_1.7.0/stm32cubeide/plugins/com.st.stm32cube.ide.mcu.externaltools.gnu-tools-for-stm32.9-2020-q2-update.win32_2.0.0.202105311346/tools/bin/../lib/gcc/arm-none-eabi/9.3.1/../../../../arm-none-eabi/lib/thumb/v7e-m+fp/hard\libc_nano.a(lib_a-wbuf.o)
                0x000000000800aae8                __swbuf_r
 .text.__ascii_wctomb
                0x000000000800ab8c       0x1a e:/stm32cubeide_1.7.0/stm32cubeide/plugins/com.st.stm32cube.ide.mcu.externaltools.gnu-tools-for-stm32.9-2020-q2-update.win32_2.0.0.202105311346/tools/bin/../lib/gcc/arm-none-eabi/9.3.1/../../../../arm-none-eabi/lib/thumb/v7e-m+fp/hard\libc_nano.a(lib_a-wctomb_r.o)
                0x000000000800ab8c                __ascii_wctomb
 *fill*         0x000000000800aba6        0x2 
 .text.__swsetup_r
                0x000000000800aba8       0xdc e:/stm32cubeide_1.7.0/stm32cubeide/plugins/com.st.stm32cube.ide.mcu.externaltools.gnu-tools-for-stm32.9-2020-q2-update.win32_2.0.0.202105311346/tools/bin/../lib/gcc/arm-none-eabi/9.3.1/../../../../arm-none-eabi/lib/thumb/v7e-m+fp/hard\libc_nano.a(lib_a-wsetup.o)
                0x000000000800aba8                __swsetup_r
 .text.abort    0x000000000800ac84        0xe e:/stm32cubeide_1.7.0/stm32cubeide/plugins/com.st.stm32cube.ide.mcu.externaltools.gnu-tools-for-stm32.9-2020-q2-update.win32_2.0.0.202105311346/tools/bin/../lib/gcc/arm-none-eabi/9.3.1/../../../../arm-none-eabi/lib/thumb/v7e-m+fp/hard\libc_nano.a(lib_a-abort.o)
                0x000000000800ac84                abort
 *fill*         0x000000000800ac92        0x2 
 .text.__sflush_r
                0x000000000800ac94      0x10c e:/stm32cubeide_1.7.0/stm32cubeide/plugins/com.st.stm32cube.ide.mcu.externaltools.gnu-tools-for-stm32.9-2020-q2-update.win32_2.0.0.202105311346/tools/bin/../lib/gcc/arm-none-eabi/9.3.1/../../../../arm-none-eabi/lib/thumb/v7e-m+fp/hard\libc_nano.a(lib_a-fflush.o)
                0x000000000800ac94                __sflush_r
 .text._fflush_r
                0x000000000800ada0       0x78 e:/stm32cubeide_1.7.0/stm32cubeide/plugins/com.st.stm32cube.ide.mcu.externaltools.gnu-tools-for-stm32.9-2020-q2-update.win32_2.0.0.202105311346/tools/bin/../lib/gcc/arm-none-eabi/9.3.1/../../../../arm-none-eabi/lib/thumb/v7e-m+fp/hard\libc_nano.a(lib_a-fflush.o)
                0x000000000800ada0                _fflush_r
 .text.std      0x000000000800ae18       0x48 e:/stm32cubeide_1.7.0/stm32cubeide/plugins/com.st.stm32cube.ide.mcu.externaltools.gnu-tools-for-stm32.9-2020-q2-update.win32_2.0.0.202105311346/tools/bin/../lib/gcc/arm-none-eabi/9.3.1/../../../../arm-none-eabi/lib/thumb/v7e-m+fp/hard\libc_nano.a(lib_a-findfp.o)
 .text._cleanup_r
                0x000000000800ae60        0xc e:/stm32cubeide_1.7.0/stm32cubeide/plugins/com.st.stm32cube.ide.mcu.externaltools.gnu-tools-for-stm32.9-2020-q2-update.win32_2.0.0.202105311346/tools/bin/../lib/gcc/arm-none-eabi/9.3.1/../../../../arm-none-eabi/lib/thumb/v7e-m+fp/hard\libc_nano.a(lib_a-findfp.o)
                0x000000000800ae60                _cleanup_r
 .text.__sfmoreglue
                0x000000000800ae6c       0x2c e:/stm32cubeide_1.7.0/stm32cubeide/plugins/com.st.stm32cube.ide.mcu.externaltools.gnu-tools-for-stm32.9-2020-q2-update.win32_2.0.0.202105311346/tools/bin/../lib/gcc/arm-none-eabi/9.3.1/../../../../arm-none-eabi/lib/thumb/v7e-m+fp/hard\libc_nano.a(lib_a-findfp.o)
                0x000000000800ae6c                __sfmoreglue
 .text.__sfp_lock_acquire
                0x000000000800ae98        0xc e:/stm32cubeide_1.7.0/stm32cubeide/plugins/com.st.stm32cube.ide.mcu.externaltools.gnu-tools-for-stm32.9-2020-q2-update.win32_2.0.0.202105311346/tools/bin/../lib/gcc/arm-none-eabi/9.3.1/../../../../arm-none-eabi/lib/thumb/v7e-m+fp/hard\libc_nano.a(lib_a-findfp.o)
                0x000000000800ae98                __sfp_lock_acquire
 .text.__sfp_lock_release
                0x000000000800aea4        0xc e:/stm32cubeide_1.7.0/stm32cubeide/plugins/com.st.stm32cube.ide.mcu.externaltools.gnu-tools-for-stm32.9-2020-q2-update.win32_2.0.0.202105311346/tools/bin/../lib/gcc/arm-none-eabi/9.3.1/../../../../arm-none-eabi/lib/thumb/v7e-m+fp/hard\libc_nano.a(lib_a-findfp.o)
                0x000000000800aea4                __sfp_lock_release
 .text.__sinit_lock_acquire
                0x000000000800aeb0        0xc e:/stm32cubeide_1.7.0/stm32cubeide/plugins/com.st.stm32cube.ide.mcu.externaltools.gnu-tools-for-stm32.9-2020-q2-update.win32_2.0.0.202105311346/tools/bin/../lib/gcc/arm-none-eabi/9.3.1/../../../../arm-none-eabi/lib/thumb/v7e-m+fp/hard\libc_nano.a(lib_a-findfp.o)
                0x000000000800aeb0                __sinit_lock_acquire
 .text.__sinit_lock_release
                0x000000000800aebc        0xc e:/stm32cubeide_1.7.0/stm32cubeide/plugins/com.st.stm32cube.ide.mcu.externaltools.gnu-tools-for-stm32.9-2020-q2-update.win32_2.0.0.202105311346/tools/bin/../lib/gcc/arm-none-eabi/9.3.1/../../../../arm-none-eabi/lib/thumb/v7e-m+fp/hard\libc_nano.a(lib_a-findfp.o)
                0x000000000800aebc                __sinit_lock_release
 .text.__sinit  0x000000000800aec8       0x70 e:/stm32cubeide_1.7.0/stm32cubeide/plugins/com.st.stm32cube.ide.mcu.externaltools.gnu-tools-for-stm32.9-2020-q2-update.win32_2.0.0.202105311346/tools/bin/../lib/gcc/arm-none-eabi/9.3.1/../../../../arm-none-eabi/lib/thumb/v7e-m+fp/hard\libc_nano.a(lib_a-findfp.o)
                0x000000000800aec8                __sinit
 .text.__sfp    0x000000000800af38       0x8c e:/stm32cubeide_1.7.0/stm32cubeide/plugins/com.st.stm32cube.ide.mcu.externaltools.gnu-tools-for-stm32.9-2020-q2-update.win32_2.0.0.202105311346/tools/bin/../lib/gcc/arm-none-eabi/9.3.1/../../../../arm-none-eabi/lib/thumb/v7e-m+fp/hard\libc_nano.a(lib_a-findfp.o)
                0x000000000800af38                __sfp
 .text._fwalk_reent
                0x000000000800afc4       0x3e e:/stm32cubeide_1.7.0/stm32cubeide/plugins/com.st.stm32cube.ide.mcu.externaltools.gnu-tools-for-stm32.9-2020-q2-update.win32_2.0.0.202105311346/tools/bin/../lib/gcc/arm-none-eabi/9.3.1/../../../../arm-none-eabi/lib/thumb/v7e-m+fp/hard\libc_nano.a(lib_a-fwalk.o)
                0x000000000800afc4                _fwalk_reent
 .text.__retarget_lock_init_recursive
                0x000000000800b002        0x2 e:/stm32cubeide_1.7.0/stm32cubeide/plugins/com.st.stm32cube.ide.mcu.externaltools.gnu-tools-for-stm32.9-2020-q2-update.win32_2.0.0.202105311346/tools/bin/../lib/gcc/arm-none-eabi/9.3.1/../../../../arm-none-eabi/lib/thumb/v7e-m+fp/hard\libc_nano.a(lib_a-lock.o)
                0x000000000800b002                __retarget_lock_init_recursive
 .text.__retarget_lock_acquire_recursive
                0x000000000800b004        0x2 e:/stm32cubeide_1.7.0/stm32cubeide/plugins/com.st.stm32cube.ide.mcu.externaltools.gnu-tools-for-stm32.9-2020-q2-update.win32_2.0.0.202105311346/tools/bin/../lib/gcc/arm-none-eabi/9.3.1/../../../../arm-none-eabi/lib/thumb/v7e-m+fp/hard\libc_nano.a(lib_a-lock.o)
                0x000000000800b004                __retarget_lock_acquire_recursive
 .text.__retarget_lock_release_recursive
                0x000000000800b006        0x2 e:/stm32cubeide_1.7.0/stm32cubeide/plugins/com.st.stm32cube.ide.mcu.externaltools.gnu-tools-for-stm32.9-2020-q2-update.win32_2.0.0.202105311346/tools/bin/../lib/gcc/arm-none-eabi/9.3.1/../../../../arm-none-eabi/lib/thumb/v7e-m+fp/hard\libc_nano.a(lib_a-lock.o)
                0x000000000800b006                __retarget_lock_release_recursive
 .text.__swhatbuf_r
                0x000000000800b008       0x48 e:/stm32cubeide_1.7.0/stm32cubeide/plugins/com.st.stm32cube.ide.mcu.externaltools.gnu-tools-for-stm32.9-2020-q2-update.win32_2.0.0.202105311346/tools/bin/../lib/gcc/arm-none-eabi/9.3.1/../../../../arm-none-eabi/lib/thumb/v7e-m+fp/hard\libc_nano.a(lib_a-makebuf.o)
                0x000000000800b008                __swhatbuf_r
 .text.__smakebuf_r
                0x000000000800b050       0x80 e:/stm32cubeide_1.7.0/stm32cubeide/plugins/com.st.stm32cube.ide.mcu.externaltools.gnu-tools-for-stm32.9-2020-q2-update.win32_2.0.0.202105311346/tools/bin/../lib/gcc/arm-none-eabi/9.3.1/../../../../arm-none-eabi/lib/thumb/v7e-m+fp/hard\libc_nano.a(lib_a-makebuf.o)
                0x000000000800b050                __smakebuf_r
 .text._malloc_usable_size_r
                0x000000000800b0d0       0x10 e:/stm32cubeide_1.7.0/stm32cubeide/plugins/com.st.stm32cube.ide.mcu.externaltools.gnu-tools-for-stm32.9-2020-q2-update.win32_2.0.0.202105311346/tools/bin/../lib/gcc/arm-none-eabi/9.3.1/../../../../arm-none-eabi/lib/thumb/v7e-m+fp/hard\libc_nano.a(lib_a-nano-msizer.o)
                0x000000000800b0d0                _malloc_usable_size_r
 .text._raise_r